<?xml version="1.0" encoding="ISO-8859-1" ?>
<link_info>
   <banner>MSP430 Linker PC v21.6.1.LTS</banner>
   <copyright>Copyright (c) 2003-2018 Texas Instruments Incorporated</copyright>
   <link_time>0x678f2a34</link_time>
   <link_errors>0x0</link_errors>
   <output_file>Puka_20.out</output_file>
   <entry_point>
      <name>_c_int00_noargs</name>
      <address>0x44de</address>
   </entry_point>
   <input_file_list>
      <input_file id="fl-2">
         <path>.\</path>
         <kind>object</kind>
         <file>Estados.obj</file>
         <name>Estados.obj</name>
      </input_file>
      <input_file id="fl-3">
         <path>.\</path>
         <kind>object</kind>
         <file>Gpio.obj</file>
         <name>Gpio.obj</name>
      </input_file>
      <input_file id="fl-4">
         <path>.\</path>
         <kind>object</kind>
         <file>Gprs.obj</file>
         <name>Gprs.obj</name>
      </input_file>
      <input_file id="fl-5">
         <path>.\</path>
         <kind>object</kind>
         <file>Gps.obj</file>
         <name>Gps.obj</name>
      </input_file>
      <input_file id="fl-6">
         <path>.\</path>
         <kind>object</kind>
         <file>Int.obj</file>
         <name>Int.obj</name>
      </input_file>
      <input_file id="fl-7">
         <path>.\</path>
         <kind>object</kind>
         <file>Lcd.obj</file>
         <name>Lcd.obj</name>
      </input_file>
      <input_file id="fl-8">
         <path>.\</path>
         <kind>object</kind>
         <file>Modos.obj</file>
         <name>Modos.obj</name>
      </input_file>
      <input_file id="fl-9">
         <path>.\</path>
         <kind>object</kind>
         <file>Mpu.obj</file>
         <name>Mpu.obj</name>
      </input_file>
      <input_file id="fl-a">
         <path>.\</path>
         <kind>object</kind>
         <file>Puka.obj</file>
         <name>Puka.obj</name>
      </input_file>
      <input_file id="fl-b">
         <path>.\</path>
         <kind>object</kind>
         <file>Rtc.obj</file>
         <name>Rtc.obj</name>
      </input_file>
      <input_file id="fl-c">
         <path>.\</path>
         <kind>object</kind>
         <file>Serial.obj</file>
         <name>Serial.obj</name>
      </input_file>
      <input_file id="fl-d">
         <path>.\</path>
         <kind>object</kind>
         <file>Strings.obj</file>
         <name>Strings.obj</name>
      </input_file>
      <input_file id="fl-e">
         <path>.\</path>
         <kind>object</kind>
         <file>Timer.obj</file>
         <name>Timer.obj</name>
      </input_file>
      <input_file id="fl-f">
         <path>.\</path>
         <kind>object</kind>
         <file>Wq.obj</file>
         <name>Wq.obj</name>
      </input_file>
      <input_file id="fl-15">
         <kind>object</kind>
         <file>&lt;internal&gt;</file>
         <name>&lt;internal&gt;</name>
      </input_file>
      <input_file id="fl-30">
         <path>C:\ti\ccs1250\ccs\tools\compiler\ti-cgt-msp430_21.6.1.LTS\lib\</path>
         <kind>archive</kind>
         <file>rts430x_lc_rd_eabi.lib</file>
         <name>asr32.asm.obj</name>
      </input_file>
      <input_file id="fl-31">
         <path>C:\ti\ccs1250\ccs\tools\compiler\ti-cgt-msp430_21.6.1.LTS\lib\</path>
         <kind>archive</kind>
         <file>rts430x_lc_rd_eabi.lib</file>
         <name>div16s.asm.obj</name>
      </input_file>
      <input_file id="fl-32">
         <path>C:\ti\ccs1250\ccs\tools\compiler\ti-cgt-msp430_21.6.1.LTS\lib\</path>
         <kind>archive</kind>
         <file>rts430x_lc_rd_eabi.lib</file>
         <name>div16u.asm.obj</name>
      </input_file>
      <input_file id="fl-33">
         <path>C:\ti\ccs1250\ccs\tools\compiler\ti-cgt-msp430_21.6.1.LTS\lib\</path>
         <kind>archive</kind>
         <file>rts430x_lc_rd_eabi.lib</file>
         <name>div32s.asm.obj</name>
      </input_file>
      <input_file id="fl-34">
         <path>C:\ti\ccs1250\ccs\tools\compiler\ti-cgt-msp430_21.6.1.LTS\lib\</path>
         <kind>archive</kind>
         <file>rts430x_lc_rd_eabi.lib</file>
         <name>div32u.asm.obj</name>
      </input_file>
      <input_file id="fl-35">
         <path>C:\ti\ccs1250\ccs\tools\compiler\ti-cgt-msp430_21.6.1.LTS\lib\</path>
         <kind>archive</kind>
         <file>rts430x_lc_rd_eabi.lib</file>
         <name>fs_add.asm.obj</name>
      </input_file>
      <input_file id="fl-36">
         <path>C:\ti\ccs1250\ccs\tools\compiler\ti-cgt-msp430_21.6.1.LTS\lib\</path>
         <kind>archive</kind>
         <file>rts430x_lc_rd_eabi.lib</file>
         <name>fs_cmp.asm.obj</name>
      </input_file>
      <input_file id="fl-37">
         <path>C:\ti\ccs1250\ccs\tools\compiler\ti-cgt-msp430_21.6.1.LTS\lib\</path>
         <kind>archive</kind>
         <file>rts430x_lc_rd_eabi.lib</file>
         <name>fs_div.asm.obj</name>
      </input_file>
      <input_file id="fl-38">
         <path>C:\ti\ccs1250\ccs\tools\compiler\ti-cgt-msp430_21.6.1.LTS\lib\</path>
         <kind>archive</kind>
         <file>rts430x_lc_rd_eabi.lib</file>
         <name>fs_itof.asm.obj</name>
      </input_file>
      <input_file id="fl-39">
         <path>C:\ti\ccs1250\ccs\tools\compiler\ti-cgt-msp430_21.6.1.LTS\lib\</path>
         <kind>archive</kind>
         <file>rts430x_lc_rd_eabi.lib</file>
         <name>fs_ltof.asm.obj</name>
      </input_file>
      <input_file id="fl-3a">
         <path>C:\ti\ccs1250\ccs\tools\compiler\ti-cgt-msp430_21.6.1.LTS\lib\</path>
         <kind>archive</kind>
         <file>rts430x_lc_rd_eabi.lib</file>
         <name>fs_mpy.asm.obj</name>
      </input_file>
      <input_file id="fl-3b">
         <path>C:\ti\ccs1250\ccs\tools\compiler\ti-cgt-msp430_21.6.1.LTS\lib\</path>
         <kind>archive</kind>
         <file>rts430x_lc_rd_eabi.lib</file>
         <name>fs_neg.asm.obj</name>
      </input_file>
      <input_file id="fl-3c">
         <path>C:\ti\ccs1250\ccs\tools\compiler\ti-cgt-msp430_21.6.1.LTS\lib\</path>
         <kind>archive</kind>
         <file>rts430x_lc_rd_eabi.lib</file>
         <name>fs_toi.asm.obj</name>
      </input_file>
      <input_file id="fl-3d">
         <path>C:\ti\ccs1250\ccs\tools\compiler\ti-cgt-msp430_21.6.1.LTS\lib\</path>
         <kind>archive</kind>
         <file>rts430x_lc_rd_eabi.lib</file>
         <name>fs_utof.asm.obj</name>
      </input_file>
      <input_file id="fl-3e">
         <path>C:\ti\ccs1250\ccs\tools\compiler\ti-cgt-msp430_21.6.1.LTS\lib\</path>
         <kind>archive</kind>
         <file>rts430x_lc_rd_eabi.lib</file>
         <name>int41.asm.obj</name>
      </input_file>
      <input_file id="fl-3f">
         <path>C:\ti\ccs1250\ccs\tools\compiler\ti-cgt-msp430_21.6.1.LTS\lib\</path>
         <kind>archive</kind>
         <file>rts430x_lc_rd_eabi.lib</file>
         <name>int42.asm.obj</name>
      </input_file>
      <input_file id="fl-40">
         <path>C:\ti\ccs1250\ccs\tools\compiler\ti-cgt-msp430_21.6.1.LTS\lib\</path>
         <kind>archive</kind>
         <file>rts430x_lc_rd_eabi.lib</file>
         <name>int43.asm.obj</name>
      </input_file>
      <input_file id="fl-41">
         <path>C:\ti\ccs1250\ccs\tools\compiler\ti-cgt-msp430_21.6.1.LTS\lib\</path>
         <kind>archive</kind>
         <file>rts430x_lc_rd_eabi.lib</file>
         <name>int45.asm.obj</name>
      </input_file>
      <input_file id="fl-42">
         <path>C:\ti\ccs1250\ccs\tools\compiler\ti-cgt-msp430_21.6.1.LTS\lib\</path>
         <kind>archive</kind>
         <file>rts430x_lc_rd_eabi.lib</file>
         <name>int49.asm.obj</name>
      </input_file>
      <input_file id="fl-43">
         <path>C:\ti\ccs1250\ccs\tools\compiler\ti-cgt-msp430_21.6.1.LTS\lib\</path>
         <kind>archive</kind>
         <file>rts430x_lc_rd_eabi.lib</file>
         <name>int51.asm.obj</name>
      </input_file>
      <input_file id="fl-44">
         <path>C:\ti\ccs1250\ccs\tools\compiler\ti-cgt-msp430_21.6.1.LTS\lib\</path>
         <kind>archive</kind>
         <file>rts430x_lc_rd_eabi.lib</file>
         <name>int52.asm.obj</name>
      </input_file>
      <input_file id="fl-45">
         <path>C:\ti\ccs1250\ccs\tools\compiler\ti-cgt-msp430_21.6.1.LTS\lib\</path>
         <kind>archive</kind>
         <file>rts430x_lc_rd_eabi.lib</file>
         <name>int54.asm.obj</name>
      </input_file>
      <input_file id="fl-46">
         <path>C:\ti\ccs1250\ccs\tools\compiler\ti-cgt-msp430_21.6.1.LTS\lib\</path>
         <kind>archive</kind>
         <file>rts430x_lc_rd_eabi.lib</file>
         <name>int55.asm.obj</name>
      </input_file>
      <input_file id="fl-47">
         <path>C:\ti\ccs1250\ccs\tools\compiler\ti-cgt-msp430_21.6.1.LTS\lib\</path>
         <kind>archive</kind>
         <file>rts430x_lc_rd_eabi.lib</file>
         <name>int57.asm.obj</name>
      </input_file>
      <input_file id="fl-48">
         <path>C:\ti\ccs1250\ccs\tools\compiler\ti-cgt-msp430_21.6.1.LTS\lib\</path>
         <kind>archive</kind>
         <file>rts430x_lc_rd_eabi.lib</file>
         <name>int58.asm.obj</name>
      </input_file>
      <input_file id="fl-49">
         <path>C:\ti\ccs1250\ccs\tools\compiler\ti-cgt-msp430_21.6.1.LTS\lib\</path>
         <kind>archive</kind>
         <file>rts430x_lc_rd_eabi.lib</file>
         <name>int59.asm.obj</name>
      </input_file>
      <input_file id="fl-4a">
         <path>C:\ti\ccs1250\ccs\tools\compiler\ti-cgt-msp430_21.6.1.LTS\lib\</path>
         <kind>archive</kind>
         <file>rts430x_lc_rd_eabi.lib</file>
         <name>int60.asm.obj</name>
      </input_file>
      <input_file id="fl-4b">
         <path>C:\ti\ccs1250\ccs\tools\compiler\ti-cgt-msp430_21.6.1.LTS\lib\</path>
         <kind>archive</kind>
         <file>rts430x_lc_rd_eabi.lib</file>
         <name>int61.asm.obj</name>
      </input_file>
      <input_file id="fl-4c">
         <path>C:\ti\ccs1250\ccs\tools\compiler\ti-cgt-msp430_21.6.1.LTS\lib\</path>
         <kind>archive</kind>
         <file>rts430x_lc_rd_eabi.lib</file>
         <name>int62.asm.obj</name>
      </input_file>
      <input_file id="fl-4d">
         <path>C:\ti\ccs1250\ccs\tools\compiler\ti-cgt-msp430_21.6.1.LTS\lib\</path>
         <kind>archive</kind>
         <file>rts430x_lc_rd_eabi.lib</file>
         <name>isr_trap.asm.obj</name>
      </input_file>
      <input_file id="fl-4e">
         <path>C:\ti\ccs1250\ccs\tools\compiler\ti-cgt-msp430_21.6.1.LTS\lib\</path>
         <kind>archive</kind>
         <file>rts430x_lc_rd_eabi.lib</file>
         <name>lsl32.asm.obj</name>
      </input_file>
      <input_file id="fl-4f">
         <path>C:\ti\ccs1250\ccs\tools\compiler\ti-cgt-msp430_21.6.1.LTS\lib\</path>
         <kind>archive</kind>
         <file>rts430x_lc_rd_eabi.lib</file>
         <name>mult16.asm.obj</name>
      </input_file>
      <input_file id="fl-50">
         <path>C:\ti\ccs1250\ccs\tools\compiler\ti-cgt-msp430_21.6.1.LTS\lib\</path>
         <kind>archive</kind>
         <file>rts430x_lc_rd_eabi.lib</file>
         <name>mult16_f5hw.asm.obj</name>
      </input_file>
      <input_file id="fl-51">
         <path>C:\ti\ccs1250\ccs\tools\compiler\ti-cgt-msp430_21.6.1.LTS\lib\</path>
         <kind>archive</kind>
         <file>rts430x_lc_rd_eabi.lib</file>
         <name>mult1632_f5hw.asm.obj</name>
      </input_file>
      <input_file id="fl-52">
         <path>C:\ti\ccs1250\ccs\tools\compiler\ti-cgt-msp430_21.6.1.LTS\lib\</path>
         <kind>archive</kind>
         <file>rts430x_lc_rd_eabi.lib</file>
         <name>mult32.asm.obj</name>
      </input_file>
      <input_file id="fl-53">
         <path>C:\ti\ccs1250\ccs\tools\compiler\ti-cgt-msp430_21.6.1.LTS\lib\</path>
         <kind>archive</kind>
         <file>rts430x_lc_rd_eabi.lib</file>
         <name>mult32_f5hw.asm.obj</name>
      </input_file>
      <input_file id="fl-54">
         <path>C:\ti\ccs1250\ccs\tools\compiler\ti-cgt-msp430_21.6.1.LTS\lib\</path>
         <kind>archive</kind>
         <file>rts430x_lc_rd_eabi.lib</file>
         <name>mult3264_f5hw.asm.obj</name>
      </input_file>
      <input_file id="fl-55">
         <path>C:\ti\ccs1250\ccs\tools\compiler\ti-cgt-msp430_21.6.1.LTS\lib\</path>
         <kind>archive</kind>
         <file>rts430x_lc_rd_eabi.lib</file>
         <name>mult64_f5hw.asm.obj</name>
      </input_file>
      <input_file id="fl-56">
         <path>C:\ti\ccs1250\ccs\tools\compiler\ti-cgt-msp430_21.6.1.LTS\lib\</path>
         <kind>archive</kind>
         <file>rts430x_lc_rd_eabi.lib</file>
         <name>boot.c.obj</name>
      </input_file>
      <input_file id="fl-57">
         <path>C:\ti\ccs1250\ccs\tools\compiler\ti-cgt-msp430_21.6.1.LTS\lib\</path>
         <kind>archive</kind>
         <file>rts430x_lc_rd_eabi.lib</file>
         <name>autoinit.c.obj</name>
      </input_file>
      <input_file id="fl-58">
         <path>C:\ti\ccs1250\ccs\tools\compiler\ti-cgt-msp430_21.6.1.LTS\lib\</path>
         <kind>archive</kind>
         <file>rts430x_lc_rd_eabi.lib</file>
         <name>copy_zero_init.c.obj</name>
      </input_file>
      <input_file id="fl-59">
         <path>C:\ti\ccs1250\ccs\tools\compiler\ti-cgt-msp430_21.6.1.LTS\lib\</path>
         <kind>archive</kind>
         <file>rts430x_lc_rd_eabi.lib</file>
         <name>cpy_tbl.c.obj</name>
      </input_file>
      <input_file id="fl-5a">
         <path>C:\ti\ccs1250\ccs\tools\compiler\ti-cgt-msp430_21.6.1.LTS\lib\</path>
         <kind>archive</kind>
         <file>rts430x_lc_rd_eabi.lib</file>
         <name>mpu_init.c.obj</name>
      </input_file>
      <input_file id="fl-5b">
         <path>C:\ti\ccs1250\ccs\tools\compiler\ti-cgt-msp430_21.6.1.LTS\lib\</path>
         <kind>archive</kind>
         <file>rts430x_lc_rd_eabi.lib</file>
         <name>pre_init.c.obj</name>
      </input_file>
      <input_file id="fl-5c">
         <path>C:\ti\ccs1250\ccs\tools\compiler\ti-cgt-msp430_21.6.1.LTS\lib\</path>
         <kind>archive</kind>
         <file>rts430x_lc_rd_eabi.lib</file>
         <name>startup.c.obj</name>
      </input_file>
      <input_file id="fl-5d">
         <path>C:\ti\ccs1250\ccs\tools\compiler\ti-cgt-msp430_21.6.1.LTS\lib\</path>
         <kind>archive</kind>
         <file>rts430x_lc_rd_eabi.lib</file>
         <name>copy_decompress_none.c.obj</name>
      </input_file>
      <input_file id="fl-5e">
         <path>C:\ti\ccs1250\ccs\tools\compiler\ti-cgt-msp430_21.6.1.LTS\lib\</path>
         <kind>archive</kind>
         <file>rts430x_lc_rd_eabi.lib</file>
         <name>copy_decompress_lzss.c.obj</name>
      </input_file>
      <input_file id="fl-5f">
         <path>C:\ti\ccs1250\ccs\tools\compiler\ti-cgt-msp430_21.6.1.LTS\lib\</path>
         <kind>archive</kind>
         <file>rts430x_lc_rd_eabi.lib</file>
         <name>cvtdf.c.obj</name>
      </input_file>
      <input_file id="fl-60">
         <path>C:\ti\ccs1250\ccs\tools\compiler\ti-cgt-msp430_21.6.1.LTS\lib\</path>
         <kind>archive</kind>
         <file>rts430x_lc_rd_eabi.lib</file>
         <name>addd.c.obj</name>
      </input_file>
      <input_file id="fl-61">
         <path>C:\ti\ccs1250\ccs\tools\compiler\ti-cgt-msp430_21.6.1.LTS\lib\</path>
         <kind>archive</kind>
         <file>rts430x_lc_rd_eabi.lib</file>
         <name>cmpd.c.obj</name>
      </input_file>
      <input_file id="fl-62">
         <path>C:\ti\ccs1250\ccs\tools\compiler\ti-cgt-msp430_21.6.1.LTS\lib\</path>
         <kind>archive</kind>
         <file>rts430x_lc_rd_eabi.lib</file>
         <name>cvtfd.c.obj</name>
      </input_file>
      <input_file id="fl-63">
         <path>C:\ti\ccs1250\ccs\tools\compiler\ti-cgt-msp430_21.6.1.LTS\lib\</path>
         <kind>archive</kind>
         <file>rts430x_lc_rd_eabi.lib</file>
         <name>divd.c.obj</name>
      </input_file>
      <input_file id="fl-64">
         <path>C:\ti\ccs1250\ccs\tools\compiler\ti-cgt-msp430_21.6.1.LTS\lib\</path>
         <kind>archive</kind>
         <file>rts430x_lc_rd_eabi.lib</file>
         <name>fixdi.c.obj</name>
      </input_file>
      <input_file id="fl-65">
         <path>C:\ti\ccs1250\ccs\tools\compiler\ti-cgt-msp430_21.6.1.LTS\lib\</path>
         <kind>archive</kind>
         <file>rts430x_lc_rd_eabi.lib</file>
         <name>fixdli.c.obj</name>
      </input_file>
      <input_file id="fl-66">
         <path>C:\ti\ccs1250\ccs\tools\compiler\ti-cgt-msp430_21.6.1.LTS\lib\</path>
         <kind>archive</kind>
         <file>rts430x_lc_rd_eabi.lib</file>
         <name>fltid.c.obj</name>
      </input_file>
      <input_file id="fl-67">
         <path>C:\ti\ccs1250\ccs\tools\compiler\ti-cgt-msp430_21.6.1.LTS\lib\</path>
         <kind>archive</kind>
         <file>rts430x_lc_rd_eabi.lib</file>
         <name>fltlid.c.obj</name>
      </input_file>
      <input_file id="fl-68">
         <path>C:\ti\ccs1250\ccs\tools\compiler\ti-cgt-msp430_21.6.1.LTS\lib\</path>
         <kind>archive</kind>
         <file>rts430x_lc_rd_eabi.lib</file>
         <name>fltud.c.obj</name>
      </input_file>
      <input_file id="fl-69">
         <path>C:\ti\ccs1250\ccs\tools\compiler\ti-cgt-msp430_21.6.1.LTS\lib\</path>
         <kind>archive</kind>
         <file>rts430x_lc_rd_eabi.lib</file>
         <name>fltuld.c.obj</name>
      </input_file>
      <input_file id="fl-6a">
         <path>C:\ti\ccs1250\ccs\tools\compiler\ti-cgt-msp430_21.6.1.LTS\lib\</path>
         <kind>archive</kind>
         <file>rts430x_lc_rd_eabi.lib</file>
         <name>frcdivd.c.obj</name>
      </input_file>
      <input_file id="fl-6b">
         <path>C:\ti\ccs1250\ccs\tools\compiler\ti-cgt-msp430_21.6.1.LTS\lib\</path>
         <kind>archive</kind>
         <file>rts430x_lc_rd_eabi.lib</file>
         <name>mpyd.c.obj</name>
      </input_file>
      <input_file id="fl-6c">
         <path>C:\ti\ccs1250\ccs\tools\compiler\ti-cgt-msp430_21.6.1.LTS\lib\</path>
         <kind>archive</kind>
         <file>rts430x_lc_rd_eabi.lib</file>
         <name>negd.c.obj</name>
      </input_file>
      <input_file id="fl-6d">
         <path>C:\ti\ccs1250\ccs\tools\compiler\ti-cgt-msp430_21.6.1.LTS\lib\</path>
         <kind>archive</kind>
         <file>rts430x_lc_rd_eabi.lib</file>
         <name>subd.c.obj</name>
      </input_file>
      <input_file id="fl-6e">
         <path>C:\ti\ccs1250\ccs\tools\compiler\ti-cgt-msp430_21.6.1.LTS\lib\</path>
         <kind>archive</kind>
         <file>rts430x_lc_rd_eabi.lib</file>
         <name>exit.c.obj</name>
      </input_file>
      <input_file id="fl-6f">
         <path>C:\ti\ccs1250\ccs\tools\compiler\ti-cgt-msp430_21.6.1.LTS\lib\</path>
         <kind>archive</kind>
         <file>rts430x_lc_rd_eabi.lib</file>
         <name>_lock.c.obj</name>
      </input_file>
      <input_file id="fl-70">
         <path>C:\ti\ccs1250\ccs\tools\compiler\ti-cgt-msp430_21.6.1.LTS\lib\</path>
         <kind>archive</kind>
         <file>rts430x_lc_rd_eabi.lib</file>
         <name>args_main.c.obj</name>
      </input_file>
      <input_file id="fl-71">
         <path>C:\ti\ccs1250\ccs\tools\compiler\ti-cgt-msp430_21.6.1.LTS\lib\</path>
         <kind>archive</kind>
         <file>rts430x_lc_rd_eabi.lib</file>
         <name>memcpy.c.obj</name>
      </input_file>
      <input_file id="fl-72">
         <path>C:\ti\ccs1250\ccs\tools\compiler\ti-cgt-msp430_21.6.1.LTS\lib\</path>
         <kind>archive</kind>
         <file>rts430x_lc_rd_eabi.lib</file>
         <name>abs.c.obj</name>
      </input_file>
      <input_file id="fl-73">
         <path>C:\ti\ccs1250\ccs\tools\compiler\ti-cgt-msp430_21.6.1.LTS\lib\</path>
         <kind>archive</kind>
         <file>rts430x_lc_rd_eabi.lib</file>
         <name>lsr32.asm.obj</name>
      </input_file>
      <input_file id="fl-74">
         <path>C:\ti\ccs1250\ccs\tools\compiler\ti-cgt-msp430_21.6.1.LTS\lib\</path>
         <kind>archive</kind>
         <file>rts430x_lc_rd_eabi.lib</file>
         <name>exit_gvars.c.obj</name>
      </input_file>
      <input_file id="fl-75">
         <path>C:\ti\ccs1250\ccs\tools\compiler\ti-cgt-msp430_21.6.1.LTS\lib\</path>
         <kind>archive</kind>
         <file>rts430x_lc_rd_eabi.lib</file>
         <name>asr64.c.obj</name>
      </input_file>
      <input_file id="fl-76">
         <path>C:\ti\ccs1250\ccs\tools\compiler\ti-cgt-msp430_21.6.1.LTS\lib\</path>
         <kind>archive</kind>
         <file>rts430x_lc_rd_eabi.lib</file>
         <name>lsl64.c.obj</name>
      </input_file>
      <input_file id="fl-77">
         <path>C:\ti\ccs1250\ccs\tools\compiler\ti-cgt-msp430_21.6.1.LTS\lib\</path>
         <kind>archive</kind>
         <file>rts430x_lc_rd_eabi.lib</file>
         <name>lsr64.c.obj</name>
      </input_file>
      <input_file id="fl-78">
         <path>C:\ti\ccs1250\ccs\tools\compiler\ti-cgt-msp430_21.6.1.LTS\lib\</path>
         <kind>archive</kind>
         <file>rts430x_lc_rd_eabi.lib</file>
         <name>frcmpyd.c.obj</name>
      </input_file>
      <input_file id="fl-79">
         <path>C:\ti\ccs1250\ccs\tools\compiler\ti-cgt-msp430_21.6.1.LTS\lib\</path>
         <kind>archive</kind>
         <file>rts430x_lc_rd_eabi.lib</file>
         <name>mult3264.asm.obj</name>
      </input_file>
      <input_file id="fl-7a">
         <path>C:\ti\ccs1250\ccs\tools\compiler\ti-cgt-msp430_21.6.1.LTS\lib\</path>
         <kind>archive</kind>
         <file>rts430x_lc_rd_eabi.lib</file>
         <name>mult64.asm.obj</name>
      </input_file>
      <input_file id="fl-7b">
         <path>C:\ti\ccs1250\ccs\tools\compiler\ti-cgt-msp430_21.6.1.LTS\lib\</path>
         <kind>archive</kind>
         <file>rts430x_lc_rd_eabi.lib</file>
         <name>mult1632.asm.obj</name>
      </input_file>
   </input_file_list>
   <object_component_list>
      <object_component id="oc-859">
         <name>.common:estado_i</name>
         <uninitialized>true</uninitialized>
         <run_address>0x27a4</run_address>
         <size>0x2</size>
      </object_component>
      <object_component id="oc-85c">
         <name>.common:estado_y</name>
         <uninitialized>true</uninitialized>
         <run_address>0x27a6</run_address>
         <size>0x2</size>
      </object_component>
      <object_component id="oc-99c">
         <name>.common:estado_comando</name>
         <uninitialized>true</uninitialized>
         <run_address>0x26aa</run_address>
         <size>0x18</size>
      </object_component>
      <object_component id="oc-8ff">
         <name>.common:estado_puka</name>
         <uninitialized>true</uninitialized>
         <run_address>0x274a</run_address>
         <size>0xa</size>
      </object_component>
      <object_component id="oc-85d">
         <name>.common:wr_address_mem</name>
         <uninitialized>true</uninitialized>
         <run_address>0x278c</run_address>
         <size>0x4</size>
      </object_component>
      <object_component id="oc-a44">
         <name>.common:n_rd</name>
         <uninitialized>true</uninitialized>
         <run_address>0x27c6</run_address>
         <size>0x2</size>
      </object_component>
      <object_component id="oc-a45">
         <name>.common:m_rd</name>
         <uninitialized>true</uninitialized>
         <run_address>0x27b8</run_address>
         <size>0x2</size>
      </object_component>
      <object_component id="oc-50b">
         <name>.common:modo</name>
         <uninitialized>true</uninitialized>
         <run_address>0x27e0</run_address>
         <size>0x1</size>
      </object_component>
      <object_component id="oc-504">
         <name>.common:mpu_tem</name>
         <uninitialized>true</uninitialized>
         <run_address>0x27e1</run_address>
         <size>0x1</size>
      </object_component>
      <object_component id="oc-425">
         <name>.common:crono_cont</name>
         <uninitialized>true</uninitialized>
         <run_address>0x27a2</run_address>
         <size>0x2</size>
      </object_component>
      <object_component id="oc-414">
         <name>.common:flag_c_seg</name>
         <uninitialized>true</uninitialized>
         <run_address>0x27d2</run_address>
         <size>0x1</size>
      </object_component>
      <object_component id="oc-417">
         <name>.common:flag_d_seg</name>
         <uninitialized>true</uninitialized>
         <run_address>0x27d3</run_address>
         <size>0x1</size>
      </object_component>
      <object_component id="oc-419">
         <name>.common:flag_seg</name>
         <uninitialized>true</uninitialized>
         <run_address>0x27d4</run_address>
         <size>0x1</size>
      </object_component>
      <object_component id="oc-415">
         <name>.common:cont_c_seg</name>
         <uninitialized>true</uninitialized>
         <run_address>0x27ce</run_address>
         <size>0x1</size>
      </object_component>
      <object_component id="oc-416">
         <name>.common:cont_d_seg</name>
         <uninitialized>true</uninitialized>
         <run_address>0x27cf</run_address>
         <size>0x1</size>
      </object_component>
      <object_component id="oc-418">
         <name>.common:cont_seg</name>
         <uninitialized>true</uninitialized>
         <run_address>0x27d1</run_address>
         <size>0x1</size>
      </object_component>
      <object_component id="oc-41a">
         <name>.common:cont_min</name>
         <uninitialized>true</uninitialized>
         <run_address>0x27d0</run_address>
         <size>0x1</size>
      </object_component>
      <object_component id="oc-475">
         <name>.common:sw1_cont</name>
         <uninitialized>true</uninitialized>
         <run_address>0x27e3</run_address>
         <size>0x1</size>
      </object_component>
      <object_component id="oc-476">
         <name>.common:sw1_estado</name>
         <uninitialized>true</uninitialized>
         <run_address>0x27e4</run_address>
         <size>0x1</size>
      </object_component>
      <object_component id="oc-477">
         <name>.common:sw1</name>
         <uninitialized>true</uninitialized>
         <run_address>0x27e2</run_address>
         <size>0x1</size>
      </object_component>
      <object_component id="oc-478">
         <name>.common:sw2_cont</name>
         <uninitialized>true</uninitialized>
         <run_address>0x27e6</run_address>
         <size>0x1</size>
      </object_component>
      <object_component id="oc-479">
         <name>.common:sw2_estado</name>
         <uninitialized>true</uninitialized>
         <run_address>0x27e7</run_address>
         <size>0x1</size>
      </object_component>
      <object_component id="oc-47a">
         <name>.common:sw2</name>
         <uninitialized>true</uninitialized>
         <run_address>0x27e5</run_address>
         <size>0x1</size>
      </object_component>
      <object_component id="oc-404">
         <name>.common:i2c_tranca</name>
         <uninitialized>true</uninitialized>
         <run_address>0x27dc</run_address>
         <size>0x1</size>
      </object_component>
      <object_component id="oc-472">
         <name>.common:lcd_tem</name>
         <uninitialized>true</uninitialized>
         <run_address>0x27df</run_address>
         <size>0x1</size>
      </object_component>
      <object_component id="oc-473">
         <name>.common:lcd_adr</name>
         <uninitialized>true</uninitialized>
         <run_address>0x27dd</run_address>
         <size>0x1</size>
      </object_component>
      <object_component id="oc-407">
         <name>.common:lcd_flag</name>
         <uninitialized>true</uninitialized>
         <run_address>0x27de</run_address>
         <size>0x1</size>
      </object_component>
      <object_component id="oc-635">
         <name>.common:lcd_buf</name>
         <uninitialized>true</uninitialized>
         <run_address>0x2400</run_address>
         <size>0x8a</size>
      </object_component>
      <object_component id="oc-484">
         <name>.common:seri_fila</name>
         <uninitialized>true</uninitialized>
         <run_address>0x258a</run_address>
         <size>0x80</size>
      </object_component>
      <object_component id="oc-47d">
         <name>.common:seri_pin</name>
         <uninitialized>true</uninitialized>
         <run_address>0x27c8</run_address>
         <size>0x2</size>
      </object_component>
      <object_component id="oc-47c">
         <name>.common:seri_pout</name>
         <uninitialized>true</uninitialized>
         <run_address>0x27ca</run_address>
         <size>0x2</size>
      </object_component>
      <object_component id="oc-4a4">
         <name>.common:gprs_fila</name>
         <uninitialized>true</uninitialized>
         <run_address>0x248a</run_address>
         <size>0x80</size>
      </object_component>
      <object_component id="oc-49d">
         <name>.common:gprs_pin</name>
         <uninitialized>true</uninitialized>
         <run_address>0x27a8</run_address>
         <size>0x2</size>
      </object_component>
      <object_component id="oc-49c">
         <name>.common:gprs_pout</name>
         <uninitialized>true</uninitialized>
         <run_address>0x27aa</run_address>
         <size>0x2</size>
      </object_component>
      <object_component id="oc-603">
         <name>.common:gps_tranca</name>
         <uninitialized>true</uninitialized>
         <run_address>0x27db</run_address>
         <size>0x1</size>
      </object_component>
      <object_component id="oc-611">
         <name>.common:gps_gprmc_novo</name>
         <uninitialized>true</uninitialized>
         <run_address>0x27d8</run_address>
         <size>0x1</size>
      </object_component>
      <object_component id="oc-605">
         <name>.common:gps_sat</name>
         <uninitialized>true</uninitialized>
         <run_address>0x27da</run_address>
         <size>0x1</size>
      </object_component>
      <object_component id="oc-604">
         <name>.common:gps_hora</name>
         <uninitialized>true</uninitialized>
         <run_address>0x271a</run_address>
         <size>0xc</size>
      </object_component>
      <object_component id="oc-60a">
         <name>.common:gps_data</name>
         <uninitialized>true</uninitialized>
         <run_address>0x2754</run_address>
         <size>0x8</size>
      </object_component>
      <object_component id="oc-606">
         <name>.common:gps_lat</name>
         <uninitialized>true</uninitialized>
         <run_address>0x2726</run_address>
         <size>0xc</size>
      </object_component>
      <object_component id="oc-607">
         <name>.common:gps_ns</name>
         <uninitialized>true</uninitialized>
         <run_address>0x27d9</run_address>
         <size>0x1</size>
      </object_component>
      <object_component id="oc-608">
         <name>.common:gps_long</name>
         <uninitialized>true</uninitialized>
         <run_address>0x2732</run_address>
         <size>0xc</size>
      </object_component>
      <object_component id="oc-609">
         <name>.common:gps_ew</name>
         <uninitialized>true</uninitialized>
         <run_address>0x27d6</run_address>
         <size>0x1</size>
      </object_component>
      <object_component id="oc-a2a">
         <name>.common:gps_ew2</name>
         <uninitialized>true</uninitialized>
         <run_address>0x27d7</run_address>
         <size>0x1</size>
      </object_component>
      <object_component id="oc-494">
         <name>.common:gps_gprmc</name>
         <uninitialized>true</uninitialized>
         <run_address>0x260a</run_address>
         <size>0x5a</size>
      </object_component>
      <object_component id="oc-48e">
         <name>.common:gps_fila</name>
         <uninitialized>true</uninitialized>
         <run_address>0x250a</run_address>
         <size>0x80</size>
      </object_component>
      <object_component id="oc-487">
         <name>.common:gps_pin</name>
         <uninitialized>true</uninitialized>
         <run_address>0x27ae</run_address>
         <size>0x2</size>
      </object_component>
      <object_component id="oc-486">
         <name>.common:gps_pout</name>
         <uninitialized>true</uninitialized>
         <run_address>0x27b0</run_address>
         <size>0x2</size>
      </object_component>
      <object_component id="oc-423">
         <name>.common:gps_estado</name>
         <uninitialized>true</uninitialized>
         <run_address>0x27ac</run_address>
         <size>0x2</size>
      </object_component>
      <object_component id="oc-428">
         <name>.common:gps_dado</name>
         <uninitialized>true</uninitialized>
         <run_address>0x27d5</run_address>
         <size>0x1</size>
      </object_component>
      <object_component id="oc-984">
         <name>.common:ax</name>
         <uninitialized>true</uninitialized>
         <run_address>0x279c</run_address>
         <size>0x2</size>
      </object_component>
      <object_component id="oc-98b">
         <name>.common:ay</name>
         <uninitialized>true</uninitialized>
         <run_address>0x279e</run_address>
         <size>0x2</size>
      </object_component>
      <object_component id="oc-98c">
         <name>.common:az</name>
         <uninitialized>true</uninitialized>
         <run_address>0x27a0</run_address>
         <size>0x2</size>
      </object_component>
      <object_component id="oc-a64">
         <name>.common:tp</name>
         <uninitialized>true</uninitialized>
         <run_address>0x27cc</run_address>
         <size>0x2</size>
      </object_component>
      <object_component id="oc-98d">
         <name>.common:gx</name>
         <uninitialized>true</uninitialized>
         <run_address>0x27b2</run_address>
         <size>0x2</size>
      </object_component>
      <object_component id="oc-98e">
         <name>.common:gy</name>
         <uninitialized>true</uninitialized>
         <run_address>0x27b4</run_address>
         <size>0x2</size>
      </object_component>
      <object_component id="oc-98f">
         <name>.common:gz</name>
         <uninitialized>true</uninitialized>
         <run_address>0x27b6</run_address>
         <size>0x2</size>
      </object_component>
      <object_component id="oc-9d8">
         <name>.common:amaiorx</name>
         <uninitialized>true</uninitialized>
         <run_address>0x2790</run_address>
         <size>0x2</size>
      </object_component>
      <object_component id="oc-9d9">
         <name>.common:amenorx</name>
         <uninitialized>true</uninitialized>
         <run_address>0x2796</run_address>
         <size>0x2</size>
      </object_component>
      <object_component id="oc-9da">
         <name>.common:amaiory</name>
         <uninitialized>true</uninitialized>
         <run_address>0x2792</run_address>
         <size>0x2</size>
      </object_component>
      <object_component id="oc-9db">
         <name>.common:amenory</name>
         <uninitialized>true</uninitialized>
         <run_address>0x2798</run_address>
         <size>0x2</size>
      </object_component>
      <object_component id="oc-9dc">
         <name>.common:amaiorz</name>
         <uninitialized>true</uninitialized>
         <run_address>0x2794</run_address>
         <size>0x2</size>
      </object_component>
      <object_component id="oc-9dd">
         <name>.common:amenorz</name>
         <uninitialized>true</uninitialized>
         <run_address>0x279a</run_address>
         <size>0x2</size>
      </object_component>
      <object_component id="oc-9de">
         <name>.common:maiorgx</name>
         <uninitialized>true</uninitialized>
         <run_address>0x27ba</run_address>
         <size>0x2</size>
      </object_component>
      <object_component id="oc-9df">
         <name>.common:menorgx</name>
         <uninitialized>true</uninitialized>
         <run_address>0x27c0</run_address>
         <size>0x2</size>
      </object_component>
      <object_component id="oc-9e0">
         <name>.common:maiorgy</name>
         <uninitialized>true</uninitialized>
         <run_address>0x27bc</run_address>
         <size>0x2</size>
      </object_component>
      <object_component id="oc-9e1">
         <name>.common:menorgy</name>
         <uninitialized>true</uninitialized>
         <run_address>0x27c2</run_address>
         <size>0x2</size>
      </object_component>
      <object_component id="oc-9e2">
         <name>.common:maiorgz</name>
         <uninitialized>true</uninitialized>
         <run_address>0x27be</run_address>
         <size>0x2</size>
      </object_component>
      <object_component id="oc-9e3">
         <name>.common:menorgz</name>
         <uninitialized>true</uninitialized>
         <run_address>0x27c4</run_address>
         <size>0x2</size>
      </object_component>
      <object_component id="oc-912">
         <name>.common:toda_msg</name>
         <uninitialized>true</uninitialized>
         <run_address>0x2664</run_address>
         <size>0x46</size>
      </object_component>
      <object_component id="oc-991">
         <name>.common:rtc_vetor</name>
         <uninitialized>true</uninitialized>
         <run_address>0x275c</run_address>
         <size>0x8</size>
      </object_component>
      <object_component id="oc-97d">
         <name>.common:rtc_msg</name>
         <uninitialized>true</uninitialized>
         <run_address>0x26d8</run_address>
         <size>0x12</size>
      </object_component>
      <object_component id="oc-975">
         <name>.common:gps_msg</name>
         <uninitialized>true</uninitialized>
         <run_address>0x26c2</run_address>
         <size>0x16</size>
      </object_component>
      <object_component id="oc-a23">
         <name>.common:vol_lat</name>
         <uninitialized>true</uninitialized>
         <run_address>0x2784</run_address>
         <size>0x4</size>
      </object_component>
      <object_component id="oc-a24">
         <name>.common:vol_long</name>
         <uninitialized>true</uninitialized>
         <run_address>0x2788</run_address>
         <size>0x4</size>
      </object_component>
      <object_component id="oc-9ec">
         <name>.common:menorlatitude</name>
         <uninitialized>true</uninitialized>
         <run_address>0x277c</run_address>
         <size>0x4</size>
      </object_component>
      <object_component id="oc-9ed">
         <name>.common:maiorlatitude</name>
         <uninitialized>true</uninitialized>
         <run_address>0x2774</run_address>
         <size>0x4</size>
      </object_component>
      <object_component id="oc-9ef">
         <name>.common:menorlongitude</name>
         <uninitialized>true</uninitialized>
         <run_address>0x2780</run_address>
         <size>0x4</size>
      </object_component>
      <object_component id="oc-9f0">
         <name>.common:maiorlongitude</name>
         <uninitialized>true</uninitialized>
         <run_address>0x2778</run_address>
         <size>0x4</size>
      </object_component>
      <object_component id="oc-9eb">
         <name>.common:lat</name>
         <uninitialized>true</uninitialized>
         <run_address>0x2764</run_address>
         <size>0x4</size>
      </object_component>
      <object_component id="oc-a66">
         <name>.common:lataux</name>
         <uninitialized>true</uninitialized>
         <run_address>0x2768</run_address>
         <size>0x4</size>
      </object_component>
      <object_component id="oc-9ee">
         <name>.common:longt</name>
         <uninitialized>true</uninitialized>
         <run_address>0x276c</run_address>
         <size>0x4</size>
      </object_component>
      <object_component id="oc-a67">
         <name>.common:longtaux</name>
         <uninitialized>true</uninitialized>
         <run_address>0x2770</run_address>
         <size>0x4</size>
      </object_component>
      <object_component id="oc-9c8">
         <name>.common:ultimo_vetor_data_hora</name>
         <uninitialized>true</uninitialized>
         <run_address>0x273e</run_address>
         <size>0xc</size>
      </object_component>
      <object_component id="oc-9c9">
         <name>.common:atual_vetor_data_hora</name>
         <uninitialized>true</uninitialized>
         <run_address>0x270e</run_address>
         <size>0xc</size>
      </object_component>
      <object_component id="oc-994">
         <name>.common:rtc_ultima_data_hora_1_hora</name>
         <uninitialized>true</uninitialized>
         <run_address>0x26ea</run_address>
         <size>0x12</size>
      </object_component>
      <object_component id="oc-993">
         <name>.common:rtc_ultima_data_hora_1_min</name>
         <uninitialized>true</uninitialized>
         <run_address>0x26fc</run_address>
         <size>0x12</size>
      </object_component>
      <object_component id="oc-493">
         <name>.data</name>
         <load_address>0x282b</load_address>
         <run_address>0x282b</run_address>
         <size>0x1</size>
         <input_file_ref idref="fl-5"/>
      </object_component>
      <object_component id="oc-600">
         <name>.data:gps_gprmc_ok</name>
         <load_address>0x27e8</load_address>
         <run_address>0x27e8</run_address>
         <size>0x43</size>
         <input_file_ref idref="fl-a"/>
      </object_component>
      <object_component id="oc-490">
         <name>.data</name>
         <load_address>0x282c</load_address>
         <run_address>0x282c</run_address>
         <size>0x1c</size>
         <input_file_ref idref="fl-a"/>
      </object_component>
      <object_component id="oc-a3e">
         <name>.data:receivestring</name>
         <load_address>0x2848</load_address>
         <run_address>0x2848</run_address>
         <size>0x16</size>
         <input_file_ref idref="fl-a"/>
      </object_component>
      <object_component id="oc-36b">
         <name>.stack</name>
         <uninitialized>true</uninitialized>
         <run_address>0x4360</run_address>
         <size>0x4</size>
         <input_file_ref idref="fl-56"/>
      </object_component>
      <object_component id="oc-b3f">
         <name>.stack</name>
         <uninitialized>true</uninitialized>
         <run_address>0x4360</run_address>
         <size>0x0</size>
      </object_component>
      <object_component id="oc-a12">
         <name>.text:__mspabi_addd</name>
         <load_address>0x10000</load_address>
         <run_address>0x10000</run_address>
         <size>0x72a</size>
         <input_file_ref idref="fl-60"/>
      </object_component>
      <object_component id="oc-a78">
         <name>.text:__TI_frcdivd</name>
         <load_address>0x1072a</load_address>
         <run_address>0x1072a</run_address>
         <size>0x468</size>
         <input_file_ref idref="fl-6a"/>
      </object_component>
      <object_component id="oc-96f">
         <name>.text:calculo_GPRMC</name>
         <load_address>0x10b92</load_address>
         <run_address>0x10b92</run_address>
         <size>0x42e</size>
         <input_file_ref idref="fl-5"/>
      </object_component>
      <object_component id="oc-91f">
         <name>.text:sel_estado</name>
         <load_address>0x10fc0</load_address>
         <run_address>0x10fc0</run_address>
         <size>0x388</size>
         <input_file_ref idref="fl-2"/>
      </object_component>
      <object_component id="oc-976">
         <name>.text:separa_algarismos_gps_f</name>
         <load_address>0x11348</load_address>
         <run_address>0x11348</run_address>
         <size>0x37c</size>
         <input_file_ref idref="fl-5"/>
      </object_component>
      <object_component id="oc-90c">
         <name>.text:todos_dados</name>
         <load_address>0x116c4</load_address>
         <run_address>0x116c4</run_address>
         <size>0x28a</size>
         <input_file_ref idref="fl-9"/>
      </object_component>
      <object_component id="oc-536">
         <name>.text:modo_wq</name>
         <load_address>0x1194e</load_address>
         <run_address>0x1194e</run_address>
         <size>0x258</size>
         <input_file_ref idref="fl-8"/>
      </object_component>
      <object_component id="oc-44b">
         <name>.text:main</name>
         <load_address>0x11ba6</load_address>
         <run_address>0x11ba6</run_address>
         <size>0x232</size>
         <input_file_ref idref="fl-a"/>
      </object_component>
      <object_component id="oc-9e5">
         <name>.text:int_latitude_longitude</name>
         <load_address>0x11dd8</load_address>
         <run_address>0x11dd8</run_address>
         <size>0x22a</size>
         <input_file_ref idref="fl-5"/>
      </object_component>
      <object_component id="oc-a0c">
         <name>.text:__mspabi_divd</name>
         <load_address>0x12002</load_address>
         <run_address>0x12002</run_address>
         <size>0x21c</size>
         <input_file_ref idref="fl-63"/>
      </object_component>
      <object_component id="oc-512">
         <name>.text:modo_26</name>
         <load_address>0x1221e</load_address>
         <run_address>0x1221e</run_address>
         <size>0x1aa</size>
         <input_file_ref idref="fl-8"/>
      </object_component>
      <object_component id="oc-9cb">
         <name>.text:coloca_hora_dezena</name>
         <load_address>0x123c8</load_address>
         <run_address>0x123c8</run_address>
         <size>0x186</size>
         <input_file_ref idref="fl-b"/>
      </object_component>
      <object_component id="oc-9c2">
         <name>.text:coloca_min_dezena</name>
         <load_address>0x1254e</load_address>
         <run_address>0x1254e</run_address>
         <size>0x186</size>
         <input_file_ref idref="fl-b"/>
      </object_component>
      <object_component id="oc-53c">
         <name>.text:modo_rtc</name>
         <load_address>0x126d4</load_address>
         <run_address>0x126d4</run_address>
         <size>0x160</size>
         <input_file_ref idref="fl-8"/>
      </object_component>
      <object_component id="oc-542">
         <name>.text:modo_mpu</name>
         <load_address>0x12834</load_address>
         <run_address>0x12834</run_address>
         <size>0x156</size>
         <input_file_ref idref="fl-8"/>
      </object_component>
      <object_component id="oc-495">
         <name>.text:gps_gprmc_extrai</name>
         <load_address>0x1298a</load_address>
         <run_address>0x1298a</run_address>
         <size>0x136</size>
         <input_file_ref idref="fl-5"/>
      </object_component>
      <object_component id="oc-9fb">
         <name>.text</name>
         <load_address>0x12ac0</load_address>
         <run_address>0x12ac0</run_address>
         <size>0x132</size>
         <input_file_ref idref="fl-35"/>
      </object_component>
      <object_component id="oc-92b">
         <name>.text:passou_1_hora</name>
         <load_address>0x12bf2</load_address>
         <run_address>0x12bf2</run_address>
         <size>0x11a</size>
         <input_file_ref idref="fl-b"/>
      </object_component>
      <object_component id="oc-925">
         <name>.text:passou_1_min</name>
         <load_address>0x12d0c</load_address>
         <run_address>0x12d0c</run_address>
         <size>0x11a</size>
         <input_file_ref idref="fl-b"/>
      </object_component>
      <object_component id="oc-4c7">
         <name>.text:ser1_config</name>
         <load_address>0x12e26</load_address>
         <run_address>0x12e26</run_address>
         <size>0xfc</size>
         <input_file_ref idref="fl-c"/>
      </object_component>
      <object_component id="oc-554">
         <name>.text:modo_sw</name>
         <load_address>0x12f22</load_address>
         <run_address>0x12f22</run_address>
         <size>0xf2</size>
         <input_file_ref idref="fl-8"/>
      </object_component>
      <object_component id="oc-753">
         <name>.text:check_estado_address</name>
         <load_address>0x13014</load_address>
         <run_address>0x13014</run_address>
         <size>0xec</size>
         <input_file_ref idref="fl-2"/>
      </object_component>
      <object_component id="oc-65c">
         <name>.text:ser0_config</name>
         <load_address>0x13100</load_address>
         <run_address>0x13100</run_address>
         <size>0xe8</size>
         <input_file_ref idref="fl-4"/>
      </object_component>
      <object_component id="oc-42f">
         <name>.text:gps_busca_gprmc</name>
         <load_address>0x131e8</load_address>
         <run_address>0x131e8</run_address>
         <size>0xe6</size>
         <input_file_ref idref="fl-5"/>
      </object_component>
      <object_component id="oc-9a9">
         <name>.text:ler_memoria</name>
         <load_address>0x132ce</load_address>
         <run_address>0x132ce</run_address>
         <size>0xe4</size>
         <input_file_ref idref="fl-2"/>
      </object_component>
      <object_component id="oc-94c">
         <name>.text:gps_furto</name>
         <load_address>0x133b2</load_address>
         <run_address>0x133b2</run_address>
         <size>0xe2</size>
         <input_file_ref idref="fl-5"/>
      </object_component>
      <object_component id="oc-54e">
         <name>.text:modo_leds</name>
         <load_address>0x13494</load_address>
         <run_address>0x13494</run_address>
         <size>0xe0</size>
         <input_file_ref idref="fl-8"/>
      </object_component>
      <object_component id="oc-52a">
         <name>.text:modo_gprmc</name>
         <load_address>0x13574</load_address>
         <run_address>0x13574</run_address>
         <size>0xda</size>
         <input_file_ref idref="fl-8"/>
      </object_component>
      <object_component id="oc-6b5">
         <name>.text:str_2_num</name>
         <load_address>0x1364e</load_address>
         <run_address>0x1364e</run_address>
         <size>0xd8</size>
         <input_file_ref idref="fl-d"/>
      </object_component>
      <object_component id="oc-940">
         <name>.text:acel_furto</name>
         <load_address>0x13726</load_address>
         <run_address>0x13726</run_address>
         <size>0xcc</size>
         <input_file_ref idref="fl-9"/>
      </object_component>
      <object_component id="oc-946">
         <name>.text:giro_furto</name>
         <load_address>0x137f2</load_address>
         <run_address>0x137f2</run_address>
         <size>0xcc</size>
         <input_file_ref idref="fl-9"/>
      </object_component>
      <object_component id="oc-9d2">
         <name>.text:mpu_values</name>
         <load_address>0x138be</load_address>
         <run_address>0x138be</run_address>
         <size>0xcc</size>
         <input_file_ref idref="fl-9"/>
      </object_component>
      <object_component id="oc-85f">
         <name>.text:alerta2</name>
         <load_address>0x1398a</load_address>
         <run_address>0x1398a</run_address>
         <size>0xc0</size>
         <input_file_ref idref="fl-2"/>
      </object_component>
      <object_component id="oc-6d9">
         <name>.text:seri_cmdo</name>
         <load_address>0x13a4a</load_address>
         <run_address>0x13a4a</run_address>
         <size>0xbc</size>
         <input_file_ref idref="fl-c"/>
      </object_component>
      <object_component id="oc-4f2">
         <name>.text:lcd_inic</name>
         <load_address>0x13b06</load_address>
         <run_address>0x13b06</run_address>
         <size>0xb8</size>
         <input_file_ref idref="fl-7"/>
      </object_component>
      <object_component id="oc-a36">
         <name>.text</name>
         <load_address>0x13bbe</load_address>
         <run_address>0x13bbe</run_address>
         <size>0xb8</size>
         <input_file_ref idref="fl-3a"/>
      </object_component>
      <object_component id="oc-a18">
         <name>.text:__mspabi_cvtdf</name>
         <load_address>0x13c76</load_address>
         <run_address>0x13c76</run_address>
         <size>0xb2</size>
         <input_file_ref idref="fl-5f"/>
      </object_component>
      <object_component id="oc-51e">
         <name>.text:modo_19</name>
         <load_address>0x13d28</load_address>
         <run_address>0x13d28</run_address>
         <size>0xb0</size>
         <input_file_ref idref="fl-8"/>
      </object_component>
      <object_component id="oc-4f8">
         <name>.text:lcd_dma_config</name>
         <load_address>0x13dd8</load_address>
         <run_address>0x13dd8</run_address>
         <size>0xae</size>
         <input_file_ref idref="fl-7"/>
      </object_component>
      <object_component id="oc-9af">
         <name>.text:rtc_configure</name>
         <load_address>0x13e86</load_address>
         <run_address>0x13e86</run_address>
         <size>0xa6</size>
         <input_file_ref idref="fl-2"/>
      </object_component>
      <object_component id="oc-900">
         <name>.text:salvar_memoria</name>
         <load_address>0x13f2c</load_address>
         <run_address>0x13f2c</run_address>
         <size>0xa4</size>
         <input_file_ref idref="fl-f"/>
      </object_component>
      <object_component id="oc-934">
         <name>.text:repouso_values_mpu</name>
         <load_address>0x13fd0</load_address>
         <run_address>0x13fd0</run_address>
         <size>0xa2</size>
         <input_file_ref idref="fl-9"/>
      </object_component>
      <object_component id="oc-a71">
         <name>.text:__mspabi_fltlid</name>
         <load_address>0x14072</load_address>
         <run_address>0x14072</run_address>
         <size>0x9e</size>
         <input_file_ref idref="fl-67"/>
      </object_component>
      <object_component id="oc-86b">
         <name>.text:alerta1</name>
         <load_address>0x14110</load_address>
         <run_address>0x14110</run_address>
         <size>0x9e</size>
         <input_file_ref idref="fl-2"/>
      </object_component>
      <object_component id="oc-877">
         <name>.text:suspeito</name>
         <load_address>0x141ae</load_address>
         <run_address>0x141ae</run_address>
         <size>0x9e</size>
         <input_file_ref idref="fl-2"/>
      </object_component>
      <object_component id="oc-985">
         <name>.text:IntToChar</name>
         <load_address>0x1424c</load_address>
         <run_address>0x1424c</run_address>
         <size>0x9a</size>
         <input_file_ref idref="fl-d"/>
      </object_component>
      <object_component id="oc-596">
         <name>.text:lcdb_str</name>
         <load_address>0x142e6</load_address>
         <run_address>0x142e6</run_address>
         <size>0x98</size>
         <input_file_ref idref="fl-7"/>
      </object_component>
      <object_component id="oc-64d">
         <name>.text:mpu_rd_vet</name>
         <load_address>0x1437e</load_address>
         <run_address>0x1437e</run_address>
         <size>0x98</size>
         <input_file_ref idref="fl-9"/>
      </object_component>
      <object_component id="oc-6e6">
         <name>.text:rtc_rd_vet</name>
         <load_address>0x14416</load_address>
         <run_address>0x14416</run_address>
         <size>0x98</size>
         <input_file_ref idref="fl-b"/>
      </object_component>
      <object_component id="oc-681">
         <name>.text:gprs_send_msg</name>
         <load_address>0x144ae</load_address>
         <run_address>0x144ae</run_address>
         <size>0x96</size>
         <input_file_ref idref="fl-4"/>
      </object_component>
      <object_component id="oc-55a">
         <name>.text:modo_9</name>
         <load_address>0x14544</load_address>
         <run_address>0x14544</run_address>
         <size>0x96</size>
         <input_file_ref idref="fl-8"/>
      </object_component>
      <object_component id="oc-40e">
         <name>.text:sw_monitorar</name>
         <load_address>0x145da</load_address>
         <run_address>0x145da</run_address>
         <size>0x96</size>
         <input_file_ref idref="fl-3"/>
      </object_component>
      <object_component id="oc-a1e">
         <name>.text</name>
         <load_address>0x14670</load_address>
         <run_address>0x14670</run_address>
         <size>0x90</size>
         <input_file_ref idref="fl-37"/>
      </object_component>
      <object_component id="oc-6c7">
         <name>.text:ser1_linha</name>
         <load_address>0x14700</load_address>
         <run_address>0x14700</run_address>
         <size>0x88</size>
         <input_file_ref idref="fl-c"/>
      </object_component>
      <object_component id="oc-7bd">
         <name>.text:str_dec16</name>
         <load_address>0x14788</load_address>
         <run_address>0x14788</run_address>
         <size>0x7a</size>
         <input_file_ref idref="fl-d"/>
      </object_component>
      <object_component id="oc-6d">
         <name>.text:decompress:lzss:__TI_decompress_lzss</name>
         <load_address>0x14802</load_address>
         <run_address>0x14802</run_address>
         <size>0x76</size>
         <input_file_ref idref="fl-5e"/>
      </object_component>
      <object_component id="oc-5f7">
         <name>.text:gps_dump</name>
         <load_address>0x14878</load_address>
         <run_address>0x14878</run_address>
         <size>0x76</size>
         <input_file_ref idref="fl-5"/>
      </object_component>
      <object_component id="oc-6e0">
         <name>.text:rtc_wr_vet</name>
         <load_address>0x148ee</load_address>
         <run_address>0x148ee</run_address>
         <size>0x76</size>
         <input_file_ref idref="fl-b"/>
      </object_component>
      <object_component id="oc-5ef">
         <name>.text:seri_dump</name>
         <load_address>0x14964</load_address>
         <run_address>0x14964</run_address>
         <size>0x76</size>
         <input_file_ref idref="fl-c"/>
      </object_component>
      <object_component id="oc-83f">
         <name>.text:str_data_hora</name>
         <load_address>0x149da</load_address>
         <run_address>0x149da</run_address>
         <size>0x72</size>
         <input_file_ref idref="fl-d"/>
      </object_component>
      <object_component id="oc-6c1">
         <name>.text:wq_rd_blk</name>
         <load_address>0x14a4c</load_address>
         <run_address>0x14a4c</run_address>
         <size>0x72</size>
         <input_file_ref idref="fl-f"/>
      </object_component>
      <object_component id="oc-590">
         <name>.text:lcdb_apaga</name>
         <load_address>0x14abe</load_address>
         <run_address>0x14abe</run_address>
         <size>0x6e</size>
         <input_file_ref idref="fl-7"/>
      </object_component>
      <object_component id="oc-871">
         <name>.text:vigilia</name>
         <load_address>0x14b2c</load_address>
         <run_address>0x14b2c</run_address>
         <size>0x6c</size>
         <input_file_ref idref="fl-2"/>
      </object_component>
      <object_component id="oc-706">
         <name>.text:lcdb_char</name>
         <load_address>0x14b98</load_address>
         <run_address>0x14b98</run_address>
         <size>0x6a</size>
         <input_file_ref idref="fl-7"/>
      </object_component>
      <object_component id="oc-a31">
         <name>.text</name>
         <load_address>0x14c02</load_address>
         <run_address>0x14c02</run_address>
         <size>0x68</size>
         <input_file_ref idref="fl-3c"/>
      </object_component>
      <object_component id="oc-6cd">
         <name>.text:wq_wr_blk</name>
         <load_address>0x14c6a</load_address>
         <run_address>0x14c6a</run_address>
         <size>0x68</size>
         <input_file_ref idref="fl-f"/>
      </object_component>
      <object_component id="oc-637">
         <name>.text:mpu_wr</name>
         <load_address>0x14cd2</load_address>
         <run_address>0x14cd2</run_address>
         <size>0x66</size>
         <input_file_ref idref="fl-9"/>
      </object_component>
      <object_component id="oc-8c3">
         <name>.text:str_rmvz_u</name>
         <load_address>0x14d38</load_address>
         <run_address>0x14d38</run_address>
         <size>0x66</size>
         <input_file_ref idref="fl-d"/>
      </object_component>
      <object_component id="oc-a00">
         <name>.text:__mspabi_cvtfd</name>
         <load_address>0x14d9e</load_address>
         <run_address>0x14d9e</run_address>
         <size>0x64</size>
         <input_file_ref idref="fl-62"/>
      </object_component>
      <object_component id="oc-7cd">
         <name>.text:gprs_send_cmd</name>
         <load_address>0x14e02</load_address>
         <run_address>0x14e02</run_address>
         <size>0x64</size>
         <input_file_ref idref="fl-4"/>
      </object_component>
      <object_component id="oc-4d9">
         <name>.text:i2c_config</name>
         <load_address>0x14e66</load_address>
         <run_address>0x14e66</run_address>
         <size>0x64</size>
         <input_file_ref idref="fl-7"/>
      </object_component>
      <object_component id="oc-518">
         <name>.text:modo_20</name>
         <load_address>0x14eca</load_address>
         <run_address>0x14eca</run_address>
         <size>0x64</size>
         <input_file_ref idref="fl-8"/>
      </object_component>
      <object_component id="oc-75e">
         <name>.text:str_dec8u</name>
         <load_address>0x14f2e</load_address>
         <run_address>0x14f2e</run_address>
         <size>0x64</size>
         <input_file_ref idref="fl-d"/>
      </object_component>
      <object_component id="oc-97e">
         <name>.text:mpu_8bits</name>
         <load_address>0x14f92</load_address>
         <run_address>0x14f92</run_address>
         <size>0x60</size>
         <input_file_ref idref="fl-9"/>
      </object_component>
      <object_component id="oc-abf">
         <name>.text:str_dec16u</name>
         <load_address>0x14ff2</load_address>
         <run_address>0x14ff2</run_address>
         <size>0x60</size>
         <input_file_ref idref="fl-d"/>
      </object_component>
      <object_component id="oc-4c1">
         <name>.text:gpio_config</name>
         <load_address>0x15052</load_address>
         <run_address>0x15052</run_address>
         <size>0x5e</size>
         <input_file_ref idref="fl-3"/>
      </object_component>
      <object_component id="oc-93a">
         <name>.text:set_values_gps</name>
         <load_address>0x150b0</load_address>
         <run_address>0x150b0</run_address>
         <size>0x5e</size>
         <input_file_ref idref="fl-5"/>
      </object_component>
      <object_component id="oc-a4c">
         <name>.text:ler_n_m</name>
         <load_address>0x1510e</load_address>
         <run_address>0x1510e</run_address>
         <size>0x5a</size>
         <input_file_ref idref="fl-2"/>
      </object_component>
      <object_component id="oc-548">
         <name>.text:modo_lcd</name>
         <load_address>0x15168</load_address>
         <run_address>0x15168</run_address>
         <size>0x5a</size>
         <input_file_ref idref="fl-8"/>
      </object_component>
      <object_component id="oc-4fe">
         <name>.text:mpu_config</name>
         <load_address>0x151c2</load_address>
         <run_address>0x151c2</run_address>
         <size>0x5a</size>
         <input_file_ref idref="fl-9"/>
      </object_component>
      <object_component id="oc-a54">
         <name>.text:wq_erase_chip</name>
         <load_address>0x1521c</load_address>
         <run_address>0x1521c</run_address>
         <size>0x56</size>
         <input_file_ref idref="fl-f"/>
      </object_component>
      <object_component id="oc-5d3">
         <name>.text:__TI_auto_init_nobinit_nopinit_hold_wdt:__TI_auto_init_nobinit_nopinit_hold_wdt</name>
         <load_address>0x15272</load_address>
         <run_address>0x15272</run_address>
         <size>0x54</size>
         <input_file_ref idref="fl-57"/>
      </object_component>
      <object_component id="oc-747">
         <name>.text:gprs_config_receive</name>
         <load_address>0x152c6</load_address>
         <run_address>0x152c6</run_address>
         <size>0x52</size>
         <input_file_ref idref="fl-4"/>
      </object_component>
      <object_component id="oc-6d3">
         <name>.text:wq_erase_4k</name>
         <load_address>0x15318</load_address>
         <run_address>0x15318</run_address>
         <size>0x50</size>
         <input_file_ref idref="fl-f"/>
      </object_component>
      <object_component id="oc-58a">
         <name>.text:modo_1</name>
         <load_address>0x15368</load_address>
         <run_address>0x15368</run_address>
         <size>0x4e</size>
         <input_file_ref idref="fl-8"/>
      </object_component>
      <object_component id="oc-4a9">
         <name>.text:clk_20mhz</name>
         <load_address>0x153b6</load_address>
         <run_address>0x153b6</run_address>
         <size>0x4c</size>
         <input_file_ref idref="fl-e"/>
      </object_component>
      <object_component id="oc-530">
         <name>.text:modo_gps</name>
         <load_address>0x15402</load_address>
         <run_address>0x15402</run_address>
         <size>0x4a</size>
         <input_file_ref idref="fl-8"/>
      </object_component>
      <object_component id="oc-a2c">
         <name>.text</name>
         <load_address>0x1544c</load_address>
         <run_address>0x1544c</run_address>
         <size>0x4a</size>
         <input_file_ref idref="fl-36"/>
      </object_component>
      <object_component id="oc-811">
         <name>.text:str_hex32</name>
         <load_address>0x15496</load_address>
         <run_address>0x15496</run_address>
         <size>0x4a</size>
         <input_file_ref idref="fl-d"/>
      </object_component>
      <object_component id="oc-62e">
         <name>.text:lcd_aux</name>
         <load_address>0x154e0</load_address>
         <run_address>0x154e0</run_address>
         <size>0x48</size>
         <input_file_ref idref="fl-7"/>
      </object_component>
      <object_component id="oc-7a4">
         <name>.text:lcd_delay</name>
         <load_address>0x15528</load_address>
         <run_address>0x15528</run_address>
         <size>0x48</size>
         <input_file_ref idref="fl-7"/>
      </object_component>
      <object_component id="oc-627">
         <name>.text:str_hex8</name>
         <load_address>0x15570</load_address>
         <run_address>0x15570</run_address>
         <size>0x46</size>
         <input_file_ref idref="fl-d"/>
      </object_component>
      <object_component id="oc-865">
         <name>.text:dormente</name>
         <load_address>0x155b6</load_address>
         <run_address>0x155b6</run_address>
         <size>0x44</size>
         <input_file_ref idref="fl-2"/>
      </object_component>
      <object_component id="oc-a46">
         <name>.text:ler_n</name>
         <load_address>0x155fa</load_address>
         <run_address>0x155fa</run_address>
         <size>0x44</size>
         <input_file_ref idref="fl-2"/>
      </object_component>
      <object_component id="oc-848">
         <name>.text:str_hex16</name>
         <load_address>0x1563e</load_address>
         <run_address>0x1563e</run_address>
         <size>0x44</size>
         <input_file_ref idref="fl-d"/>
      </object_component>
      <object_component id="oc-a85">
         <name>.text:__mspabi_srall</name>
         <load_address>0x15682</load_address>
         <run_address>0x15682</run_address>
         <size>0x40</size>
         <input_file_ref idref="fl-75"/>
      </object_component>
      <object_component id="oc-695">
         <name>.text:seri_cmdo_x</name>
         <load_address>0x156c2</load_address>
         <run_address>0x156c2</run_address>
         <size>0x40</size>
         <input_file_ref idref="fl-c"/>
      </object_component>
      <object_component id="oc-8e1">
         <name>.text:l_asr_const</name>
         <load_address>0x15702</load_address>
         <run_address>0x15702</run_address>
         <size>0x3e</size>
         <input_file_ref idref="fl-30"/>
      </object_component>
      <object_component id="oc-7f4">
         <name>.text:l_lsl_const</name>
         <load_address>0x15740</load_address>
         <run_address>0x15740</run_address>
         <size>0x3e</size>
         <input_file_ref idref="fl-4e"/>
      </object_component>
      <object_component id="oc-aad">
         <name>.text:l_lsr_const</name>
         <load_address>0x1577e</load_address>
         <run_address>0x1577e</run_address>
         <size>0x3e</size>
         <input_file_ref idref="fl-73"/>
      </object_component>
      <object_component id="oc-67b">
         <name>.text:rec_msg</name>
         <load_address>0x157bc</load_address>
         <run_address>0x157bc</run_address>
         <size>0x3e</size>
         <input_file_ref idref="fl-c"/>
      </object_component>
      <object_component id="oc-7ab">
         <name>.text:i2c_trancar</name>
         <load_address>0x157fa</load_address>
         <run_address>0x157fa</run_address>
         <size>0x3c</size>
         <input_file_ref idref="fl-7"/>
      </object_component>
      <object_component id="oc-968">
         <name>.text:save_data</name>
         <load_address>0x15836</load_address>
         <run_address>0x15836</run_address>
         <size>0x3c</size>
         <input_file_ref idref="fl-f"/>
      </object_component>
      <object_component id="oc-a8b">
         <name>.text:__mspabi_sllll</name>
         <load_address>0x15872</load_address>
         <run_address>0x15872</run_address>
         <size>0x3a</size>
         <input_file_ref idref="fl-76"/>
      </object_component>
      <object_component id="oc-6a9">
         <name>.text:w25_manuf_dev_id</name>
         <load_address>0x158ac</load_address>
         <run_address>0x158ac</run_address>
         <size>0x3a</size>
         <input_file_ref idref="fl-f"/>
      </object_component>
      <object_component id="oc-4df">
         <name>.text:lcd_presente</name>
         <load_address>0x158e6</load_address>
         <run_address>0x158e6</run_address>
         <size>0x38</size>
         <input_file_ref idref="fl-7"/>
      </object_component>
      <object_component id="oc-719">
         <name>.text:str_cmp</name>
         <load_address>0x1591e</load_address>
         <run_address>0x1591e</run_address>
         <size>0x38</size>
         <input_file_ref idref="fl-d"/>
      </object_component>
      <object_component id="oc-919">
         <name>.text:atualiza_data_hora</name>
         <load_address>0x15956</load_address>
         <run_address>0x15956</run_address>
         <size>0x36</size>
         <input_file_ref idref="fl-b"/>
      </object_component>
      <object_component id="oc-674">
         <name>.text:gprs_tira</name>
         <load_address>0x1598c</load_address>
         <run_address>0x1598c</run_address>
         <size>0x36</size>
         <input_file_ref idref="fl-4"/>
      </object_component>
      <object_component id="oc-68f">
         <name>.text:gps_tira</name>
         <load_address>0x159c2</load_address>
         <run_address>0x159c2</run_address>
         <size>0x36</size>
         <input_file_ref idref="fl-5"/>
      </object_component>
      <object_component id="oc-9f6">
         <name>.text</name>
         <load_address>0x159f8</load_address>
         <run_address>0x159f8</run_address>
         <size>0x36</size>
         <input_file_ref idref="fl-38"/>
      </object_component>
      <object_component id="oc-668">
         <name>.text:seri_tira</name>
         <load_address>0x15a2e</load_address>
         <run_address>0x15a2e</run_address>
         <size>0x36</size>
         <input_file_ref idref="fl-c"/>
      </object_component>
      <object_component id="oc-60b">
         <name>.text:copia_ate_virgula</name>
         <load_address>0x15a64</load_address>
         <run_address>0x15a64</run_address>
         <size>0x34</size>
         <input_file_ref idref="fl-5"/>
      </object_component>
      <object_component id="oc-7d6">
         <name>.text:str_maiusc</name>
         <load_address>0x15a98</load_address>
         <run_address>0x15a98</run_address>
         <size>0x34</size>
         <input_file_ref idref="fl-d"/>
      </object_component>
      <object_component id="oc-436">
         <name>.text:gprs_poe</name>
         <load_address>0x15acc</load_address>
         <run_address>0x15acc</run_address>
         <size>0x30</size>
         <input_file_ref idref="fl-4"/>
      </object_component>
      <object_component id="oc-689">
         <name>.text:gps_config</name>
         <load_address>0x15afc</load_address>
         <run_address>0x15afc</run_address>
         <size>0x30</size>
         <input_file_ref idref="fl-5"/>
      </object_component>
      <object_component id="oc-429">
         <name>.text:gps_poe</name>
         <load_address>0x15b2c</load_address>
         <run_address>0x15b2c</run_address>
         <size>0x30</size>
         <input_file_ref idref="fl-5"/>
      </object_component>
      <object_component id="oc-41c">
         <name>.text:seri_poe</name>
         <load_address>0x15b5c</load_address>
         <run_address>0x15b5c</run_address>
         <size>0x30</size>
         <input_file_ref idref="fl-c"/>
      </object_component>
      <object_component id="oc-8ea">
         <name>.text:seri_xereta</name>
         <load_address>0x15b8c</load_address>
         <run_address>0x15b8c</run_address>
         <size>0x2e</size>
         <input_file_ref idref="fl-c"/>
      </object_component>
      <object_component id="oc-88f">
         <name>.text</name>
         <load_address>0x15bba</load_address>
         <run_address>0x15bba</run_address>
         <size>0x2c</size>
         <input_file_ref idref="fl-31"/>
      </object_component>
      <object_component id="oc-4d3">
         <name>.text:spi_config</name>
         <load_address>0x15be6</load_address>
         <run_address>0x15be6</run_address>
         <size>0x2c</size>
         <input_file_ref idref="fl-f"/>
      </object_component>
      <object_component id="oc-996">
         <name>.text:checkreceive</name>
         <load_address>0x15c12</load_address>
         <run_address>0x15c12</run_address>
         <size>0x2a</size>
         <input_file_ref idref="fl-2"/>
      </object_component>
      <object_component id="oc-61e">
         <name>.text:i2c_teste_adr</name>
         <load_address>0x15c3c</load_address>
         <run_address>0x15c3c</run_address>
         <size>0x2a</size>
         <input_file_ref idref="fl-7"/>
      </object_component>
      <object_component id="oc-834">
         <name>.text:seri_vazia</name>
         <load_address>0x15c66</load_address>
         <run_address>0x15c66</run_address>
         <size>0x2a</size>
         <input_file_ref idref="fl-c"/>
      </object_component>
      <object_component id="oc-739">
         <name>.text:gprs_str</name>
         <load_address>0x15c90</load_address>
         <run_address>0x15c90</run_address>
         <size>0x28</size>
         <input_file_ref idref="fl-4"/>
      </object_component>
      <object_component id="oc-6f2">
         <name>.text:lcdb_data</name>
         <load_address>0x15cb8</load_address>
         <run_address>0x15cb8</run_address>
         <size>0x28</size>
         <input_file_ref idref="fl-7"/>
      </object_component>
      <object_component id="oc-6f8">
         <name>.text:lcdb_hora</name>
         <load_address>0x15ce0</load_address>
         <run_address>0x15ce0</run_address>
         <size>0x28</size>
         <input_file_ref idref="fl-7"/>
      </object_component>
      <object_component id="oc-4e6">
         <name>.text:ser1_str</name>
         <load_address>0x15d08</load_address>
         <run_address>0x15d08</run_address>
         <size>0x28</size>
         <input_file_ref idref="fl-c"/>
      </object_component>
      <object_component id="oc-82e">
         <name>.text:seri_come_crlf</name>
         <load_address>0x15d30</load_address>
         <run_address>0x15d30</run_address>
         <size>0x28</size>
         <input_file_ref idref="fl-c"/>
      </object_component>
      <object_component id="oc-3bc">
         <name>.text:decompress:ZI:__TI_zero_init</name>
         <load_address>0x15d58</load_address>
         <run_address>0x15d58</run_address>
         <size>0x24</size>
         <input_file_ref idref="fl-58"/>
      </object_component>
      <object_component id="oc-80a">
         <name>.text:eh_hexa</name>
         <load_address>0x15d7c</load_address>
         <run_address>0x15d7c</run_address>
         <size>0x24</size>
         <input_file_ref idref="fl-d"/>
      </object_component>
      <object_component id="oc-408">
         <name>.text:lcd_atualiza</name>
         <load_address>0x15da0</load_address>
         <run_address>0x15da0</run_address>
         <size>0x24</size>
         <input_file_ref idref="fl-7"/>
      </object_component>
      <object_component id="oc-6ff">
         <name>.text:lcdb_hex16</name>
         <load_address>0x15dc4</load_address>
         <run_address>0x15dc4</run_address>
         <size>0x24</size>
         <input_file_ref idref="fl-7"/>
      </object_component>
      <object_component id="oc-805">
         <name>.text</name>
         <load_address>0x15de8</load_address>
         <run_address>0x15de8</run_address>
         <size>0x24</size>
         <input_file_ref idref="fl-53"/>
      </object_component>
      <object_component id="oc-9a3">
         <name>.text:status</name>
         <load_address>0x15e0c</load_address>
         <run_address>0x15e0c</run_address>
         <size>0x24</size>
         <input_file_ref idref="fl-2"/>
      </object_component>
      <object_component id="oc-505">
         <name>.text:delay_10ms</name>
         <load_address>0x15e30</load_address>
         <run_address>0x15e30</run_address>
         <size>0x20</size>
         <input_file_ref idref="fl-e"/>
      </object_component>
      <object_component id="oc-a9e">
         <name>.text:delay_seg</name>
         <load_address>0x15e50</load_address>
         <run_address>0x15e50</run_address>
         <size>0x20</size>
         <input_file_ref idref="fl-e"/>
      </object_component>
      <object_component id="oc-8f4">
         <name>.text:str_bcd8</name>
         <load_address>0x15e70</load_address>
         <run_address>0x15e70</run_address>
         <size>0x20</size>
         <input_file_ref idref="fl-d"/>
      </object_component>
      <object_component id="oc-647">
[...]
         <value>0x15496</value>
         <object_component_ref idref="oc-811"/>
      </symbol>
      <symbol id="sm-bc9">
         <name>ta2_config</name>
         <value>0x160da</value>
         <object_component_ref idref="oc-4bb"/>
      </symbol>
      <symbol id="sm-bca">
         <name>clk_20mhz</name>
         <value>0x153b6</value>
         <object_component_ref idref="oc-4a9"/>
      </symbol>
      <symbol id="sm-bcb">
         <name>__TI_int48</name>
         <value>0xffe0</value>
         <object_component_ref idref="oc-80"/>
      </symbol>
      <symbol id="sm-bcc">
         <name>crono_inic</name>
         <value>0x16148</value>
         <object_component_ref idref="oc-4af"/>
      </symbol>
      <symbol id="sm-bcd">
         <name>crono_zera</name>
         <value>0x1622e</value>
         <object_component_ref idref="oc-4b5"/>
      </symbol>
      <symbol id="sm-bce">
         <name>delay_seg</name>
         <value>0x15e50</value>
         <object_component_ref idref="oc-a9e"/>
      </symbol>
      <symbol id="sm-bcf">
         <name>delay_10ms</name>
         <value>0x15e30</value>
         <object_component_ref idref="oc-505"/>
      </symbol>
      <symbol id="sm-bd0">
         <name>isr_ta1ifg</name>
         <value>0x4530</value>
         <object_component_ref idref="oc-39e"/>
      </symbol>
      <symbol id="sm-c57">
         <name>wq_CS</name>
         <value>0x16276</value>
         <object_component_ref idref="oc-7e9"/>
      </symbol>
      <symbol id="sm-c58">
         <name>wq_cs</name>
         <value>0x1627e</value>
         <object_component_ref idref="oc-7dd"/>
      </symbol>
      <symbol id="sm-c59">
         <name>wq_wel</name>
         <value>0x16168</value>
         <object_component_ref idref="oc-826"/>
      </symbol>
      <symbol id="sm-c5a">
         <name>wq_erase_chip</name>
         <value>0x1521c</value>
         <object_component_ref idref="oc-a54"/>
      </symbol>
      <symbol id="sm-c5b">
         <name>w25_manuf_dev_id</name>
         <value>0x158ac</value>
         <object_component_ref idref="oc-6a9"/>
      </symbol>
      <symbol id="sm-c5c">
         <name>spi_transf</name>
         <value>0x15f8c</value>
         <object_component_ref idref="oc-7e3"/>
      </symbol>
      <symbol id="sm-c5d">
         <name>spi_config</name>
         <value>0x15be6</value>
         <object_component_ref idref="oc-4d3"/>
      </symbol>
      <symbol id="sm-c5e">
         <name>save_data</name>
         <value>0x15836</value>
         <object_component_ref idref="oc-968"/>
      </symbol>
      <symbol id="sm-c5f">
         <name>wq_sr1_rd</name>
         <value>0x15fbe</value>
         <object_component_ref idref="oc-69d"/>
      </symbol>
      <symbol id="sm-c60">
         <name>wq_rd_blk</name>
         <value>0x14a4c</value>
         <object_component_ref idref="oc-6c1"/>
      </symbol>
      <symbol id="sm-c61">
         <name>wq_erase_4k</name>
         <value>0x15318</value>
         <object_component_ref idref="oc-6d3"/>
      </symbol>
      <symbol id="sm-c62">
         <name>salvar_memoria</name>
         <value>0x13f2c</value>
         <object_component_ref idref="oc-900"/>
      </symbol>
      <symbol id="sm-c63">
         <name>wq_sr2_rd</name>
         <value>0x15fd6</value>
         <object_component_ref idref="oc-6a3"/>
      </symbol>
      <symbol id="sm-c64">
         <name>wq_wr_blk</name>
         <value>0x14c6a</value>
         <object_component_ref idref="oc-6cd"/>
      </symbol>
      <symbol id="sm-c65">
         <name>wq_ocupado</name>
         <value>0x15f56</value>
         <object_component_ref idref="oc-81a"/>
      </symbol>
      <symbol id="sm-c66">
         <name>wq_WEL</name>
         <value>0x16136</value>
         <object_component_ref idref="oc-820"/>
      </symbol>
      <symbol id="sm-c6e">
         <name>__mspabi_sral_15</name>
         <value>0x15702</value>
         <object_component_ref idref="oc-8e1"/>
      </symbol>
      <symbol id="sm-c6f">
         <name>__mspabi_sral_14</name>
         <value>0x15706</value>
         <object_component_ref idref="oc-8e1"/>
      </symbol>
      <symbol id="sm-c70">
         <name>__mspabi_sral_13</name>
         <value>0x1570a</value>
         <object_component_ref idref="oc-8e1"/>
      </symbol>
      <symbol id="sm-c71">
         <name>__mspabi_sral_12</name>
         <value>0x1570e</value>
         <object_component_ref idref="oc-8e1"/>
      </symbol>
      <symbol id="sm-c72">
         <name>__mspabi_sral_11</name>
         <value>0x15712</value>
         <object_component_ref idref="oc-8e1"/>
      </symbol>
      <symbol id="sm-c73">
         <name>__mspabi_sral_10</name>
         <value>0x15716</value>
         <object_component_ref idref="oc-8e1"/>
      </symbol>
      <symbol id="sm-c74">
         <name>__mspabi_sral_8</name>
         <value>0x1571e</value>
         <object_component_ref idref="oc-8e1"/>
      </symbol>
      <symbol id="sm-c75">
         <name>__mspabi_sral_9</name>
         <value>0x1571a</value>
         <object_component_ref idref="oc-8e1"/>
      </symbol>
      <symbol id="sm-c76">
         <name>__mspabi_sral_6</name>
         <value>0x15726</value>
         <object_component_ref idref="oc-8e1"/>
      </symbol>
      <symbol id="sm-c77">
         <name>__mspabi_sral_7</name>
         <value>0x15722</value>
         <object_component_ref idref="oc-8e1"/>
      </symbol>
      <symbol id="sm-c78">
         <name>__mspabi_sral_4</name>
         <value>0x1572e</value>
         <object_component_ref idref="oc-8e1"/>
      </symbol>
      <symbol id="sm-c79">
         <name>__mspabi_sral_5</name>
         <value>0x1572a</value>
         <object_component_ref idref="oc-8e1"/>
      </symbol>
      <symbol id="sm-c7a">
         <name>__mspabi_sral_2</name>
         <value>0x15736</value>
         <object_component_ref idref="oc-8e1"/>
      </symbol>
      <symbol id="sm-c7b">
         <name>__mspabi_sral_3</name>
         <value>0x15732</value>
         <object_component_ref idref="oc-8e1"/>
      </symbol>
      <symbol id="sm-c7c">
         <name>__mspabi_sral_1</name>
         <value>0x1573a</value>
         <object_component_ref idref="oc-8e1"/>
      </symbol>
      <symbol id="sm-c88">
         <name>__mspabi_remi</name>
         <value>0x15bba</value>
         <object_component_ref idref="oc-88f"/>
      </symbol>
      <symbol id="sm-c89">
         <name>__mspabi_divi</name>
         <value>0x15bba</value>
         <object_component_ref idref="oc-88f"/>
      </symbol>
      <symbol id="sm-c93">
         <name>__mspabi_remu</name>
         <value>0x16004</value>
         <object_component_ref idref="oc-885"/>
      </symbol>
      <symbol id="sm-c94">
         <name>__mspabi_divu</name>
         <value>0x16004</value>
         <object_component_ref idref="oc-885"/>
      </symbol>
      <symbol id="sm-cb1">
         <name>__mspabi_subf</name>
         <value>0x12ac0</value>
         <object_component_ref idref="oc-9fb"/>
      </symbol>
      <symbol id="sm-cb2">
         <name>__mspabi_addf</name>
         <value>0x12ac6</value>
         <object_component_ref idref="oc-9fb"/>
      </symbol>
      <symbol id="sm-cc2">
         <name>__mspabi_cmpf</name>
         <value>0x1544c</value>
         <object_component_ref idref="oc-a2c"/>
      </symbol>
      <symbol id="sm-cd4">
         <name>__mspabi_divf</name>
         <value>0x14670</value>
         <object_component_ref idref="oc-a1e"/>
      </symbol>
      <symbol id="sm-ce1">
         <name>__mspabi_fltif</name>
         <value>0x159f8</value>
         <object_component_ref idref="oc-9f6"/>
      </symbol>
      <symbol id="sm-cf9">
         <name>__mspabi_mpyf</name>
         <value>0x13bbe</value>
         <object_component_ref idref="oc-a36"/>
      </symbol>
      <symbol id="sm-d02">
         <name>__mspabi_negf</name>
         <value>0x16242</value>
         <object_component_ref idref="oc-a25"/>
      </symbol>
      <symbol id="sm-d14">
         <name>__mspabi_fixfi</name>
         <value>0x14c02</value>
         <object_component_ref idref="oc-a31"/>
      </symbol>
      <symbol id="sm-d18">
         <name>__TI_int41</name>
         <value>0xffd2</value>
         <object_component_ref idref="oc-79"/>
      </symbol>
      <symbol id="sm-d1b">
         <name>__TI_int42</name>
         <value>0xffd4</value>
         <object_component_ref idref="oc-7a"/>
      </symbol>
      <symbol id="sm-d1e">
         <name>__TI_int43</name>
         <value>0xffd6</value>
         <object_component_ref idref="oc-7b"/>
      </symbol>
      <symbol id="sm-d21">
         <name>__TI_int45</name>
         <value>0xffda</value>
         <object_component_ref idref="oc-7d"/>
      </symbol>
      <symbol id="sm-d24">
         <name>__TI_int49</name>
         <value>0xffe2</value>
         <object_component_ref idref="oc-81"/>
      </symbol>
      <symbol id="sm-d27">
         <name>__TI_int51</name>
         <value>0xffe6</value>
         <object_component_ref idref="oc-83"/>
      </symbol>
      <symbol id="sm-d2a">
         <name>__TI_int52</name>
         <value>0xffe8</value>
         <object_component_ref idref="oc-84"/>
      </symbol>
      <symbol id="sm-d2d">
         <name>__TI_int54</name>
         <value>0xffec</value>
         <object_component_ref idref="oc-86"/>
      </symbol>
      <symbol id="sm-d30">
         <name>__TI_int55</name>
         <value>0xffee</value>
         <object_component_ref idref="oc-87"/>
      </symbol>
      <symbol id="sm-d33">
         <name>__TI_int57</name>
         <value>0xfff2</value>
         <object_component_ref idref="oc-89"/>
      </symbol>
      <symbol id="sm-d36">
         <name>__TI_int58</name>
         <value>0xfff4</value>
         <object_component_ref idref="oc-8a"/>
      </symbol>
      <symbol id="sm-d39">
         <name>__TI_int59</name>
         <value>0xfff6</value>
         <object_component_ref idref="oc-8b"/>
      </symbol>
      <symbol id="sm-d3c">
         <name>__TI_int60</name>
         <value>0xfff8</value>
         <object_component_ref idref="oc-8c"/>
      </symbol>
      <symbol id="sm-d3f">
         <name>__TI_int61</name>
         <value>0xfffa</value>
         <object_component_ref idref="oc-8d"/>
      </symbol>
      <symbol id="sm-d42">
         <name>__TI_int62</name>
         <value>0xfffc</value>
         <object_component_ref idref="oc-8e"/>
      </symbol>
      <symbol id="sm-d4a">
         <name>__TI_ISR_TRAP</name>
         <value>0x453e</value>
         <object_component_ref idref="oc-387"/>
      </symbol>
      <symbol id="sm-d52">
         <name>__mspabi_slll_9</name>
         <value>0x15758</value>
         <object_component_ref idref="oc-7f4"/>
      </symbol>
      <symbol id="sm-d53">
         <name>__mspabi_slll_8</name>
         <value>0x1575c</value>
         <object_component_ref idref="oc-7f4"/>
      </symbol>
      <symbol id="sm-d54">
         <name>__mspabi_slll_7</name>
         <value>0x15760</value>
         <object_component_ref idref="oc-7f4"/>
      </symbol>
      <symbol id="sm-d55">
         <name>__mspabi_slll_6</name>
         <value>0x15764</value>
         <object_component_ref idref="oc-7f4"/>
      </symbol>
      <symbol id="sm-d56">
         <name>__mspabi_slll_5</name>
         <value>0x15768</value>
         <object_component_ref idref="oc-7f4"/>
      </symbol>
      <symbol id="sm-d57">
         <name>__mspabi_slll_4</name>
         <value>0x1576c</value>
         <object_component_ref idref="oc-7f4"/>
      </symbol>
      <symbol id="sm-d58">
         <name>__mspabi_slll_3</name>
         <value>0x15770</value>
         <object_component_ref idref="oc-7f4"/>
      </symbol>
      <symbol id="sm-d59">
         <name>__mspabi_slll_2</name>
         <value>0x15774</value>
         <object_component_ref idref="oc-7f4"/>
      </symbol>
      <symbol id="sm-d5a">
         <name>__mspabi_slll_1</name>
         <value>0x15778</value>
         <object_component_ref idref="oc-7f4"/>
      </symbol>
      <symbol id="sm-d5b">
         <name>__mspabi_slll_15</name>
         <value>0x15740</value>
         <object_component_ref idref="oc-7f4"/>
      </symbol>
      <symbol id="sm-d5c">
         <name>__mspabi_slll_14</name>
         <value>0x15744</value>
         <object_component_ref idref="oc-7f4"/>
      </symbol>
      <symbol id="sm-d5d">
         <name>__mspabi_slll_13</name>
         <value>0x15748</value>
         <object_component_ref idref="oc-7f4"/>
      </symbol>
      <symbol id="sm-d5e">
         <name>__mspabi_slll_12</name>
         <value>0x1574c</value>
         <object_component_ref idref="oc-7f4"/>
      </symbol>
      <symbol id="sm-d5f">
         <name>__mspabi_slll_11</name>
         <value>0x15750</value>
         <object_component_ref idref="oc-7f4"/>
      </symbol>
      <symbol id="sm-d60">
         <name>__mspabi_slll_10</name>
         <value>0x15754</value>
         <object_component_ref idref="oc-7f4"/>
      </symbol>
      <symbol id="sm-d69">
         <name>__mspabi_mpyi_f5hw</name>
         <value>0x15fa6</value>
         <object_component_ref idref="oc-88a"/>
      </symbol>
      <symbol id="sm-d73">
         <name>__mspabi_mpyl_f5hw</name>
         <value>0x15de8</value>
         <object_component_ref idref="oc-805"/>
      </symbol>
      <symbol id="sm-d85">
         <name>_stack</name>
         <value>0x4360</value>
         <object_component_ref idref="oc-36b"/>
      </symbol>
      <symbol id="sm-d86">
         <name>_c_int00_noargs</name>
         <value>0x44de</value>
         <object_component_ref idref="oc-3c8"/>
      </symbol>
      <symbol id="sm-d87">
         <name>_reset_vector</name>
         <value>0xfffe</value>
         <object_component_ref idref="oc-36e"/>
      </symbol>
      <symbol id="sm-daa">
         <name>__TI_auto_init_nobinit_nopinit_hold_wdt</name>
         <value>0x15272</value>
         <object_component_ref idref="oc-5d3"/>
      </symbol>
      <symbol id="sm-dbd">
         <name>__TI_zero_init</name>
         <value>0x15d58</value>
         <object_component_ref idref="oc-3bc"/>
      </symbol>
      <symbol id="sm-dcd">
         <name>_system_pre_init</name>
         <value>0x1629e</value>
         <object_component_ref idref="oc-445"/>
      </symbol>
      <symbol id="sm-dd6">
         <name>_system_post_cinit</name>
         <value>0x162a2</value>
         <object_component_ref idref="oc-778"/>
      </symbol>
      <symbol id="sm-de7">
         <name>__TI_decompress_none</name>
         <value>0x16100</value>
         <object_component_ref idref="oc-73"/>
      </symbol>
      <symbol id="sm-e0a">
         <name>__TI_decompress_lzss</name>
         <value>0x14802</value>
         <object_component_ref idref="oc-6d"/>
      </symbol>
      <symbol id="sm-e24">
         <name>__mspabi_cvtdf</name>
         <value>0x13c76</value>
         <object_component_ref idref="oc-a18"/>
      </symbol>
      <symbol id="sm-e5e">
         <name>__mspabi_addd</name>
         <value>0x10000</value>
         <object_component_ref idref="oc-a12"/>
      </symbol>
      <symbol id="sm-e72">
         <name>__mspabi_cvtfd</name>
         <value>0x14d9e</value>
         <object_component_ref idref="oc-a00"/>
      </symbol>
      <symbol id="sm-e93">
         <name>__mspabi_divd</name>
         <value>0x12002</value>
         <object_component_ref idref="oc-a0c"/>
      </symbol>
      <symbol id="sm-e9e">
         <name>__mspabi_fltid</name>
         <value>0x161f6</value>
         <object_component_ref idref="oc-a06"/>
      </symbol>
      <symbol id="sm-eb6">
         <name>__mspabi_fltlid</name>
         <value>0x14072</value>
         <object_component_ref idref="oc-a71"/>
      </symbol>
      <symbol id="sm-ed3">
         <name>__TI_frcdivd</name>
         <value>0x1072a</value>
         <object_component_ref idref="oc-a78"/>
      </symbol>
      <symbol id="sm-ee0">
         <name>C$$EXIT</name>
         <value>0x16286</value>
         <object_component_ref idref="oc-5af"/>
      </symbol>
      <symbol id="sm-ee1">
         <name>abort</name>
         <value>0x16286</value>
         <object_component_ref idref="oc-5af"/>
      </symbol>
      <symbol id="sm-ef1">
         <name>memcpy</name>
         <value>0x160b2</value>
         <object_component_ref idref="oc-37a"/>
      </symbol>
      <symbol id="sm-efb">
         <name>abs</name>
         <value>0x1621a</value>
         <object_component_ref idref="oc-8cc"/>
      </symbol>
      <symbol id="sm-f03">
         <name>__mspabi_srll_8</name>
         <value>0x1579a</value>
         <object_component_ref idref="oc-aad"/>
      </symbol>
      <symbol id="sm-f04">
         <name>__mspabi_srll_9</name>
         <value>0x15796</value>
         <object_component_ref idref="oc-aad"/>
      </symbol>
      <symbol id="sm-f05">
         <name>__mspabi_srll_6</name>
         <value>0x157a2</value>
         <object_component_ref idref="oc-aad"/>
      </symbol>
      <symbol id="sm-f06">
         <name>__mspabi_srll_7</name>
         <value>0x1579e</value>
         <object_component_ref idref="oc-aad"/>
      </symbol>
      <symbol id="sm-f07">
         <name>__mspabi_srll_4</name>
         <value>0x157aa</value>
         <object_component_ref idref="oc-aad"/>
      </symbol>
      <symbol id="sm-f08">
         <name>__mspabi_srll_5</name>
         <value>0x157a6</value>
         <object_component_ref idref="oc-aad"/>
      </symbol>
      <symbol id="sm-f09">
         <name>__mspabi_srll_2</name>
         <value>0x157b2</value>
         <object_component_ref idref="oc-aad"/>
      </symbol>
      <symbol id="sm-f0a">
         <name>__mspabi_srll_3</name>
         <value>0x157ae</value>
         <object_component_ref idref="oc-aad"/>
      </symbol>
      <symbol id="sm-f0b">
         <name>__mspabi_srll_1</name>
         <value>0x157b6</value>
         <object_component_ref idref="oc-aad"/>
      </symbol>
      <symbol id="sm-f0c">
         <name>__mspabi_srll_15</name>
         <value>0x1577e</value>
         <object_component_ref idref="oc-aad"/>
      </symbol>
      <symbol id="sm-f0d">
         <name>__mspabi_srll_14</name>
         <value>0x15782</value>
         <object_component_ref idref="oc-aad"/>
      </symbol>
      <symbol id="sm-f0e">
         <name>__mspabi_srll_13</name>
         <value>0x15786</value>
         <object_component_ref idref="oc-aad"/>
      </symbol>
      <symbol id="sm-f0f">
         <name>__mspabi_srll_12</name>
         <value>0x1578a</value>
         <object_component_ref idref="oc-aad"/>
      </symbol>
      <symbol id="sm-f10">
         <name>__mspabi_srll_11</name>
         <value>0x1578e</value>
         <object_component_ref idref="oc-aad"/>
      </symbol>
      <symbol id="sm-f11">
         <name>__mspabi_srll_10</name>
         <value>0x15792</value>
         <object_component_ref idref="oc-aad"/>
      </symbol>
      <symbol id="sm-f1f">
         <name>__mspabi_srall</name>
         <value>0x15682</value>
         <object_component_ref idref="oc-a85"/>
      </symbol>
      <symbol id="sm-f2c">
         <name>__mspabi_sllll</name>
         <value>0x15872</value>
         <object_component_ref idref="oc-a8b"/>
      </symbol>
   </symbol_table>
   <title>Link successful</title>
</link_info>
