<?xml version="1.0" encoding="ISO-8859-1" ?>
<link_info>
   <banner>MSP430 Linker PC v21.6.1.LTS</banner>
   <copyright>Copyright (c) 2003-2018 Texas Instruments Incorporated</copyright>
   <link_time>0x676ec433</link_time>
   <link_errors>0x0</link_errors>
   <output_file>Puka_20.out</output_file>
   <entry_point>
      <name>_c_int00_noargs</name>
      <address>0x44de</address>
   </entry_point>
   <input_file_list>
      <input_file id="fl-2">
         <path>.\</path>
         <kind>object</kind>
         <file>Estados.obj</file>
         <name>Estados.obj</name>
      </input_file>
      <input_file id="fl-3">
         <path>.\</path>
         <kind>object</kind>
         <file>Gpio.obj</file>
         <name>Gpio.obj</name>
      </input_file>
      <input_file id="fl-4">
         <path>.\</path>
         <kind>object</kind>
         <file>Gprs.obj</file>
         <name>Gprs.obj</name>
      </input_file>
      <input_file id="fl-5">
         <path>.\</path>
         <kind>object</kind>
         <file>Gps.obj</file>
         <name>Gps.obj</name>
      </input_file>
      <input_file id="fl-6">
         <path>.\</path>
         <kind>object</kind>
         <file>Int.obj</file>
         <name>Int.obj</name>
      </input_file>
      <input_file id="fl-7">
         <path>.\</path>
         <kind>object</kind>
         <file>Lcd.obj</file>
         <name>Lcd.obj</name>
      </input_file>
      <input_file id="fl-8">
         <path>.\</path>
         <kind>object</kind>
         <file>Modos.obj</file>
         <name>Modos.obj</name>
      </input_file>
      <input_file id="fl-9">
         <path>.\</path>
         <kind>object</kind>
         <file>Mpu.obj</file>
         <name>Mpu.obj</name>
      </input_file>
      <input_file id="fl-a">
         <path>.\</path>
         <kind>object</kind>
         <file>Puka.obj</file>
         <name>Puka.obj</name>
      </input_file>
      <input_file id="fl-b">
         <path>.\</path>
         <kind>object</kind>
         <file>Rtc.obj</file>
         <name>Rtc.obj</name>
      </input_file>
      <input_file id="fl-c">
         <path>.\</path>
         <kind>object</kind>
         <file>Serial.obj</file>
         <name>Serial.obj</name>
      </input_file>
      <input_file id="fl-d">
         <path>.\</path>
         <kind>object</kind>
         <file>Strings.obj</file>
         <name>Strings.obj</name>
      </input_file>
      <input_file id="fl-e">
         <path>.\</path>
         <kind>object</kind>
         <file>Timer.obj</file>
         <name>Timer.obj</name>
      </input_file>
      <input_file id="fl-f">
         <path>.\</path>
         <kind>object</kind>
         <file>Wq.obj</file>
         <name>Wq.obj</name>
      </input_file>
      <input_file id="fl-15">
         <kind>object</kind>
         <file>&lt;internal&gt;</file>
         <name>&lt;internal&gt;</name>
      </input_file>
      <input_file id="fl-30">
         <path>C:\ti\ccs1250\ccs\tools\compiler\ti-cgt-msp430_21.6.1.LTS\lib\</path>
         <kind>archive</kind>
         <file>rts430x_lc_rd_eabi.lib</file>
         <name>asr32.asm.obj</name>
      </input_file>
      <input_file id="fl-31">
         <path>C:\ti\ccs1250\ccs\tools\compiler\ti-cgt-msp430_21.6.1.LTS\lib\</path>
         <kind>archive</kind>
         <file>rts430x_lc_rd_eabi.lib</file>
         <name>div16s.asm.obj</name>
      </input_file>
      <input_file id="fl-32">
         <path>C:\ti\ccs1250\ccs\tools\compiler\ti-cgt-msp430_21.6.1.LTS\lib\</path>
         <kind>archive</kind>
         <file>rts430x_lc_rd_eabi.lib</file>
         <name>div16u.asm.obj</name>
      </input_file>
      <input_file id="fl-33">
         <path>C:\ti\ccs1250\ccs\tools\compiler\ti-cgt-msp430_21.6.1.LTS\lib\</path>
         <kind>archive</kind>
         <file>rts430x_lc_rd_eabi.lib</file>
         <name>div32s.asm.obj</name>
      </input_file>
      <input_file id="fl-34">
         <path>C:\ti\ccs1250\ccs\tools\compiler\ti-cgt-msp430_21.6.1.LTS\lib\</path>
         <kind>archive</kind>
         <file>rts430x_lc_rd_eabi.lib</file>
         <name>div32u.asm.obj</name>
      </input_file>
      <input_file id="fl-35">
         <path>C:\ti\ccs1250\ccs\tools\compiler\ti-cgt-msp430_21.6.1.LTS\lib\</path>
         <kind>archive</kind>
         <file>rts430x_lc_rd_eabi.lib</file>
         <name>fs_add.asm.obj</name>
      </input_file>
      <input_file id="fl-36">
         <path>C:\ti\ccs1250\ccs\tools\compiler\ti-cgt-msp430_21.6.1.LTS\lib\</path>
         <kind>archive</kind>
         <file>rts430x_lc_rd_eabi.lib</file>
         <name>fs_cmp.asm.obj</name>
      </input_file>
      <input_file id="fl-37">
         <path>C:\ti\ccs1250\ccs\tools\compiler\ti-cgt-msp430_21.6.1.LTS\lib\</path>
         <kind>archive</kind>
         <file>rts430x_lc_rd_eabi.lib</file>
         <name>fs_div.asm.obj</name>
      </input_file>
      <input_file id="fl-38">
         <path>C:\ti\ccs1250\ccs\tools\compiler\ti-cgt-msp430_21.6.1.LTS\lib\</path>
         <kind>archive</kind>
         <file>rts430x_lc_rd_eabi.lib</file>
         <name>fs_itof.asm.obj</name>
      </input_file>
      <input_file id="fl-39">
         <path>C:\ti\ccs1250\ccs\tools\compiler\ti-cgt-msp430_21.6.1.LTS\lib\</path>
         <kind>archive</kind>
         <file>rts430x_lc_rd_eabi.lib</file>
         <name>fs_ltof.asm.obj</name>
      </input_file>
      <input_file id="fl-3a">
         <path>C:\ti\ccs1250\ccs\tools\compiler\ti-cgt-msp430_21.6.1.LTS\lib\</path>
         <kind>archive</kind>
         <file>rts430x_lc_rd_eabi.lib</file>
         <name>fs_mpy.asm.obj</name>
      </input_file>
      <input_file id="fl-3b">
         <path>C:\ti\ccs1250\ccs\tools\compiler\ti-cgt-msp430_21.6.1.LTS\lib\</path>
         <kind>archive</kind>
         <file>rts430x_lc_rd_eabi.lib</file>
         <name>fs_neg.asm.obj</name>
      </input_file>
      <input_file id="fl-3c">
         <path>C:\ti\ccs1250\ccs\tools\compiler\ti-cgt-msp430_21.6.1.LTS\lib\</path>
         <kind>archive</kind>
         <file>rts430x_lc_rd_eabi.lib</file>
         <name>fs_toi.asm.obj</name>
      </input_file>
      <input_file id="fl-3d">
         <path>C:\ti\ccs1250\ccs\tools\compiler\ti-cgt-msp430_21.6.1.LTS\lib\</path>
         <kind>archive</kind>
         <file>rts430x_lc_rd_eabi.lib</file>
         <name>fs_utof.asm.obj</name>
      </input_file>
      <input_file id="fl-3e">
         <path>C:\ti\ccs1250\ccs\tools\compiler\ti-cgt-msp430_21.6.1.LTS\lib\</path>
         <kind>archive</kind>
         <file>rts430x_lc_rd_eabi.lib</file>
         <name>int41.asm.obj</name>
      </input_file>
      <input_file id="fl-3f">
         <path>C:\ti\ccs1250\ccs\tools\compiler\ti-cgt-msp430_21.6.1.LTS\lib\</path>
         <kind>archive</kind>
         <file>rts430x_lc_rd_eabi.lib</file>
         <name>int42.asm.obj</name>
      </input_file>
      <input_file id="fl-40">
         <path>C:\ti\ccs1250\ccs\tools\compiler\ti-cgt-msp430_21.6.1.LTS\lib\</path>
         <kind>archive</kind>
         <file>rts430x_lc_rd_eabi.lib</file>
         <name>int43.asm.obj</name>
      </input_file>
      <input_file id="fl-41">
         <path>C:\ti\ccs1250\ccs\tools\compiler\ti-cgt-msp430_21.6.1.LTS\lib\</path>
         <kind>archive</kind>
         <file>rts430x_lc_rd_eabi.lib</file>
         <name>int45.asm.obj</name>
      </input_file>
      <input_file id="fl-42">
         <path>C:\ti\ccs1250\ccs\tools\compiler\ti-cgt-msp430_21.6.1.LTS\lib\</path>
         <kind>archive</kind>
         <file>rts430x_lc_rd_eabi.lib</file>
         <name>int49.asm.obj</name>
      </input_file>
      <input_file id="fl-43">
         <path>C:\ti\ccs1250\ccs\tools\compiler\ti-cgt-msp430_21.6.1.LTS\lib\</path>
         <kind>archive</kind>
         <file>rts430x_lc_rd_eabi.lib</file>
         <name>int51.asm.obj</name>
      </input_file>
      <input_file id="fl-44">
         <path>C:\ti\ccs1250\ccs\tools\compiler\ti-cgt-msp430_21.6.1.LTS\lib\</path>
         <kind>archive</kind>
         <file>rts430x_lc_rd_eabi.lib</file>
         <name>int52.asm.obj</name>
      </input_file>
      <input_file id="fl-45">
         <path>C:\ti\ccs1250\ccs\tools\compiler\ti-cgt-msp430_21.6.1.LTS\lib\</path>
         <kind>archive</kind>
         <file>rts430x_lc_rd_eabi.lib</file>
         <name>int54.asm.obj</name>
      </input_file>
      <input_file id="fl-46">
         <path>C:\ti\ccs1250\ccs\tools\compiler\ti-cgt-msp430_21.6.1.LTS\lib\</path>
         <kind>archive</kind>
         <file>rts430x_lc_rd_eabi.lib</file>
         <name>int55.asm.obj</name>
      </input_file>
      <input_file id="fl-47">
         <path>C:\ti\ccs1250\ccs\tools\compiler\ti-cgt-msp430_21.6.1.LTS\lib\</path>
         <kind>archive</kind>
         <file>rts430x_lc_rd_eabi.lib</file>
         <name>int57.asm.obj</name>
      </input_file>
      <input_file id="fl-48">
         <path>C:\ti\ccs1250\ccs\tools\compiler\ti-cgt-msp430_21.6.1.LTS\lib\</path>
         <kind>archive</kind>
         <file>rts430x_lc_rd_eabi.lib</file>
         <name>int58.asm.obj</name>
      </input_file>
      <input_file id="fl-49">
         <path>C:\ti\ccs1250\ccs\tools\compiler\ti-cgt-msp430_21.6.1.LTS\lib\</path>
         <kind>archive</kind>
         <file>rts430x_lc_rd_eabi.lib</file>
         <name>int59.asm.obj</name>
      </input_file>
      <input_file id="fl-4a">
         <path>C:\ti\ccs1250\ccs\tools\compiler\ti-cgt-msp430_21.6.1.LTS\lib\</path>
         <kind>archive</kind>
         <file>rts430x_lc_rd_eabi.lib</file>
         <name>int60.asm.obj</name>
      </input_file>
      <input_file id="fl-4b">
         <path>C:\ti\ccs1250\ccs\tools\compiler\ti-cgt-msp430_21.6.1.LTS\lib\</path>
         <kind>archive</kind>
         <file>rts430x_lc_rd_eabi.lib</file>
         <name>int61.asm.obj</name>
      </input_file>
      <input_file id="fl-4c">
         <path>C:\ti\ccs1250\ccs\tools\compiler\ti-cgt-msp430_21.6.1.LTS\lib\</path>
         <kind>archive</kind>
         <file>rts430x_lc_rd_eabi.lib</file>
         <name>int62.asm.obj</name>
      </input_file>
      <input_file id="fl-4d">
         <path>C:\ti\ccs1250\ccs\tools\compiler\ti-cgt-msp430_21.6.1.LTS\lib\</path>
         <kind>archive</kind>
         <file>rts430x_lc_rd_eabi.lib</file>
         <name>isr_trap.asm.obj</name>
      </input_file>
      <input_file id="fl-4e">
         <path>C:\ti\ccs1250\ccs\tools\compiler\ti-cgt-msp430_21.6.1.LTS\lib\</path>
         <kind>archive</kind>
         <file>rts430x_lc_rd_eabi.lib</file>
         <name>lsl32.asm.obj</name>
      </input_file>
      <input_file id="fl-4f">
         <path>C:\ti\ccs1250\ccs\tools\compiler\ti-cgt-msp430_21.6.1.LTS\lib\</path>
         <kind>archive</kind>
         <file>rts430x_lc_rd_eabi.lib</file>
         <name>mult16.asm.obj</name>
      </input_file>
      <input_file id="fl-50">
         <path>C:\ti\ccs1250\ccs\tools\compiler\ti-cgt-msp430_21.6.1.LTS\lib\</path>
         <kind>archive</kind>
         <file>rts430x_lc_rd_eabi.lib</file>
         <name>mult16_f5hw.asm.obj</name>
      </input_file>
      <input_file id="fl-51">
         <path>C:\ti\ccs1250\ccs\tools\compiler\ti-cgt-msp430_21.6.1.LTS\lib\</path>
         <kind>archive</kind>
         <file>rts430x_lc_rd_eabi.lib</file>
         <name>mult1632_f5hw.asm.obj</name>
      </input_file>
      <input_file id="fl-52">
         <path>C:\ti\ccs1250\ccs\tools\compiler\ti-cgt-msp430_21.6.1.LTS\lib\</path>
         <kind>archive</kind>
         <file>rts430x_lc_rd_eabi.lib</file>
         <name>mult32.asm.obj</name>
      </input_file>
      <input_file id="fl-53">
         <path>C:\ti\ccs1250\ccs\tools\compiler\ti-cgt-msp430_21.6.1.LTS\lib\</path>
         <kind>archive</kind>
         <file>rts430x_lc_rd_eabi.lib</file>
         <name>mult32_f5hw.asm.obj</name>
      </input_file>
      <input_file id="fl-54">
         <path>C:\ti\ccs1250\ccs\tools\compiler\ti-cgt-msp430_21.6.1.LTS\lib\</path>
         <kind>archive</kind>
         <file>rts430x_lc_rd_eabi.lib</file>
         <name>mult3264_f5hw.asm.obj</name>
      </input_file>
      <input_file id="fl-55">
         <path>C:\ti\ccs1250\ccs\tools\compiler\ti-cgt-msp430_21.6.1.LTS\lib\</path>
         <kind>archive</kind>
         <file>rts430x_lc_rd_eabi.lib</file>
         <name>mult64_f5hw.asm.obj</name>
      </input_file>
      <input_file id="fl-56">
         <path>C:\ti\ccs1250\ccs\tools\compiler\ti-cgt-msp430_21.6.1.LTS\lib\</path>
         <kind>archive</kind>
         <file>rts430x_lc_rd_eabi.lib</file>
         <name>boot.c.obj</name>
      </input_file>
      <input_file id="fl-57">
         <path>C:\ti\ccs1250\ccs\tools\compiler\ti-cgt-msp430_21.6.1.LTS\lib\</path>
         <kind>archive</kind>
         <file>rts430x_lc_rd_eabi.lib</file>
         <name>autoinit.c.obj</name>
      </input_file>
      <input_file id="fl-58">
         <path>C:\ti\ccs1250\ccs\tools\compiler\ti-cgt-msp430_21.6.1.LTS\lib\</path>
         <kind>archive</kind>
         <file>rts430x_lc_rd_eabi.lib</file>
         <name>copy_zero_init.c.obj</name>
      </input_file>
      <input_file id="fl-59">
         <path>C:\ti\ccs1250\ccs\tools\compiler\ti-cgt-msp430_21.6.1.LTS\lib\</path>
         <kind>archive</kind>
         <file>rts430x_lc_rd_eabi.lib</file>
         <name>cpy_tbl.c.obj</name>
      </input_file>
      <input_file id="fl-5a">
         <path>C:\ti\ccs1250\ccs\tools\compiler\ti-cgt-msp430_21.6.1.LTS\lib\</path>
         <kind>archive</kind>
         <file>rts430x_lc_rd_eabi.lib</file>
         <name>mpu_init.c.obj</name>
      </input_file>
      <input_file id="fl-5b">
         <path>C:\ti\ccs1250\ccs\tools\compiler\ti-cgt-msp430_21.6.1.LTS\lib\</path>
         <kind>archive</kind>
         <file>rts430x_lc_rd_eabi.lib</file>
         <name>pre_init.c.obj</name>
      </input_file>
      <input_file id="fl-5c">
         <path>C:\ti\ccs1250\ccs\tools\compiler\ti-cgt-msp430_21.6.1.LTS\lib\</path>
         <kind>archive</kind>
         <file>rts430x_lc_rd_eabi.lib</file>
         <name>startup.c.obj</name>
      </input_file>
      <input_file id="fl-5d">
         <path>C:\ti\ccs1250\ccs\tools\compiler\ti-cgt-msp430_21.6.1.LTS\lib\</path>
         <kind>archive</kind>
         <file>rts430x_lc_rd_eabi.lib</file>
         <name>copy_decompress_none.c.obj</name>
      </input_file>
      <input_file id="fl-5e">
         <path>C:\ti\ccs1250\ccs\tools\compiler\ti-cgt-msp430_21.6.1.LTS\lib\</path>
         <kind>archive</kind>
         <file>rts430x_lc_rd_eabi.lib</file>
         <name>copy_decompress_lzss.c.obj</name>
      </input_file>
      <input_file id="fl-5f">
         <path>C:\ti\ccs1250\ccs\tools\compiler\ti-cgt-msp430_21.6.1.LTS\lib\</path>
         <kind>archive</kind>
         <file>rts430x_lc_rd_eabi.lib</file>
         <name>cvtdf.c.obj</name>
      </input_file>
      <input_file id="fl-60">
         <path>C:\ti\ccs1250\ccs\tools\compiler\ti-cgt-msp430_21.6.1.LTS\lib\</path>
         <kind>archive</kind>
         <file>rts430x_lc_rd_eabi.lib</file>
         <name>addd.c.obj</name>
      </input_file>
      <input_file id="fl-61">
         <path>C:\ti\ccs1250\ccs\tools\compiler\ti-cgt-msp430_21.6.1.LTS\lib\</path>
         <kind>archive</kind>
         <file>rts430x_lc_rd_eabi.lib</file>
         <name>cmpd.c.obj</name>
      </input_file>
      <input_file id="fl-62">
         <path>C:\ti\ccs1250\ccs\tools\compiler\ti-cgt-msp430_21.6.1.LTS\lib\</path>
         <kind>archive</kind>
         <file>rts430x_lc_rd_eabi.lib</file>
         <name>cvtfd.c.obj</name>
      </input_file>
      <input_file id="fl-63">
         <path>C:\ti\ccs1250\ccs\tools\compiler\ti-cgt-msp430_21.6.1.LTS\lib\</path>
         <kind>archive</kind>
         <file>rts430x_lc_rd_eabi.lib</file>
         <name>divd.c.obj</name>
      </input_file>
      <input_file id="fl-64">
         <path>C:\ti\ccs1250\ccs\tools\compiler\ti-cgt-msp430_21.6.1.LTS\lib\</path>
         <kind>archive</kind>
         <file>rts430x_lc_rd_eabi.lib</file>
         <name>fixdi.c.obj</name>
      </input_file>
      <input_file id="fl-65">
         <path>C:\ti\ccs1250\ccs\tools\compiler\ti-cgt-msp430_21.6.1.LTS\lib\</path>
         <kind>archive</kind>
         <file>rts430x_lc_rd_eabi.lib</file>
         <name>fixdli.c.obj</name>
      </input_file>
      <input_file id="fl-66">
         <path>C:\ti\ccs1250\ccs\tools\compiler\ti-cgt-msp430_21.6.1.LTS\lib\</path>
         <kind>archive</kind>
         <file>rts430x_lc_rd_eabi.lib</file>
         <name>fltid.c.obj</name>
      </input_file>
      <input_file id="fl-67">
         <path>C:\ti\ccs1250\ccs\tools\compiler\ti-cgt-msp430_21.6.1.LTS\lib\</path>
         <kind>archive</kind>
         <file>rts430x_lc_rd_eabi.lib</file>
         <name>fltlid.c.obj</name>
      </input_file>
      <input_file id="fl-68">
         <path>C:\ti\ccs1250\ccs\tools\compiler\ti-cgt-msp430_21.6.1.LTS\lib\</path>
         <kind>archive</kind>
         <file>rts430x_lc_rd_eabi.lib</file>
         <name>fltud.c.obj</name>
      </input_file>
      <input_file id="fl-69">
         <path>C:\ti\ccs1250\ccs\tools\compiler\ti-cgt-msp430_21.6.1.LTS\lib\</path>
         <kind>archive</kind>
         <file>rts430x_lc_rd_eabi.lib</file>
         <name>fltuld.c.obj</name>
      </input_file>
      <input_file id="fl-6a">
         <path>C:\ti\ccs1250\ccs\tools\compiler\ti-cgt-msp430_21.6.1.LTS\lib\</path>
         <kind>archive</kind>
         <file>rts430x_lc_rd_eabi.lib</file>
         <name>frcdivd.c.obj</name>
      </input_file>
      <input_file id="fl-6b">
         <path>C:\ti\ccs1250\ccs\tools\compiler\ti-cgt-msp430_21.6.1.LTS\lib\</path>
         <kind>archive</kind>
         <file>rts430x_lc_rd_eabi.lib</file>
         <name>mpyd.c.obj</name>
      </input_file>
      <input_file id="fl-6c">
         <path>C:\ti\ccs1250\ccs\tools\compiler\ti-cgt-msp430_21.6.1.LTS\lib\</path>
         <kind>archive</kind>
         <file>rts430x_lc_rd_eabi.lib</file>
         <name>negd.c.obj</name>
      </input_file>
      <input_file id="fl-6d">
         <path>C:\ti\ccs1250\ccs\tools\compiler\ti-cgt-msp430_21.6.1.LTS\lib\</path>
         <kind>archive</kind>
         <file>rts430x_lc_rd_eabi.lib</file>
         <name>subd.c.obj</name>
      </input_file>
      <input_file id="fl-6e">
         <path>C:\ti\ccs1250\ccs\tools\compiler\ti-cgt-msp430_21.6.1.LTS\lib\</path>
         <kind>archive</kind>
         <file>rts430x_lc_rd_eabi.lib</file>
         <name>exit.c.obj</name>
      </input_file>
      <input_file id="fl-6f">
         <path>C:\ti\ccs1250\ccs\tools\compiler\ti-cgt-msp430_21.6.1.LTS\lib\</path>
         <kind>archive</kind>
         <file>rts430x_lc_rd_eabi.lib</file>
         <name>_lock.c.obj</name>
      </input_file>
      <input_file id="fl-70">
         <path>C:\ti\ccs1250\ccs\tools\compiler\ti-cgt-msp430_21.6.1.LTS\lib\</path>
         <kind>archive</kind>
         <file>rts430x_lc_rd_eabi.lib</file>
         <name>args_main.c.obj</name>
      </input_file>
      <input_file id="fl-71">
         <path>C:\ti\ccs1250\ccs\tools\compiler\ti-cgt-msp430_21.6.1.LTS\lib\</path>
         <kind>archive</kind>
         <file>rts430x_lc_rd_eabi.lib</file>
         <name>memcpy.c.obj</name>
      </input_file>
      <input_file id="fl-72">
         <path>C:\ti\ccs1250\ccs\tools\compiler\ti-cgt-msp430_21.6.1.LTS\lib\</path>
         <kind>archive</kind>
         <file>rts430x_lc_rd_eabi.lib</file>
         <name>abs.c.obj</name>
      </input_file>
      <input_file id="fl-73">
         <path>C:\ti\ccs1250\ccs\tools\compiler\ti-cgt-msp430_21.6.1.LTS\lib\</path>
         <kind>archive</kind>
         <file>rts430x_lc_rd_eabi.lib</file>
         <name>lsr32.asm.obj</name>
      </input_file>
      <input_file id="fl-74">
         <path>C:\ti\ccs1250\ccs\tools\compiler\ti-cgt-msp430_21.6.1.LTS\lib\</path>
         <kind>archive</kind>
         <file>rts430x_lc_rd_eabi.lib</file>
         <name>exit_gvars.c.obj</name>
      </input_file>
      <input_file id="fl-75">
         <path>C:\ti\ccs1250\ccs\tools\compiler\ti-cgt-msp430_21.6.1.LTS\lib\</path>
         <kind>archive</kind>
         <file>rts430x_lc_rd_eabi.lib</file>
         <name>asr64.c.obj</name>
      </input_file>
      <input_file id="fl-76">
         <path>C:\ti\ccs1250\ccs\tools\compiler\ti-cgt-msp430_21.6.1.LTS\lib\</path>
         <kind>archive</kind>
         <file>rts430x_lc_rd_eabi.lib</file>
         <name>lsl64.c.obj</name>
      </input_file>
      <input_file id="fl-77">
         <path>C:\ti\ccs1250\ccs\tools\compiler\ti-cgt-msp430_21.6.1.LTS\lib\</path>
         <kind>archive</kind>
         <file>rts430x_lc_rd_eabi.lib</file>
         <name>lsr64.c.obj</name>
      </input_file>
      <input_file id="fl-78">
         <path>C:\ti\ccs1250\ccs\tools\compiler\ti-cgt-msp430_21.6.1.LTS\lib\</path>
         <kind>archive</kind>
         <file>rts430x_lc_rd_eabi.lib</file>
         <name>frcmpyd.c.obj</name>
      </input_file>
      <input_file id="fl-79">
         <path>C:\ti\ccs1250\ccs\tools\compiler\ti-cgt-msp430_21.6.1.LTS\lib\</path>
         <kind>archive</kind>
         <file>rts430x_lc_rd_eabi.lib</file>
         <name>mult3264.asm.obj</name>
      </input_file>
      <input_file id="fl-7a">
         <path>C:\ti\ccs1250\ccs\tools\compiler\ti-cgt-msp430_21.6.1.LTS\lib\</path>
         <kind>archive</kind>
         <file>rts430x_lc_rd_eabi.lib</file>
         <name>mult64.asm.obj</name>
      </input_file>
      <input_file id="fl-7b">
         <path>C:\ti\ccs1250\ccs\tools\compiler\ti-cgt-msp430_21.6.1.LTS\lib\</path>
         <kind>archive</kind>
         <file>rts430x_lc_rd_eabi.lib</file>
         <name>mult1632.asm.obj</name>
      </input_file>
   </input_file_list>
   <object_component_list>
      <object_component id="oc-505">
         <name>.common:modo</name>
         <uninitialized>true</uninitialized>
         <run_address>0x2788</run_address>
         <size>0x1</size>
      </object_component>
      <object_component id="oc-504">
         <name>.common:mpu_tem</name>
         <uninitialized>true</uninitialized>
         <run_address>0x2789</run_address>
         <size>0x1</size>
      </object_component>
      <object_component id="oc-425">
         <name>.common:crono_cont</name>
         <uninitialized>true</uninitialized>
         <run_address>0x2752</run_address>
         <size>0x2</size>
      </object_component>
      <object_component id="oc-414">
         <name>.common:flag_c_seg</name>
         <uninitialized>true</uninitialized>
         <run_address>0x277a</run_address>
         <size>0x1</size>
      </object_component>
      <object_component id="oc-417">
         <name>.common:flag_d_seg</name>
         <uninitialized>true</uninitialized>
         <run_address>0x277b</run_address>
         <size>0x1</size>
      </object_component>
      <object_component id="oc-419">
         <name>.common:flag_seg</name>
         <uninitialized>true</uninitialized>
         <run_address>0x277c</run_address>
         <size>0x1</size>
      </object_component>
      <object_component id="oc-415">
         <name>.common:cont_c_seg</name>
         <uninitialized>true</uninitialized>
         <run_address>0x2776</run_address>
         <size>0x1</size>
      </object_component>
      <object_component id="oc-416">
         <name>.common:cont_d_seg</name>
         <uninitialized>true</uninitialized>
         <run_address>0x2777</run_address>
         <size>0x1</size>
      </object_component>
      <object_component id="oc-418">
         <name>.common:cont_seg</name>
         <uninitialized>true</uninitialized>
         <run_address>0x2779</run_address>
         <size>0x1</size>
      </object_component>
      <object_component id="oc-41a">
         <name>.common:cont_min</name>
         <uninitialized>true</uninitialized>
         <run_address>0x2778</run_address>
         <size>0x1</size>
      </object_component>
      <object_component id="oc-475">
         <name>.common:sw1_cont</name>
         <uninitialized>true</uninitialized>
         <run_address>0x278b</run_address>
         <size>0x1</size>
      </object_component>
      <object_component id="oc-476">
         <name>.common:sw1_estado</name>
         <uninitialized>true</uninitialized>
         <run_address>0x278c</run_address>
         <size>0x1</size>
      </object_component>
      <object_component id="oc-477">
         <name>.common:sw1</name>
         <uninitialized>true</uninitialized>
         <run_address>0x278a</run_address>
         <size>0x1</size>
      </object_component>
      <object_component id="oc-478">
         <name>.common:sw2_cont</name>
         <uninitialized>true</uninitialized>
         <run_address>0x278e</run_address>
         <size>0x1</size>
      </object_component>
      <object_component id="oc-479">
         <name>.common:sw2_estado</name>
         <uninitialized>true</uninitialized>
         <run_address>0x278f</run_address>
         <size>0x1</size>
      </object_component>
      <object_component id="oc-47a">
         <name>.common:sw2</name>
         <uninitialized>true</uninitialized>
         <run_address>0x278d</run_address>
         <size>0x1</size>
      </object_component>
      <object_component id="oc-404">
         <name>.common:i2c_tranca</name>
         <uninitialized>true</uninitialized>
         <run_address>0x2784</run_address>
         <size>0x1</size>
      </object_component>
      <object_component id="oc-472">
         <name>.common:lcd_tem</name>
         <uninitialized>true</uninitialized>
         <run_address>0x2787</run_address>
         <size>0x1</size>
      </object_component>
      <object_component id="oc-473">
         <name>.common:lcd_adr</name>
         <uninitialized>true</uninitialized>
         <run_address>0x2785</run_address>
         <size>0x1</size>
      </object_component>
      <object_component id="oc-407">
         <name>.common:lcd_flag</name>
         <uninitialized>true</uninitialized>
         <run_address>0x2786</run_address>
         <size>0x1</size>
      </object_component>
      <object_component id="oc-635">
         <name>.common:lcd_buf</name>
         <uninitialized>true</uninitialized>
         <run_address>0x2400</run_address>
         <size>0x8a</size>
      </object_component>
      <object_component id="oc-484">
         <name>.common:seri_fila</name>
         <uninitialized>true</uninitialized>
         <run_address>0x258a</run_address>
         <size>0x80</size>
      </object_component>
      <object_component id="oc-47d">
         <name>.common:seri_pin</name>
         <uninitialized>true</uninitialized>
         <run_address>0x2770</run_address>
         <size>0x2</size>
      </object_component>
      <object_component id="oc-47c">
         <name>.common:seri_pout</name>
         <uninitialized>true</uninitialized>
         <run_address>0x2772</run_address>
         <size>0x2</size>
      </object_component>
      <object_component id="oc-4a4">
         <name>.common:gprs_fila</name>
         <uninitialized>true</uninitialized>
         <run_address>0x248a</run_address>
         <size>0x80</size>
      </object_component>
      <object_component id="oc-49d">
         <name>.common:gprs_pin</name>
         <uninitialized>true</uninitialized>
         <run_address>0x2754</run_address>
         <size>0x2</size>
      </object_component>
      <object_component id="oc-49c">
         <name>.common:gprs_pout</name>
         <uninitialized>true</uninitialized>
         <run_address>0x2756</run_address>
         <size>0x2</size>
      </object_component>
      <object_component id="oc-5fd">
         <name>.common:gps_tranca</name>
         <uninitialized>true</uninitialized>
         <run_address>0x2783</run_address>
         <size>0x1</size>
      </object_component>
      <object_component id="oc-60b">
         <name>.common:gps_gprmc_novo</name>
         <uninitialized>true</uninitialized>
         <run_address>0x2780</run_address>
         <size>0x1</size>
      </object_component>
      <object_component id="oc-5ff">
         <name>.common:gps_sat</name>
         <uninitialized>true</uninitialized>
         <run_address>0x2782</run_address>
         <size>0x1</size>
      </object_component>
      <object_component id="oc-5fe">
         <name>.common:gps_hora</name>
         <uninitialized>true</uninitialized>
         <run_address>0x26e0</run_address>
         <size>0xc</size>
      </object_component>
      <object_component id="oc-604">
         <name>.common:gps_data</name>
         <uninitialized>true</uninitialized>
         <run_address>0x2704</run_address>
         <size>0x8</size>
      </object_component>
      <object_component id="oc-600">
         <name>.common:gps_lat</name>
         <uninitialized>true</uninitialized>
         <run_address>0x26ec</run_address>
         <size>0xc</size>
      </object_component>
      <object_component id="oc-601">
         <name>.common:gps_ns</name>
         <uninitialized>true</uninitialized>
         <run_address>0x2781</run_address>
         <size>0x1</size>
      </object_component>
      <object_component id="oc-602">
         <name>.common:gps_long</name>
         <uninitialized>true</uninitialized>
         <run_address>0x26f8</run_address>
         <size>0xc</size>
      </object_component>
      <object_component id="oc-603">
         <name>.common:gps_ew</name>
         <uninitialized>true</uninitialized>
         <run_address>0x277e</run_address>
         <size>0x1</size>
      </object_component>
      <object_component id="oc-9bf">
         <name>.common:gps_ew2</name>
         <uninitialized>true</uninitialized>
         <run_address>0x277f</run_address>
         <size>0x1</size>
      </object_component>
      <object_component id="oc-494">
         <name>.common:gps_gprmc</name>
         <uninitialized>true</uninitialized>
         <run_address>0x260a</run_address>
         <size>0x5a</size>
      </object_component>
      <object_component id="oc-48e">
         <name>.common:gps_fila</name>
         <uninitialized>true</uninitialized>
         <run_address>0x250a</run_address>
         <size>0x80</size>
      </object_component>
      <object_component id="oc-487">
         <name>.common:gps_pin</name>
         <uninitialized>true</uninitialized>
         <run_address>0x275a</run_address>
         <size>0x2</size>
      </object_component>
      <object_component id="oc-486">
         <name>.common:gps_pout</name>
         <uninitialized>true</uninitialized>
         <run_address>0x275c</run_address>
         <size>0x2</size>
      </object_component>
      <object_component id="oc-423">
         <name>.common:gps_estado</name>
         <uninitialized>true</uninitialized>
         <run_address>0x2758</run_address>
         <size>0x2</size>
      </object_component>
      <object_component id="oc-428">
         <name>.common:gps_dado</name>
         <uninitialized>true</uninitialized>
         <run_address>0x277d</run_address>
         <size>0x1</size>
      </object_component>
      <object_component id="oc-746">
         <name>.common:ax</name>
         <uninitialized>true</uninitialized>
         <run_address>0x274c</run_address>
         <size>0x2</size>
      </object_component>
      <object_component id="oc-747">
         <name>.common:ay</name>
         <uninitialized>true</uninitialized>
         <run_address>0x274e</run_address>
         <size>0x2</size>
      </object_component>
      <object_component id="oc-748">
         <name>.common:az</name>
         <uninitialized>true</uninitialized>
         <run_address>0x2750</run_address>
         <size>0x2</size>
      </object_component>
      <object_component id="oc-749">
         <name>.common:tp</name>
         <uninitialized>true</uninitialized>
         <run_address>0x2774</run_address>
         <size>0x2</size>
      </object_component>
      <object_component id="oc-74a">
         <name>.common:gx</name>
         <uninitialized>true</uninitialized>
         <run_address>0x275e</run_address>
         <size>0x2</size>
      </object_component>
      <object_component id="oc-74b">
         <name>.common:gy</name>
         <uninitialized>true</uninitialized>
         <run_address>0x2760</run_address>
         <size>0x2</size>
      </object_component>
      <object_component id="oc-74c">
         <name>.common:gz</name>
         <uninitialized>true</uninitialized>
         <run_address>0x2762</run_address>
         <size>0x2</size>
      </object_component>
      <object_component id="oc-919">
         <name>.common:amaiorx</name>
         <uninitialized>true</uninitialized>
         <run_address>0x2740</run_address>
         <size>0x2</size>
      </object_component>
      <object_component id="oc-91a">
         <name>.common:amenorx</name>
         <uninitialized>true</uninitialized>
         <run_address>0x2746</run_address>
         <size>0x2</size>
      </object_component>
      <object_component id="oc-91b">
         <name>.common:amaiory</name>
         <uninitialized>true</uninitialized>
         <run_address>0x2742</run_address>
         <size>0x2</size>
      </object_component>
      <object_component id="oc-91c">
         <name>.common:amenory</name>
         <uninitialized>true</uninitialized>
         <run_address>0x2748</run_address>
         <size>0x2</size>
      </object_component>
      <object_component id="oc-91d">
         <name>.common:amaiorz</name>
         <uninitialized>true</uninitialized>
         <run_address>0x2744</run_address>
         <size>0x2</size>
      </object_component>
      <object_component id="oc-91e">
         <name>.common:amenorz</name>
         <uninitialized>true</uninitialized>
         <run_address>0x274a</run_address>
         <size>0x2</size>
      </object_component>
      <object_component id="oc-91f">
         <name>.common:maiorgx</name>
         <uninitialized>true</uninitialized>
         <run_address>0x2764</run_address>
         <size>0x2</size>
      </object_component>
      <object_component id="oc-920">
         <name>.common:menorgx</name>
         <uninitialized>true</uninitialized>
         <run_address>0x276a</run_address>
         <size>0x2</size>
      </object_component>
      <object_component id="oc-921">
         <name>.common:maiorgy</name>
         <uninitialized>true</uninitialized>
         <run_address>0x2766</run_address>
         <size>0x2</size>
      </object_component>
      <object_component id="oc-922">
         <name>.common:menorgy</name>
         <uninitialized>true</uninitialized>
         <run_address>0x276c</run_address>
         <size>0x2</size>
      </object_component>
      <object_component id="oc-923">
         <name>.common:maiorgz</name>
         <uninitialized>true</uninitialized>
         <run_address>0x2768</run_address>
         <size>0x2</size>
      </object_component>
      <object_component id="oc-924">
         <name>.common:menorgz</name>
         <uninitialized>true</uninitialized>
         <run_address>0x276e</run_address>
         <size>0x2</size>
      </object_component>
      <object_component id="oc-745">
         <name>.common:vetor</name>
         <uninitialized>true</uninitialized>
         <run_address>0x26d2</run_address>
         <size>0xe</size>
      </object_component>
      <object_component id="oc-94b">
         <name>.common:toda_msg</name>
         <uninitialized>true</uninitialized>
         <run_address>0x2664</run_address>
         <size>0x46</size>
      </object_component>
      <object_component id="oc-94c">
         <name>.common:wr_address_mem</name>
         <uninitialized>true</uninitialized>
         <run_address>0x273c</run_address>
         <size>0x4</size>
      </object_component>
      <object_component id="oc-96b">
         <name>.common:rtc_vetor</name>
         <uninitialized>true</uninitialized>
         <run_address>0x270c</run_address>
         <size>0x8</size>
      </object_component>
      <object_component id="oc-96c">
         <name>.common:rtc_msg</name>
         <uninitialized>true</uninitialized>
         <run_address>0x26c0</run_address>
         <size>0x12</size>
      </object_component>
      <object_component id="oc-967">
         <name>.common:gps_msg</name>
         <uninitialized>true</uninitialized>
         <run_address>0x26aa</run_address>
         <size>0x16</size>
      </object_component>
      <object_component id="oc-9b8">
         <name>.common:vol_lat</name>
         <uninitialized>true</uninitialized>
         <run_address>0x2734</run_address>
         <size>0x4</size>
      </object_component>
      <object_component id="oc-9b9">
         <name>.common:vol_long</name>
         <uninitialized>true</uninitialized>
         <run_address>0x2738</run_address>
         <size>0x4</size>
      </object_component>
      <object_component id="oc-92d">
         <name>.common:menorlatitude</name>
         <uninitialized>true</uninitialized>
         <run_address>0x272c</run_address>
         <size>0x4</size>
      </object_component>
      <object_component id="oc-92e">
         <name>.common:maiorlatitude</name>
         <uninitialized>true</uninitialized>
         <run_address>0x2724</run_address>
         <size>0x4</size>
      </object_component>
      <object_component id="oc-930">
         <name>.common:menorlongitude</name>
         <uninitialized>true</uninitialized>
         <run_address>0x2730</run_address>
         <size>0x4</size>
      </object_component>
      <object_component id="oc-931">
         <name>.common:maiorlongitude</name>
         <uninitialized>true</uninitialized>
         <run_address>0x2728</run_address>
         <size>0x4</size>
      </object_component>
      <object_component id="oc-92c">
         <name>.common:lat</name>
         <uninitialized>true</uninitialized>
         <run_address>0x2714</run_address>
         <size>0x4</size>
      </object_component>
      <object_component id="oc-968">
         <name>.common:lataux</name>
         <uninitialized>true</uninitialized>
         <run_address>0x2718</run_address>
         <size>0x4</size>
      </object_component>
      <object_component id="oc-92f">
         <name>.common:longt</name>
         <uninitialized>true</uninitialized>
         <run_address>0x271c</run_address>
         <size>0x4</size>
      </object_component>
      <object_component id="oc-969">
         <name>.common:longtaux</name>
         <uninitialized>true</uninitialized>
         <run_address>0x2720</run_address>
         <size>0x4</size>
      </object_component>
      <object_component id="oc-493">
         <name>.data</name>
         <load_address>0x27d3</load_address>
         <run_address>0x27d3</run_address>
         <size>0x1</size>
         <input_file_ref idref="fl-5"/>
      </object_component>
      <object_component id="oc-5fa">
         <name>.data:gps_gprmc_ok</name>
         <load_address>0x2790</load_address>
         <run_address>0x2790</run_address>
         <size>0x43</size>
         <input_file_ref idref="fl-a"/>
      </object_component>
      <object_component id="oc-490">
         <name>.data</name>
         <load_address>0x27d4</load_address>
         <run_address>0x27d4</run_address>
         <size>0x18</size>
         <input_file_ref idref="fl-a"/>
      </object_component>
      <object_component id="oc-36b">
         <name>.stack</name>
         <uninitialized>true</uninitialized>
         <run_address>0x4360</run_address>
         <size>0x4</size>
         <input_file_ref idref="fl-56"/>
      </object_component>
      <object_component id="oc-a8d">
         <name>.stack</name>
         <uninitialized>true</uninitialized>
         <run_address>0x4360</run_address>
         <size>0x0</size>
      </object_component>
      <object_component id="oc-9a7">
         <name>.text:__mspabi_addd</name>
         <load_address>0x10000</load_address>
         <run_address>0x10000</run_address>
         <size>0x72a</size>
         <input_file_ref idref="fl-60"/>
      </object_component>
      <object_component id="oc-9e2">
         <name>.text:__TI_frcdivd</name>
         <load_address>0x1072a</load_address>
         <run_address>0x1072a</run_address>
         <size>0x468</size>
         <input_file_ref idref="fl-6a"/>
      </object_component>
      <object_component id="oc-96e">
         <name>.text:calculo_GPRMC</name>
         <load_address>0x10b92</load_address>
         <run_address>0x10b92</run_address>
         <size>0x42e</size>
         <input_file_ref idref="fl-5"/>
      </object_component>
      <object_component id="oc-974">
         <name>.text:separa_algarismos_gps_f</name>
         <load_address>0x10fc0</load_address>
         <run_address>0x10fc0</run_address>
         <size>0x37c</size>
         <input_file_ref idref="fl-5"/>
      </object_component>
      <object_component id="oc-93f">
         <name>.text:todos_dados</name>
         <load_address>0x1133c</load_address>
         <run_address>0x1133c</run_address>
         <size>0x278</size>
         <input_file_ref idref="fl-9"/>
      </object_component>
      <object_component id="oc-530">
         <name>.text:modo_wq</name>
         <load_address>0x115b4</load_address>
         <run_address>0x115b4</run_address>
         <size>0x258</size>
         <input_file_ref idref="fl-8"/>
      </object_component>
      <object_component id="oc-926">
         <name>.text:int_latitude_longitude</name>
         <load_address>0x1180c</load_address>
         <run_address>0x1180c</run_address>
         <size>0x22a</size>
         <input_file_ref idref="fl-5"/>
      </object_component>
      <object_component id="oc-9a1">
         <name>.text:__mspabi_divd</name>
         <load_address>0x11a36</load_address>
         <run_address>0x11a36</run_address>
         <size>0x21c</size>
         <input_file_ref idref="fl-63"/>
      </object_component>
      <object_component id="oc-44b">
         <name>.text:main</name>
         <load_address>0x11c52</load_address>
         <run_address>0x11c52</run_address>
         <size>0x21c</size>
         <input_file_ref idref="fl-a"/>
      </object_component>
      <object_component id="oc-584">
         <name>.text:modo_1</name>
         <load_address>0x11e6e</load_address>
         <run_address>0x11e6e</run_address>
         <size>0x1d8</size>
         <input_file_ref idref="fl-8"/>
      </object_component>
      <object_component id="oc-50c">
         <name>.text:modo_26</name>
         <load_address>0x12046</load_address>
         <run_address>0x12046</run_address>
         <size>0x1aa</size>
         <input_file_ref idref="fl-8"/>
      </object_component>
      <object_component id="oc-536">
         <name>.text:modo_rtc</name>
         <load_address>0x121f0</load_address>
         <run_address>0x121f0</run_address>
         <size>0x160</size>
         <input_file_ref idref="fl-8"/>
      </object_component>
      <object_component id="oc-53c">
         <name>.text:modo_mpu</name>
         <load_address>0x12350</load_address>
         <run_address>0x12350</run_address>
         <size>0x156</size>
         <input_file_ref idref="fl-8"/>
      </object_component>
      <object_component id="oc-495">
         <name>.text:gps_gprmc_extrai</name>
         <load_address>0x124a6</load_address>
         <run_address>0x124a6</run_address>
         <size>0x136</size>
         <input_file_ref idref="fl-5"/>
      </object_component>
      <object_component id="oc-990">
         <name>.text</name>
         <load_address>0x125dc</load_address>
         <run_address>0x125dc</run_address>
         <size>0x132</size>
         <input_file_ref idref="fl-35"/>
      </object_component>
      <object_component id="oc-4c7">
         <name>.text:ser1_config</name>
         <load_address>0x1270e</load_address>
         <run_address>0x1270e</run_address>
         <size>0xfc</size>
         <input_file_ref idref="fl-c"/>
      </object_component>
      <object_component id="oc-54e">
         <name>.text:modo_sw</name>
         <load_address>0x1280a</load_address>
         <run_address>0x1280a</run_address>
         <size>0xf2</size>
         <input_file_ref idref="fl-8"/>
      </object_component>
      <object_component id="oc-65a">
         <name>.text:ser0_config</name>
         <load_address>0x128fc</load_address>
         <run_address>0x128fc</run_address>
         <size>0xe8</size>
         <input_file_ref idref="fl-4"/>
      </object_component>
      <object_component id="oc-42f">
         <name>.text:gps_busca_gprmc</name>
         <load_address>0x129e4</load_address>
         <run_address>0x129e4</run_address>
         <size>0xe6</size>
         <input_file_ref idref="fl-5"/>
      </object_component>
      <object_component id="oc-88d">
         <name>.text:gps_furto</name>
         <load_address>0x12aca</load_address>
         <run_address>0x12aca</run_address>
         <size>0xe2</size>
         <input_file_ref idref="fl-5"/>
      </object_component>
      <object_component id="oc-548">
         <name>.text:modo_leds</name>
         <load_address>0x12bac</load_address>
         <run_address>0x12bac</run_address>
         <size>0xe0</size>
         <input_file_ref idref="fl-8"/>
      </object_component>
      <object_component id="oc-524">
         <name>.text:modo_gprmc</name>
         <load_address>0x12c8c</load_address>
         <run_address>0x12c8c</run_address>
         <size>0xda</size>
         <input_file_ref idref="fl-8"/>
      </object_component>
      <object_component id="oc-6b3">
         <name>.text:str_2_num</name>
         <load_address>0x12d66</load_address>
         <run_address>0x12d66</run_address>
         <size>0xd8</size>
         <input_file_ref idref="fl-d"/>
      </object_component>
      <object_component id="oc-881">
         <name>.text:acel_furto</name>
         <load_address>0x12e3e</load_address>
         <run_address>0x12e3e</run_address>
         <size>0xcc</size>
         <input_file_ref idref="fl-9"/>
      </object_component>
      <object_component id="oc-887">
         <name>.text:giro_furto</name>
         <load_address>0x12f0a</load_address>
         <run_address>0x12f0a</run_address>
         <size>0xcc</size>
         <input_file_ref idref="fl-9"/>
      </object_component>
      <object_component id="oc-913">
         <name>.text:mpu_values</name>
         <load_address>0x12fd6</load_address>
         <run_address>0x12fd6</run_address>
         <size>0xcc</size>
         <input_file_ref idref="fl-9"/>
      </object_component>
      <object_component id="oc-6d7">
         <name>.text:seri_cmdo</name>
         <load_address>0x130a2</load_address>
         <run_address>0x130a2</run_address>
         <size>0xbc</size>
         <input_file_ref idref="fl-c"/>
      </object_component>
      <object_component id="oc-4f2">
         <name>.text:lcd_inic</name>
         <load_address>0x1315e</load_address>
         <run_address>0x1315e</run_address>
         <size>0xb8</size>
         <input_file_ref idref="fl-7"/>
      </object_component>
      <object_component id="oc-9cb">
         <name>.text</name>
         <load_address>0x13216</load_address>
         <run_address>0x13216</run_address>
         <size>0xb8</size>
         <input_file_ref idref="fl-3a"/>
      </object_component>
      <object_component id="oc-518">
         <name>.text:modo_19</name>
         <load_address>0x132ce</load_address>
         <run_address>0x132ce</run_address>
         <size>0xb4</size>
         <input_file_ref idref="fl-8"/>
      </object_component>
      <object_component id="oc-9ad">
         <name>.text:__mspabi_cvtdf</name>
         <load_address>0x13382</load_address>
         <run_address>0x13382</run_address>
         <size>0xb2</size>
         <input_file_ref idref="fl-5f"/>
      </object_component>
      <object_component id="oc-4f8">
         <name>.text:lcd_dma_config</name>
         <load_address>0x13434</load_address>
         <run_address>0x13434</run_address>
         <size>0xae</size>
         <input_file_ref idref="fl-7"/>
      </object_component>
      <object_component id="oc-87b">
         <name>.text:salvar_memoria</name>
         <load_address>0x134e2</load_address>
         <run_address>0x134e2</run_address>
         <size>0xa4</size>
         <input_file_ref idref="fl-f"/>
      </object_component>
      <object_component id="oc-86f">
         <name>.text:repouso_values_mpu</name>
         <load_address>0x13586</load_address>
         <run_address>0x13586</run_address>
         <size>0xa2</size>
         <input_file_ref idref="fl-9"/>
      </object_component>
      <object_component id="oc-9db">
         <name>.text:__mspabi_fltlid</name>
         <load_address>0x13628</load_address>
         <run_address>0x13628</run_address>
         <size>0x9e</size>
         <input_file_ref idref="fl-67"/>
      </object_component>
      <object_component id="oc-981">
         <name>.text:IntToChar</name>
         <load_address>0x136c6</load_address>
         <run_address>0x136c6</run_address>
         <size>0x9a</size>
         <input_file_ref idref="fl-d"/>
      </object_component>
      <object_component id="oc-590">
         <name>.text:lcdb_str</name>
         <load_address>0x13760</load_address>
         <run_address>0x13760</run_address>
         <size>0x98</size>
         <input_file_ref idref="fl-7"/>
      </object_component>
      <object_component id="oc-64c">
         <name>.text:mpu_rd_vet</name>
         <load_address>0x137f8</load_address>
         <run_address>0x137f8</run_address>
         <size>0x98</size>
         <input_file_ref idref="fl-9"/>
      </object_component>
      <object_component id="oc-6e4">
         <name>.text:rtc_rd_vet</name>
         <load_address>0x13890</load_address>
         <run_address>0x13890</run_address>
         <size>0x98</size>
         <input_file_ref idref="fl-b"/>
      </object_component>
      <object_component id="oc-554">
         <name>.text:modo_9</name>
         <load_address>0x13928</load_address>
         <run_address>0x13928</run_address>
         <size>0x96</size>
         <input_file_ref idref="fl-8"/>
      </object_component>
      <object_component id="oc-40e">
         <name>.text:sw_monitorar</name>
         <load_address>0x139be</load_address>
         <run_address>0x139be</run_address>
         <size>0x96</size>
         <input_file_ref idref="fl-3"/>
      </object_component>
      <object_component id="oc-9b3">
         <name>.text</name>
         <load_address>0x13a54</load_address>
         <run_address>0x13a54</run_address>
         <size>0x90</size>
         <input_file_ref idref="fl-37"/>
      </object_component>
      <object_component id="oc-6c5">
         <name>.text:ser1_linha</name>
         <load_address>0x13ae4</load_address>
         <run_address>0x13ae4</run_address>
         <size>0x88</size>
         <input_file_ref idref="fl-c"/>
      </object_component>
      <object_component id="oc-7d0">
         <name>.text:str_dec16</name>
         <load_address>0x13b6c</load_address>
         <run_address>0x13b6c</run_address>
         <size>0x7a</size>
         <input_file_ref idref="fl-d"/>
      </object_component>
      <object_component id="oc-6d">
         <name>.text:decompress:lzss:__TI_decompress_lzss</name>
         <load_address>0x13be6</load_address>
         <run_address>0x13be6</run_address>
         <size>0x76</size>
         <input_file_ref idref="fl-5e"/>
      </object_component>
      <object_component id="oc-5f1">
         <name>.text:gps_dump</name>
         <load_address>0x13c5c</load_address>
         <run_address>0x13c5c</run_address>
         <size>0x76</size>
         <input_file_ref idref="fl-5"/>
      </object_component>
      <object_component id="oc-6de">
         <name>.text:rtc_wr_vet</name>
         <load_address>0x13cd2</load_address>
         <run_address>0x13cd2</run_address>
         <size>0x76</size>
         <input_file_ref idref="fl-b"/>
      </object_component>
      <object_component id="oc-5e9">
         <name>.text:seri_dump</name>
         <load_address>0x13d48</load_address>
         <run_address>0x13d48</run_address>
         <size>0x76</size>
         <input_file_ref idref="fl-c"/>
      </object_component>
      <object_component id="oc-852">
         <name>.text:str_data_hora</name>
         <load_address>0x13dbe</load_address>
         <run_address>0x13dbe</run_address>
         <size>0x72</size>
         <input_file_ref idref="fl-d"/>
      </object_component>
      <object_component id="oc-6bf">
         <name>.text:wq_rd_blk</name>
         <load_address>0x13e30</load_address>
         <run_address>0x13e30</run_address>
         <size>0x72</size>
         <input_file_ref idref="fl-f"/>
      </object_component>
      <object_component id="oc-58a">
         <name>.text:lcdb_apaga</name>
         <load_address>0x13ea2</load_address>
         <run_address>0x13ea2</run_address>
         <size>0x6e</size>
         <input_file_ref idref="fl-7"/>
      </object_component>
      <object_component id="oc-67f">
         <name>.text:gprs_send_msg</name>
         <load_address>0x13f10</load_address>
         <run_address>0x13f10</run_address>
         <size>0x6c</size>
         <input_file_ref idref="fl-4"/>
      </object_component>
      <object_component id="oc-704">
         <name>.text:lcdb_char</name>
         <load_address>0x13f7c</load_address>
         <run_address>0x13f7c</run_address>
         <size>0x6a</size>
         <input_file_ref idref="fl-7"/>
      </object_component>
      <object_component id="oc-9c6">
         <name>.text</name>
         <load_address>0x13fe6</load_address>
         <run_address>0x13fe6</run_address>
         <size>0x68</size>
         <input_file_ref idref="fl-3c"/>
      </object_component>
      <object_component id="oc-6cb">
         <name>.text:wq_wr_blk</name>
         <load_address>0x1404e</load_address>
         <run_address>0x1404e</run_address>
         <size>0x68</size>
         <input_file_ref idref="fl-f"/>
      </object_component>
      <object_component id="oc-637">
         <name>.text:mpu_wr</name>
         <load_address>0x140b6</load_address>
         <run_address>0x140b6</run_address>
         <size>0x66</size>
         <input_file_ref idref="fl-9"/>
      </object_component>
      <object_component id="oc-8da">
         <name>.text:str_rmvz_u</name>
         <load_address>0x1411c</load_address>
         <run_address>0x1411c</run_address>
         <size>0x66</size>
         <input_file_ref idref="fl-d"/>
      </object_component>
      <object_component id="oc-995">
         <name>.text:__mspabi_cvtfd</name>
         <load_address>0x14182</load_address>
         <run_address>0x14182</run_address>
         <size>0x64</size>
         <input_file_ref idref="fl-62"/>
      </object_component>
      <object_component id="oc-4d9">
         <name>.text:i2c_config</name>
         <load_address>0x141e6</load_address>
         <run_address>0x141e6</run_address>
         <size>0x64</size>
         <input_file_ref idref="fl-7"/>
      </object_component>
      <object_component id="oc-512">
         <name>.text:modo_20</name>
         <load_address>0x1424a</load_address>
         <run_address>0x1424a</run_address>
         <size>0x64</size>
         <input_file_ref idref="fl-8"/>
      </object_component>
      <object_component id="oc-770">
         <name>.text:str_dec8u</name>
         <load_address>0x142ae</load_address>
         <run_address>0x142ae</run_address>
         <size>0x64</size>
         <input_file_ref idref="fl-d"/>
      </object_component>
      <object_component id="oc-97b">
         <name>.text:mpu_8bits</name>
         <load_address>0x14312</load_address>
         <run_address>0x14312</run_address>
         <size>0x60</size>
         <input_file_ref idref="fl-9"/>
      </object_component>
      <object_component id="oc-4c1">
         <name>.text:gpio_config</name>
         <load_address>0x14372</load_address>
         <run_address>0x14372</run_address>
         <size>0x5e</size>
         <input_file_ref idref="fl-3"/>
      </object_component>
      <object_component id="oc-875">
         <name>.text:set_values_gps</name>
         <load_address>0x143d0</load_address>
         <run_address>0x143d0</run_address>
         <size>0x5e</size>
         <input_file_ref idref="fl-5"/>
      </object_component>
      <object_component id="oc-542">
         <name>.text:modo_lcd</name>
         <load_address>0x1442e</load_address>
         <run_address>0x1442e</run_address>
         <size>0x5a</size>
         <input_file_ref idref="fl-8"/>
      </object_component>
      <object_component id="oc-4fe">
         <name>.text:mpu_config</name>
         <load_address>0x14488</load_address>
         <run_address>0x14488</run_address>
         <size>0x5a</size>
         <input_file_ref idref="fl-9"/>
      </object_component>
      <object_component id="oc-75f">
         <name>.text:vigilia</name>
         <load_address>0x144e2</load_address>
         <run_address>0x144e2</run_address>
         <size>0x56</size>
         <input_file_ref idref="fl-2"/>
      </object_component>
      <object_component id="oc-5cd">
         <name>.text:__TI_auto_init_nobinit_nopinit_hold_wdt:__TI_auto_init_nobinit_nopinit_hold_wdt</name>
         <load_address>0x14538</load_address>
         <run_address>0x14538</run_address>
         <size>0x54</size>
         <input_file_ref idref="fl-57"/>
      </object_component>
      <object_component id="oc-6d1">
         <name>.text:wq_erase_4k</name>
         <load_address>0x1458c</load_address>
         <run_address>0x1458c</run_address>
         <size>0x50</size>
         <input_file_ref idref="fl-f"/>
      </object_component>
      <object_component id="oc-4a9">
         <name>.text:clk_20mhz</name>
         <load_address>0x145dc</load_address>
         <run_address>0x145dc</run_address>
         <size>0x4c</size>
         <input_file_ref idref="fl-e"/>
      </object_component>
      <object_component id="oc-52a">
         <name>.text:modo_gps</name>
         <load_address>0x14628</load_address>
         <run_address>0x14628</run_address>
         <size>0x4a</size>
         <input_file_ref idref="fl-8"/>
      </object_component>
      <object_component id="oc-9c1">
         <name>.text</name>
         <load_address>0x14672</load_address>
         <run_address>0x14672</run_address>
         <size>0x4a</size>
         <input_file_ref idref="fl-36"/>
      </object_component>
      <object_component id="oc-824">
         <name>.text:str_hex32</name>
         <load_address>0x146bc</load_address>
         <run_address>0x146bc</run_address>
         <size>0x4a</size>
         <input_file_ref idref="fl-d"/>
      </object_component>
      <object_component id="oc-628">
         <name>.text:lcd_aux</name>
         <load_address>0x14706</load_address>
         <run_address>0x14706</run_address>
         <size>0x48</size>
         <input_file_ref idref="fl-7"/>
      </object_component>
      <object_component id="oc-7b6">
         <name>.text:lcd_delay</name>
         <load_address>0x1474e</load_address>
         <run_address>0x1474e</run_address>
         <size>0x48</size>
         <input_file_ref idref="fl-7"/>
      </object_component>
      <object_component id="oc-621">
         <name>.text:str_hex8</name>
         <load_address>0x14796</load_address>
         <run_address>0x14796</run_address>
         <size>0x46</size>
         <input_file_ref idref="fl-d"/>
      </object_component>
      <object_component id="oc-85b">
         <name>.text:str_hex16</name>
         <load_address>0x147dc</load_address>
         <run_address>0x147dc</run_address>
         <size>0x44</size>
         <input_file_ref idref="fl-d"/>
      </object_component>
      <object_component id="oc-9ef">
         <name>.text:__mspabi_srall</name>
         <load_address>0x14820</load_address>
         <run_address>0x14820</run_address>
         <size>0x40</size>
         <input_file_ref idref="fl-75"/>
      </object_component>
      <object_component id="oc-693">
         <name>.text:seri_cmdo_x</name>
         <load_address>0x14860</load_address>
         <run_address>0x14860</run_address>
         <size>0x40</size>
         <input_file_ref idref="fl-c"/>
      </object_component>
      <object_component id="oc-8f8">
         <name>.text:l_asr_const</name>
         <load_address>0x148a0</load_address>
         <run_address>0x148a0</run_address>
         <size>0x3e</size>
         <input_file_ref idref="fl-30"/>
      </object_component>
      <object_component id="oc-807">
         <name>.text:l_lsl_const</name>
         <load_address>0x148de</load_address>
         <run_address>0x148de</run_address>
         <size>0x3e</size>
         <input_file_ref idref="fl-4e"/>
      </object_component>
      <object_component id="oc-a04">
         <name>.text:l_lsr_const</name>
         <load_address>0x1491c</load_address>
         <run_address>0x1491c</run_address>
         <size>0x3e</size>
         <input_file_ref idref="fl-73"/>
      </object_component>
      <object_component id="oc-679">
         <name>.text:rec_msg</name>
         <load_address>0x1495a</load_address>
         <run_address>0x1495a</run_address>
         <size>0x3e</size>
         <input_file_ref idref="fl-c"/>
      </object_component>
      <object_component id="oc-7be">
         <name>.text:i2c_trancar</name>
         <load_address>0x14998</load_address>
         <run_address>0x14998</run_address>
         <size>0x3c</size>
         <input_file_ref idref="fl-7"/>
      </object_component>
      <object_component id="oc-945">
         <name>.text:save_data</name>
         <load_address>0x149d4</load_address>
         <run_address>0x149d4</run_address>
         <size>0x3c</size>
         <input_file_ref idref="fl-f"/>
      </object_component>
      <object_component id="oc-9f5">
         <name>.text:__mspabi_sllll</name>
         <load_address>0x14a10</load_address>
         <run_address>0x14a10</run_address>
         <size>0x3a</size>
         <input_file_ref idref="fl-76"/>
      </object_component>
      <object_component id="oc-6a7">
         <name>.text:w25_manuf_dev_id</name>
         <load_address>0x14a4a</load_address>
         <run_address>0x14a4a</run_address>
         <size>0x3a</size>
         <input_file_ref idref="fl-f"/>
      </object_component>
      <object_component id="oc-4df">
         <name>.text:lcd_presente</name>
         <load_address>0x14a84</load_address>
         <run_address>0x14a84</run_address>
         <size>0x38</size>
         <input_file_ref idref="fl-7"/>
      </object_component>
      <object_component id="oc-717">
         <name>.text:str_cmp</name>
         <load_address>0x14abc</load_address>
         <run_address>0x14abc</run_address>
         <size>0x38</size>
         <input_file_ref idref="fl-d"/>
      </object_component>
      <object_component id="oc-672">
         <name>.text:gprs_tira</name>
         <load_address>0x14af4</load_address>
         <run_address>0x14af4</run_address>
         <size>0x36</size>
         <input_file_ref idref="fl-4"/>
      </object_component>
      <object_component id="oc-68d">
         <name>.text:gps_tira</name>
         <load_address>0x14b2a</load_address>
         <run_address>0x14b2a</run_address>
         <size>0x36</size>
         <input_file_ref idref="fl-5"/>
      </object_component>
      <object_component id="oc-98b">
         <name>.text</name>
         <load_address>0x14b60</load_address>
         <run_address>0x14b60</run_address>
         <size>0x36</size>
         <input_file_ref idref="fl-38"/>
      </object_component>
      <object_component id="oc-666">
         <name>.text:seri_tira</name>
         <load_address>0x14b96</load_address>
         <run_address>0x14b96</run_address>
         <size>0x36</size>
         <input_file_ref idref="fl-c"/>
      </object_component>
      <object_component id="oc-605">
         <name>.text:copia_ate_virgula</name>
         <load_address>0x14bcc</load_address>
         <run_address>0x14bcc</run_address>
         <size>0x34</size>
         <input_file_ref idref="fl-5"/>
      </object_component>
      <object_component id="oc-765">
         <name>.text:dormente</name>
         <load_address>0x14c00</load_address>
         <run_address>0x14c00</run_address>
         <size>0x34</size>
         <input_file_ref idref="fl-2"/>
      </object_component>
      <object_component id="oc-7e9">
         <name>.text:str_maiusc</name>
         <load_address>0x14c34</load_address>
         <run_address>0x14c34</run_address>
         <size>0x34</size>
         <input_file_ref idref="fl-d"/>
      </object_component>
      <object_component id="oc-436">
         <name>.text:gprs_poe</name>
         <load_address>0x14c68</load_address>
         <run_address>0x14c68</run_address>
         <size>0x30</size>
         <input_file_ref idref="fl-4"/>
      </object_component>
      <object_component id="oc-687">
         <name>.text:gps_config</name>
         <load_address>0x14c98</load_address>
         <run_address>0x14c98</run_address>
         <size>0x30</size>
         <input_file_ref idref="fl-5"/>
      </object_component>
      <object_component id="oc-429">
         <name>.text:gps_poe</name>
         <load_address>0x14cc8</load_address>
         <run_address>0x14cc8</run_address>
         <size>0x30</size>
         <input_file_ref idref="fl-5"/>
      </object_component>
      <object_component id="oc-41c">
         <name>.text:seri_poe</name>
         <load_address>0x14cf8</load_address>
         <run_address>0x14cf8</run_address>
         <size>0x30</size>
         <input_file_ref idref="fl-c"/>
      </object_component>
      <object_component id="oc-901">
         <name>.text:seri_xereta</name>
         <load_address>0x14d28</load_address>
         <run_address>0x14d28</run_address>
         <size>0x2e</size>
         <input_file_ref idref="fl-c"/>
      </object_component>
      <object_component id="oc-8a6">
         <name>.text</name>
         <load_address>0x14d56</load_address>
         <run_address>0x14d56</run_address>
         <size>0x2c</size>
         <input_file_ref idref="fl-31"/>
      </object_component>
      <object_component id="oc-4d3">
         <name>.text:spi_config</name>
         <load_address>0x14d82</load_address>
         <run_address>0x14d82</run_address>
         <size>0x2c</size>
         <input_file_ref idref="fl-f"/>
      </object_component>
      <object_component id="oc-618">
         <name>.text:i2c_teste_adr</name>
         <load_address>0x14dae</load_address>
         <run_address>0x14dae</run_address>
         <size>0x2a</size>
         <input_file_ref idref="fl-7"/>
      </object_component>
      <object_component id="oc-847">
         <name>.text:seri_vazia</name>
         <load_address>0x14dd8</load_address>
         <run_address>0x14dd8</run_address>
         <size>0x2a</size>
         <input_file_ref idref="fl-c"/>
      </object_component>
      <object_component id="oc-7e0">
         <name>.text:gprs_send_cmd</name>
         <load_address>0x14e02</load_address>
         <run_address>0x14e02</run_address>
         <size>0x28</size>
         <input_file_ref idref="fl-4"/>
      </object_component>
      <object_component id="oc-737">
         <name>.text:gprs_str</name>
         <load_address>0x14e2a</load_address>
         <run_address>0x14e2a</run_address>
         <size>0x28</size>
         <input_file_ref idref="fl-4"/>
      </object_component>
      <object_component id="oc-6f0">
         <name>.text:lcdb_data</name>
         <load_address>0x14e52</load_address>
         <run_address>0x14e52</run_address>
         <size>0x28</size>
         <input_file_ref idref="fl-7"/>
      </object_component>
      <object_component id="oc-6f6">
         <name>.text:lcdb_hora</name>
         <load_address>0x14e7a</load_address>
         <run_address>0x14e7a</run_address>
         <size>0x28</size>
         <input_file_ref idref="fl-7"/>
      </object_component>
      <object_component id="oc-4e6">
         <name>.text:ser1_str</name>
         <load_address>0x14ea2</load_address>
         <run_address>0x14ea2</run_address>
         <size>0x28</size>
         <input_file_ref idref="fl-c"/>
      </object_component>
      <object_component id="oc-841">
         <name>.text:seri_come_crlf</name>
         <load_address>0x14eca</load_address>
         <run_address>0x14eca</run_address>
         <size>0x28</size>
         <input_file_ref idref="fl-c"/>
      </object_component>
      <object_component id="oc-3b6">
         <name>.text:decompress:ZI:__TI_zero_init_nomemset:__TI_zero_init_nomemset</name>
         <load_address>0x14ef2</load_address>
         <run_address>0x14ef2</run_address>
         <size>0x24</size>
         <input_file_ref idref="fl-58"/>
      </object_component>
      <object_component id="oc-81d">
         <name>.text:eh_hexa</name>
         <load_address>0x14f16</load_address>
         <run_address>0x14f16</run_address>
         <size>0x24</size>
         <input_file_ref idref="fl-d"/>
      </object_component>
      <object_component id="oc-408">
         <name>.text:lcd_atualiza</name>
         <load_address>0x14f3a</load_address>
         <run_address>0x14f3a</run_address>
         <size>0x24</size>
         <input_file_ref idref="fl-7"/>
      </object_component>
      <object_component id="oc-6fd">
         <name>.text:lcdb_hex16</name>
         <load_address>0x14f5e</load_address>
         <run_address>0x14f5e</run_address>
         <size>0x24</size>
         <input_file_ref idref="fl-7"/>
      </object_component>
      <object_component id="oc-818">
         <name>.text</name>
         <load_address>0x14f82</load_address>
         <run_address>0x14f82</run_address>
         <size>0x24</size>
         <input_file_ref idref="fl-53"/>
      </object_component>
      <object_component id="oc-759">
         <name>.text:suspeito</name>
         <load_address>0x14fa6</load_address>
         <run_address>0x14fa6</run_address>
         <size>0x24</size>
         <input_file_ref idref="fl-2"/>
      </object_component>
      <object_component id="oc-62e">
         <name>.text:delay_10ms</name>
         <load_address>0x14fca</load_address>
         <run_address>0x14fca</run_address>
         <size>0x20</size>
         <input_file_ref idref="fl-e"/>
      </object_component>
      <object_component id="oc-90b">
         <name>.text:str_bcd8</name>
         <load_address>0x14fea</load_address>
         <run_address>0x14fea</run_address>
         <size>0x20</size>
         <input_file_ref idref="fl-d"/>
      </object_component>
      <object_component id="oc-646">
         <name>.text:ser1_crlf</name>
         <load_address>0x1500a</load_address>
         <run_address>0x1500a</run_address>
         <size>0x1e</size>
         <input_file_ref idref="fl-c"/>
      </object_component>
      <object_component id="oc-49e">
         <name>.text:gprs_cheia</name>
         <load_address>0x15028</load_address>
         <run_address>0x15028</run_address>
         <size>0x1c</size>
         <input_file_ref idref="fl-4"/>
      </object_component>
      <object_component id="oc-488">
         <name>.text:gps_cheia</name>
         <load_address>0x15044</load_address>
         <run_address>0x15044</run_address>
         <size>0x1c</size>
         <input_file_ref idref="fl-5"/>
      </object_component>
      <object_component id="oc-933">
         <name>.text:rtc_estado</name>
         <load_address>0x15060</load_address>
         <run_address>0x15060</run_address>
         <size>0x1c</size>
         <input_file_ref idref="fl-b"/>
      </object_component>
      <object_component id="oc-7c6">
         <name>.text:ser1_dec8unz</name>
         <load_address>0x1507c</load_address>
         <run_address>0x1507c</run_address>
         <size>0x1c</size>
         <input_file_ref idref="fl-c"/>
      </object_component>
      <object_component id="oc-47e">
         <name>.text:seri_cheia</name>
         <load_address>0x15098</load_address>
         <run_address>0x15098</run_address>
         <size>0x1c</size>
         <input_file_ref idref="fl-c"/>
      </object_component>
      <object_component id="oc-82d">
         <name>.text:wq_ocupado</name>
         <load_address>0x150b4</load_address>
         <run_address>0x150b4</run_address>
         <size>0x1c</size>
         <input_file_ref idref="fl-f"/>
      </object_component>
      <object_component id="oc-7f6">
         <name>.text:spi_transf</name>
         <load_address>0x150d0</load_address>
         <run_address>0x150d0</run_address>
         <size>0x1a</size>
         <input_file_ref idref="fl-f"/>
      </object_component>
      <object_component id="oc-8a1">
         <name>.text</name>
         <load_address>0x150ea</load_address>
         <run_address>0x150ea</run_address>
         <size>0x18</size>
         <input_file_ref idref="fl-50"/>
      </object_component>
      <object_component id="oc-69b">
         <name>.text:wq_sr1_rd</name>
         <load_address>0x15102</load_address>
         <run_address>0x15102</run_address>
         <size>0x18</size>
         <input_file_ref idref="fl-f"/>
      </object_component>
      <object_component id="oc-6a1">
         <name>.text:wq_sr2_rd</name>
         <load_address>0x1511a</load_address>
         <run_address>0x1511a</run_address>
         <size>0x18</size>
         <input_file_ref idref="fl-f"/>
      </object_component>
      <object_component id="oc-640">
         <name>.text:modo_ser1</name>
         <load_address>0x15132</load_address>
         <run_address>0x15132</run_address>
         <size>0x16</size>
         <input_file_ref idref="fl-8"/>
      </object_component>
      <object_component id="oc-89c">
         <name>.text</name>
         <load_address>0x15148</load_address>
         <run_address>0x15148</run_address>
         <size>0x16</size>
         <input_file_ref idref="fl-32"/>
      </object_component>
      <object_component id="oc-6ea">
         <name>.text:ser1_data_hora</name>
         <load_address>0x1515e</load_address>
         <run_address>0x1515e</run_address>
         <size>0x16</size>
         <input_file_ref idref="fl-c"/>
      </object_component>
      <object_component id="oc-652">
         <name>.text:ser1_dec16</name>
         <load_address>0x15174</load_address>
         <run_address>0x15174</run_address>
         <size>0x16</size>
         <input_file_ref idref="fl-c"/>
      </object_component>
      <object_component id="oc-59c">
         <name>.text:ser1_dec8u</name>
         <load_address>0x1518a</load_address>
         <run_address>0x1518a</run_address>
         <size>0x16</size>
         <input_file_ref idref="fl-c"/>
      </object_component>
      <object_component id="oc-6b9">
         <name>.text:ser1_hex32</name>
         <load_address>0x151a0</load_address>
         <run_address>0x151a0</run_address>
         <size>0x16</size>
         <input_file_ref idref="fl-c"/>
      </object_component>
      <object_component id="oc-4ec">
         <name>.text:ser1_hex8</name>
         <load_address>0x151b6</load_address>
         <run_address>0x151b6</run_address>
         <size>0x16</size>
         <input_file_ref idref="fl-c"/>
      </object_component>
      <object_component id="oc-6ad">
         <name>.text:ser1_spc</name>
         <load_address>0x151cc</load_address>
         <run_address>0x151cc</run_address>
         <size>0x16</size>
         <input_file_ref idref="fl-c"/>
      </object_component>
      <object_component id="oc-753">
         <name>.text:alerta1</name>
         <load_address>0x151e2</load_address>
         <run_address>0x151e2</run_address>
         <size>0x14</size>
         <input_file_ref idref="fl-2"/>
      </object_component>
      <object_component id="oc-74d">
         <name>.text:alerta2</name>
         <load_address>0x151f6</load_address>
         <run_address>0x151f6</run_address>
         <size>0x14</size>
         <input_file_ref idref="fl-2"/>
      </object_component>
      <object_component id="oc-812">
         <name>.text:eh_dec</name>
         <load_address>0x1520a</load_address>
         <run_address>0x1520a</run_address>
         <size>0x14</size>
         <input_file_ref idref="fl-d"/>
      </object_component>
      <object_component id="oc-37a">
         <name>.text:memcpy</name>
         <load_address>0x1521e</load_address>
         <run_address>0x1521e</run_address>
         <size>0x14</size>
         <input_file_ref idref="fl-71"/>
      </object_component>
      <object_component id="oc-4bb">
         <name>.text:ta2_config</name>
         <load_address>0x15232</load_address>
         <run_address>0x15232</run_address>
         <size>0x14</size>
         <input_file_ref idref="fl-e"/>
      </object_component>
      <object_component id="oc-80c">
         <name>.text:asc_nib</name>
         <load_address>0x15246</load_address>
         <run_address>0x15246</run_address>
         <size>0x12</size>
         <input_file_ref idref="fl-d"/>
      </object_component>
      <object_component id="oc-73">
         <name>.text:decompress:none:__TI_decompress_none</name>
         <load_address>0x15258</load_address>
         <run_address>0x15258</run_address>
         <size>0x12</size>
         <input_file_ref idref="fl-5d"/>
      </object_component>
      <object_component id="oc-939">
         <name>.text:gps_estado_modo</name>
         <load_address>0x1526a</load_address>
         <run_address>0x1526a</run_address>
         <size>0x12</size>
         <input_file_ref idref="fl-5"/>
      </object_component>
      <object_component id="oc-506">
         <name>.text:modo_99</name>
         <load_address>0x1527c</load_address>
         <run_address>0x1527c</run_address>
         <size>0x12</size>
         <input_file_ref idref="fl-8"/>
      </object_component>
[...]
         <value>0x136c6</value>
         <object_component_ref idref="oc-981"/>
      </symbol>
      <symbol id="sm-a5c">
         <name>str_2_num</name>
         <value>0x12d66</value>
         <object_component_ref idref="oc-6b3"/>
      </symbol>
      <symbol id="sm-a5d">
         <name>str_hex32</name>
         <value>0x146bc</value>
         <object_component_ref idref="oc-824"/>
      </symbol>
      <symbol id="sm-a8f">
         <name>ta2_config</name>
         <value>0x15232</value>
         <object_component_ref idref="oc-4bb"/>
      </symbol>
      <symbol id="sm-a90">
         <name>clk_20mhz</name>
         <value>0x145dc</value>
         <object_component_ref idref="oc-4a9"/>
      </symbol>
      <symbol id="sm-a91">
         <name>__TI_int48</name>
         <value>0xffe0</value>
         <object_component_ref idref="oc-80"/>
      </symbol>
      <symbol id="sm-a92">
         <name>crono_inic</name>
         <value>0x152a0</value>
         <object_component_ref idref="oc-4af"/>
      </symbol>
      <symbol id="sm-a93">
         <name>crono_zera</name>
         <value>0x1536c</value>
         <object_component_ref idref="oc-4b5"/>
      </symbol>
      <symbol id="sm-a94">
         <name>delay_10ms</name>
         <value>0x14fca</value>
         <object_component_ref idref="oc-62e"/>
      </symbol>
      <symbol id="sm-a95">
         <name>isr_ta1ifg</name>
         <value>0x4530</value>
         <object_component_ref idref="oc-39e"/>
      </symbol>
      <symbol id="sm-b11">
         <name>wq_CS</name>
         <value>0x153ac</value>
         <object_component_ref idref="oc-7fc"/>
      </symbol>
      <symbol id="sm-b12">
         <name>wq_cs</name>
         <value>0x153b4</value>
         <object_component_ref idref="oc-7f0"/>
      </symbol>
      <symbol id="sm-b13">
         <name>wq_wel</name>
         <value>0x152b0</value>
         <object_component_ref idref="oc-839"/>
      </symbol>
      <symbol id="sm-b14">
         <name>w25_manuf_dev_id</name>
         <value>0x14a4a</value>
         <object_component_ref idref="oc-6a7"/>
      </symbol>
      <symbol id="sm-b15">
         <name>spi_transf</name>
         <value>0x150d0</value>
         <object_component_ref idref="oc-7f6"/>
      </symbol>
      <symbol id="sm-b16">
         <name>spi_config</name>
         <value>0x14d82</value>
         <object_component_ref idref="oc-4d3"/>
      </symbol>
      <symbol id="sm-b17">
         <name>save_data</name>
         <value>0x149d4</value>
         <object_component_ref idref="oc-945"/>
      </symbol>
      <symbol id="sm-b18">
         <name>wq_sr1_rd</name>
         <value>0x15102</value>
         <object_component_ref idref="oc-69b"/>
      </symbol>
      <symbol id="sm-b19">
         <name>wq_rd_blk</name>
         <value>0x13e30</value>
         <object_component_ref idref="oc-6bf"/>
      </symbol>
      <symbol id="sm-b1a">
         <name>wq_erase_4k</name>
         <value>0x1458c</value>
         <object_component_ref idref="oc-6d1"/>
      </symbol>
      <symbol id="sm-b1b">
         <name>salvar_memoria</name>
         <value>0x134e2</value>
         <object_component_ref idref="oc-87b"/>
      </symbol>
      <symbol id="sm-b1c">
         <name>wq_sr2_rd</name>
         <value>0x1511a</value>
         <object_component_ref idref="oc-6a1"/>
      </symbol>
      <symbol id="sm-b1d">
         <name>wq_wr_blk</name>
         <value>0x1404e</value>
         <object_component_ref idref="oc-6cb"/>
      </symbol>
      <symbol id="sm-b1e">
         <name>wq_ocupado</name>
         <value>0x150b4</value>
         <object_component_ref idref="oc-82d"/>
      </symbol>
      <symbol id="sm-b1f">
         <name>wq_WEL</name>
         <value>0x1528e</value>
         <object_component_ref idref="oc-833"/>
      </symbol>
      <symbol id="sm-b27">
         <name>__mspabi_sral_15</name>
         <value>0x148a0</value>
         <object_component_ref idref="oc-8f8"/>
      </symbol>
      <symbol id="sm-b28">
         <name>__mspabi_sral_14</name>
         <value>0x148a4</value>
         <object_component_ref idref="oc-8f8"/>
      </symbol>
      <symbol id="sm-b29">
         <name>__mspabi_sral_13</name>
         <value>0x148a8</value>
         <object_component_ref idref="oc-8f8"/>
      </symbol>
      <symbol id="sm-b2a">
         <name>__mspabi_sral_12</name>
         <value>0x148ac</value>
         <object_component_ref idref="oc-8f8"/>
      </symbol>
      <symbol id="sm-b2b">
         <name>__mspabi_sral_11</name>
         <value>0x148b0</value>
         <object_component_ref idref="oc-8f8"/>
      </symbol>
      <symbol id="sm-b2c">
         <name>__mspabi_sral_10</name>
         <value>0x148b4</value>
         <object_component_ref idref="oc-8f8"/>
      </symbol>
      <symbol id="sm-b2d">
         <name>__mspabi_sral_8</name>
         <value>0x148bc</value>
         <object_component_ref idref="oc-8f8"/>
      </symbol>
      <symbol id="sm-b2e">
         <name>__mspabi_sral_9</name>
         <value>0x148b8</value>
         <object_component_ref idref="oc-8f8"/>
      </symbol>
      <symbol id="sm-b2f">
         <name>__mspabi_sral_6</name>
         <value>0x148c4</value>
         <object_component_ref idref="oc-8f8"/>
      </symbol>
      <symbol id="sm-b30">
         <name>__mspabi_sral_7</name>
         <value>0x148c0</value>
         <object_component_ref idref="oc-8f8"/>
      </symbol>
      <symbol id="sm-b31">
         <name>__mspabi_sral_4</name>
         <value>0x148cc</value>
         <object_component_ref idref="oc-8f8"/>
      </symbol>
      <symbol id="sm-b32">
         <name>__mspabi_sral_5</name>
         <value>0x148c8</value>
         <object_component_ref idref="oc-8f8"/>
      </symbol>
      <symbol id="sm-b33">
         <name>__mspabi_sral_2</name>
         <value>0x148d4</value>
         <object_component_ref idref="oc-8f8"/>
      </symbol>
      <symbol id="sm-b34">
         <name>__mspabi_sral_3</name>
         <value>0x148d0</value>
         <object_component_ref idref="oc-8f8"/>
      </symbol>
      <symbol id="sm-b35">
         <name>__mspabi_sral_1</name>
         <value>0x148d8</value>
         <object_component_ref idref="oc-8f8"/>
      </symbol>
      <symbol id="sm-b41">
         <name>__mspabi_remi</name>
         <value>0x14d56</value>
         <object_component_ref idref="oc-8a6"/>
      </symbol>
      <symbol id="sm-b42">
         <name>__mspabi_divi</name>
         <value>0x14d56</value>
         <object_component_ref idref="oc-8a6"/>
      </symbol>
      <symbol id="sm-b4c">
         <name>__mspabi_remu</name>
         <value>0x15148</value>
         <object_component_ref idref="oc-89c"/>
      </symbol>
      <symbol id="sm-b4d">
         <name>__mspabi_divu</name>
         <value>0x15148</value>
         <object_component_ref idref="oc-89c"/>
      </symbol>
      <symbol id="sm-b6a">
         <name>__mspabi_subf</name>
         <value>0x125dc</value>
         <object_component_ref idref="oc-990"/>
      </symbol>
      <symbol id="sm-b6b">
         <name>__mspabi_addf</name>
         <value>0x125e2</value>
         <object_component_ref idref="oc-990"/>
      </symbol>
      <symbol id="sm-b7b">
         <name>__mspabi_cmpf</name>
         <value>0x14672</value>
         <object_component_ref idref="oc-9c1"/>
      </symbol>
      <symbol id="sm-b8d">
         <name>__mspabi_divf</name>
         <value>0x13a54</value>
         <object_component_ref idref="oc-9b3"/>
      </symbol>
      <symbol id="sm-b9a">
         <name>__mspabi_fltif</name>
         <value>0x14b60</value>
         <object_component_ref idref="oc-98b"/>
      </symbol>
      <symbol id="sm-bb2">
         <name>__mspabi_mpyf</name>
         <value>0x13216</value>
         <object_component_ref idref="oc-9cb"/>
      </symbol>
      <symbol id="sm-bbb">
         <name>__mspabi_negf</name>
         <value>0x15380</value>
         <object_component_ref idref="oc-9ba"/>
      </symbol>
      <symbol id="sm-bcd">
         <name>__mspabi_fixfi</name>
         <value>0x13fe6</value>
         <object_component_ref idref="oc-9c6"/>
      </symbol>
      <symbol id="sm-bd1">
         <name>__TI_int41</name>
         <value>0xffd2</value>
         <object_component_ref idref="oc-79"/>
      </symbol>
      <symbol id="sm-bd4">
         <name>__TI_int42</name>
         <value>0xffd4</value>
         <object_component_ref idref="oc-7a"/>
      </symbol>
      <symbol id="sm-bd7">
         <name>__TI_int43</name>
         <value>0xffd6</value>
         <object_component_ref idref="oc-7b"/>
      </symbol>
      <symbol id="sm-bda">
         <name>__TI_int45</name>
         <value>0xffda</value>
         <object_component_ref idref="oc-7d"/>
      </symbol>
      <symbol id="sm-bdd">
         <name>__TI_int49</name>
         <value>0xffe2</value>
         <object_component_ref idref="oc-81"/>
      </symbol>
      <symbol id="sm-be0">
         <name>__TI_int51</name>
         <value>0xffe6</value>
         <object_component_ref idref="oc-83"/>
      </symbol>
      <symbol id="sm-be3">
         <name>__TI_int52</name>
         <value>0xffe8</value>
         <object_component_ref idref="oc-84"/>
      </symbol>
      <symbol id="sm-be6">
         <name>__TI_int54</name>
         <value>0xffec</value>
         <object_component_ref idref="oc-86"/>
      </symbol>
      <symbol id="sm-be9">
         <name>__TI_int55</name>
         <value>0xffee</value>
         <object_component_ref idref="oc-87"/>
      </symbol>
      <symbol id="sm-bec">
         <name>__TI_int57</name>
         <value>0xfff2</value>
         <object_component_ref idref="oc-89"/>
      </symbol>
      <symbol id="sm-bef">
         <name>__TI_int58</name>
         <value>0xfff4</value>
         <object_component_ref idref="oc-8a"/>
      </symbol>
      <symbol id="sm-bf2">
         <name>__TI_int59</name>
         <value>0xfff6</value>
         <object_component_ref idref="oc-8b"/>
      </symbol>
      <symbol id="sm-bf5">
         <name>__TI_int60</name>
         <value>0xfff8</value>
         <object_component_ref idref="oc-8c"/>
      </symbol>
      <symbol id="sm-bf8">
         <name>__TI_int61</name>
         <value>0xfffa</value>
         <object_component_ref idref="oc-8d"/>
      </symbol>
      <symbol id="sm-bfb">
         <name>__TI_int62</name>
         <value>0xfffc</value>
         <object_component_ref idref="oc-8e"/>
      </symbol>
      <symbol id="sm-c03">
         <name>__TI_ISR_TRAP</name>
         <value>0x453e</value>
         <object_component_ref idref="oc-387"/>
      </symbol>
      <symbol id="sm-c0b">
         <name>__mspabi_slll_9</name>
         <value>0x148f6</value>
         <object_component_ref idref="oc-807"/>
      </symbol>
      <symbol id="sm-c0c">
         <name>__mspabi_slll_8</name>
         <value>0x148fa</value>
         <object_component_ref idref="oc-807"/>
      </symbol>
      <symbol id="sm-c0d">
         <name>__mspabi_slll_7</name>
         <value>0x148fe</value>
         <object_component_ref idref="oc-807"/>
      </symbol>
      <symbol id="sm-c0e">
         <name>__mspabi_slll_6</name>
         <value>0x14902</value>
         <object_component_ref idref="oc-807"/>
      </symbol>
      <symbol id="sm-c0f">
         <name>__mspabi_slll_5</name>
         <value>0x14906</value>
         <object_component_ref idref="oc-807"/>
      </symbol>
      <symbol id="sm-c10">
         <name>__mspabi_slll_4</name>
         <value>0x1490a</value>
         <object_component_ref idref="oc-807"/>
      </symbol>
      <symbol id="sm-c11">
         <name>__mspabi_slll_3</name>
         <value>0x1490e</value>
         <object_component_ref idref="oc-807"/>
      </symbol>
      <symbol id="sm-c12">
         <name>__mspabi_slll_2</name>
         <value>0x14912</value>
         <object_component_ref idref="oc-807"/>
      </symbol>
      <symbol id="sm-c13">
         <name>__mspabi_slll_1</name>
         <value>0x14916</value>
         <object_component_ref idref="oc-807"/>
      </symbol>
      <symbol id="sm-c14">
         <name>__mspabi_slll_15</name>
         <value>0x148de</value>
         <object_component_ref idref="oc-807"/>
      </symbol>
      <symbol id="sm-c15">
         <name>__mspabi_slll_14</name>
         <value>0x148e2</value>
         <object_component_ref idref="oc-807"/>
      </symbol>
      <symbol id="sm-c16">
         <name>__mspabi_slll_13</name>
         <value>0x148e6</value>
         <object_component_ref idref="oc-807"/>
      </symbol>
      <symbol id="sm-c17">
         <name>__mspabi_slll_12</name>
         <value>0x148ea</value>
         <object_component_ref idref="oc-807"/>
      </symbol>
      <symbol id="sm-c18">
         <name>__mspabi_slll_11</name>
         <value>0x148ee</value>
         <object_component_ref idref="oc-807"/>
      </symbol>
      <symbol id="sm-c19">
         <name>__mspabi_slll_10</name>
         <value>0x148f2</value>
         <object_component_ref idref="oc-807"/>
      </symbol>
      <symbol id="sm-c22">
         <name>__mspabi_mpyi_f5hw</name>
         <value>0x150ea</value>
         <object_component_ref idref="oc-8a1"/>
      </symbol>
      <symbol id="sm-c2c">
         <name>__mspabi_mpyl_f5hw</name>
         <value>0x14f82</value>
         <object_component_ref idref="oc-818"/>
      </symbol>
      <symbol id="sm-c3e">
         <name>_stack</name>
         <value>0x4360</value>
         <object_component_ref idref="oc-36b"/>
      </symbol>
      <symbol id="sm-c3f">
         <name>_c_int00_noargs</name>
         <value>0x44de</value>
         <object_component_ref idref="oc-3c8"/>
      </symbol>
      <symbol id="sm-c40">
         <name>_reset_vector</name>
         <value>0xfffe</value>
         <object_component_ref idref="oc-36e"/>
      </symbol>
      <symbol id="sm-c63">
         <name>__TI_auto_init_nobinit_nopinit_hold_wdt</name>
         <value>0x14538</value>
         <object_component_ref idref="oc-5cd"/>
      </symbol>
      <symbol id="sm-c76">
         <name>__TI_zero_init_nomemset</name>
         <value>0x14ef2</value>
         <object_component_ref idref="oc-3b6"/>
      </symbol>
      <symbol id="sm-c86">
         <name>_system_pre_init</name>
         <value>0x153d4</value>
         <object_component_ref idref="oc-445"/>
      </symbol>
      <symbol id="sm-c8f">
         <name>_system_post_cinit</name>
         <value>0x153d8</value>
         <object_component_ref idref="oc-78a"/>
      </symbol>
      <symbol id="sm-ca0">
         <name>__TI_decompress_none</name>
         <value>0x15258</value>
         <object_component_ref idref="oc-73"/>
      </symbol>
      <symbol id="sm-cc3">
         <name>__TI_decompress_lzss</name>
         <value>0x13be6</value>
         <object_component_ref idref="oc-6d"/>
      </symbol>
      <symbol id="sm-cdd">
         <name>__mspabi_cvtdf</name>
         <value>0x13382</value>
         <object_component_ref idref="oc-9ad"/>
      </symbol>
      <symbol id="sm-d17">
         <name>__mspabi_addd</name>
         <value>0x10000</value>
         <object_component_ref idref="oc-9a7"/>
      </symbol>
      <symbol id="sm-d2b">
         <name>__mspabi_cvtfd</name>
         <value>0x14182</value>
         <object_component_ref idref="oc-995"/>
      </symbol>
      <symbol id="sm-d4c">
         <name>__mspabi_divd</name>
         <value>0x11a36</value>
         <object_component_ref idref="oc-9a1"/>
      </symbol>
      <symbol id="sm-d57">
         <name>__mspabi_fltid</name>
         <value>0x1533e</value>
         <object_component_ref idref="oc-99b"/>
      </symbol>
      <symbol id="sm-d6f">
         <name>__mspabi_fltlid</name>
         <value>0x13628</value>
         <object_component_ref idref="oc-9db"/>
      </symbol>
      <symbol id="sm-d8c">
         <name>__TI_frcdivd</name>
         <value>0x1072a</value>
         <object_component_ref idref="oc-9e2"/>
      </symbol>
      <symbol id="sm-d99">
         <name>C$$EXIT</name>
         <value>0x153bc</value>
         <object_component_ref idref="oc-5a9"/>
      </symbol>
      <symbol id="sm-d9a">
         <name>abort</name>
         <value>0x153bc</value>
         <object_component_ref idref="oc-5a9"/>
      </symbol>
      <symbol id="sm-daa">
         <name>memcpy</name>
         <value>0x1521e</value>
         <object_component_ref idref="oc-37a"/>
      </symbol>
      <symbol id="sm-db4">
         <name>abs</name>
         <value>0x15362</value>
         <object_component_ref idref="oc-8e3"/>
      </symbol>
      <symbol id="sm-dbc">
         <name>__mspabi_srll_8</name>
         <value>0x14938</value>
         <object_component_ref idref="oc-a04"/>
      </symbol>
      <symbol id="sm-dbd">
         <name>__mspabi_srll_9</name>
         <value>0x14934</value>
         <object_component_ref idref="oc-a04"/>
      </symbol>
      <symbol id="sm-dbe">
         <name>__mspabi_srll_6</name>
         <value>0x14940</value>
         <object_component_ref idref="oc-a04"/>
      </symbol>
      <symbol id="sm-dbf">
         <name>__mspabi_srll_7</name>
         <value>0x1493c</value>
         <object_component_ref idref="oc-a04"/>
      </symbol>
      <symbol id="sm-dc0">
         <name>__mspabi_srll_4</name>
         <value>0x14948</value>
         <object_component_ref idref="oc-a04"/>
      </symbol>
      <symbol id="sm-dc1">
         <name>__mspabi_srll_5</name>
         <value>0x14944</value>
         <object_component_ref idref="oc-a04"/>
      </symbol>
      <symbol id="sm-dc2">
         <name>__mspabi_srll_2</name>
         <value>0x14950</value>
         <object_component_ref idref="oc-a04"/>
      </symbol>
      <symbol id="sm-dc3">
         <name>__mspabi_srll_3</name>
         <value>0x1494c</value>
         <object_component_ref idref="oc-a04"/>
      </symbol>
      <symbol id="sm-dc4">
         <name>__mspabi_srll_1</name>
         <value>0x14954</value>
         <object_component_ref idref="oc-a04"/>
      </symbol>
      <symbol id="sm-dc5">
         <name>__mspabi_srll_15</name>
         <value>0x1491c</value>
         <object_component_ref idref="oc-a04"/>
      </symbol>
      <symbol id="sm-dc6">
         <name>__mspabi_srll_14</name>
         <value>0x14920</value>
         <object_component_ref idref="oc-a04"/>
      </symbol>
      <symbol id="sm-dc7">
         <name>__mspabi_srll_13</name>
         <value>0x14924</value>
         <object_component_ref idref="oc-a04"/>
      </symbol>
      <symbol id="sm-dc8">
         <name>__mspabi_srll_12</name>
         <value>0x14928</value>
         <object_component_ref idref="oc-a04"/>
      </symbol>
      <symbol id="sm-dc9">
         <name>__mspabi_srll_11</name>
         <value>0x1492c</value>
         <object_component_ref idref="oc-a04"/>
      </symbol>
      <symbol id="sm-dca">
         <name>__mspabi_srll_10</name>
         <value>0x14930</value>
         <object_component_ref idref="oc-a04"/>
      </symbol>
      <symbol id="sm-dd8">
         <name>__mspabi_srall</name>
         <value>0x14820</value>
         <object_component_ref idref="oc-9ef"/>
      </symbol>
      <symbol id="sm-de5">
         <name>__mspabi_sllll</name>
         <value>0x14a10</value>
         <object_component_ref idref="oc-9f5"/>
      </symbol>
   </symbol_table>
   <title>Link successful</title>
</link_info>
