******************************************************************************
                  MSP430 Linker PC v21.6.1                     
******************************************************************************
>> Linked Tue Jan 28 17:36:36 2025

OUTPUT FILE NAME:   <Puka_20.out>
ENTRY POINT SYMBOL: "_c_int00_noargs"  address: 000044de


MEMORY CONFIGURATION

         name            origin    length      used     unused   attr    fill
----------------------  --------  ---------  --------  --------  ----  --------
  SFR                   00000000   00000010  00000000  00000010  RWIX
  PERIPHERALS_8BIT      00000010   000000f0  00000000  000000f0  RWIX
  PERIPHERALS_16BIT     00000100   00000100  00000000  00000100  RWIX
  INFOD                 00001800   00000080  00000000  00000080  RWIX
  INFOC                 00001880   00000080  00000000  00000080  RWIX
  INFOB                 00001900   00000080  00000000  00000080  RWIX
  INFOA                 00001980   00000080  00000000  00000080  RWIX
  USBRAM                00001c00   00000800  00000000  00000800  RWIX
  RAM                   00002400   00002000  000004d3  00001b2d  RWIX
  FLASH                 00004400   0000bb80  000008b6  0000b2ca  RWIX
  INT00                 0000ff80   00000002  00000000  00000002  RWIX
  INT01                 0000ff82   00000002  00000000  00000002  RWIX
  INT02                 0000ff84   00000002  00000000  00000002  RWIX
  INT03                 0000ff86   00000002  00000000  00000002  RWIX
  INT04                 0000ff88   00000002  00000000  00000002  RWIX
  INT05                 0000ff8a   00000002  00000000  00000002  RWIX
  INT06                 0000ff8c   00000002  00000000  00000002  RWIX
  INT07                 0000ff8e   00000002  00000000  00000002  RWIX
  INT08                 0000ff90   00000002  00000000  00000002  RWIX
  INT09                 0000ff92   00000002  00000000  00000002  RWIX
  INT10                 0000ff94   00000002  00000000  00000002  RWIX
  INT11                 0000ff96   00000002  00000000  00000002  RWIX
  INT12                 0000ff98   00000002  00000000  00000002  RWIX
  INT13                 0000ff9a   00000002  00000000  00000002  RWIX
  INT14                 0000ff9c   00000002  00000000  00000002  RWIX
  INT15                 0000ff9e   00000002  00000000  00000002  RWIX
  INT16                 0000ffa0   00000002  00000000  00000002  RWIX
  INT17                 0000ffa2   00000002  00000000  00000002  RWIX
  INT18                 0000ffa4   00000002  00000000  00000002  RWIX
  INT19                 0000ffa6   00000002  00000000  00000002  RWIX
  INT20                 0000ffa8   00000002  00000000  00000002  RWIX
  INT21                 0000ffaa   00000002  00000000  00000002  RWIX
  INT22                 0000ffac   00000002  00000000  00000002  RWIX
  INT23                 0000ffae   00000002  00000000  00000002  RWIX
  INT24                 0000ffb0   00000002  00000000  00000002  RWIX
  INT25                 0000ffb2   00000002  00000000  00000002  RWIX
  INT26                 0000ffb4   00000002  00000000  00000002  RWIX
  INT27                 0000ffb6   00000002  00000000  00000002  RWIX
  INT28                 0000ffb8   00000002  00000000  00000002  RWIX
  INT29                 0000ffba   00000002  00000000  00000002  RWIX
  INT30                 0000ffbc   00000002  00000000  00000002  RWIX
  INT31                 0000ffbe   00000002  00000000  00000002  RWIX
  INT32                 0000ffc0   00000002  00000000  00000002  RWIX
  INT33                 0000ffc2   00000002  00000000  00000002  RWIX
  INT34                 0000ffc4   00000002  00000000  00000002  RWIX
  INT35                 0000ffc6   00000002  00000000  00000002  RWIX
  INT36                 0000ffc8   00000002  00000000  00000002  RWIX
  INT37                 0000ffca   00000002  00000000  00000002  RWIX
  INT38                 0000ffcc   00000002  00000000  00000002  RWIX
  INT39                 0000ffce   00000002  00000000  00000002  RWIX
  INT40                 0000ffd0   00000002  00000000  00000002  RWIX
  INT41                 0000ffd2   00000002  00000002  00000000  RWIX
  INT42                 0000ffd4   00000002  00000002  00000000  RWIX
  INT43                 0000ffd6   00000002  00000002  00000000  RWIX
  INT44                 0000ffd8   00000002  00000002  00000000  RWIX
  INT45                 0000ffda   00000002  00000002  00000000  RWIX
  INT46                 0000ffdc   00000002  00000002  00000000  RWIX
  INT47                 0000ffde   00000002  00000002  00000000  RWIX
  INT48                 0000ffe0   00000002  00000002  00000000  RWIX
  INT49                 0000ffe2   00000002  00000002  00000000  RWIX
  INT50                 0000ffe4   00000002  00000002  00000000  RWIX
  INT51                 0000ffe6   00000002  00000002  00000000  RWIX
  INT52                 0000ffe8   00000002  00000002  00000000  RWIX
  INT53                 0000ffea   00000002  00000002  00000000  RWIX
  INT54                 0000ffec   00000002  00000002  00000000  RWIX
  INT55                 0000ffee   00000002  00000002  00000000  RWIX
  INT56                 0000fff0   00000002  00000002  00000000  RWIX
  INT57                 0000fff2   00000002  00000002  00000000  RWIX
  INT58                 0000fff4   00000002  00000002  00000000  RWIX
  INT59                 0000fff6   00000002  00000002  00000000  RWIX
  INT60                 0000fff8   00000002  00000002  00000000  RWIX
  INT61                 0000fffa   00000002  00000002  00000000  RWIX
  INT62                 0000fffc   00000002  00000002  00000000  RWIX
  RESET                 0000fffe   00000002  00000002  00000000  RWIX
  FLASH2                00010000   000143f8  00005cea  0000e70e  RWIX


SECTION ALLOCATION MAP

 output                                  attributes/
section   page    origin      length       input sections
--------  ----  ----------  ----------   ----------------
.bss       0    00002400    000003bf     UNINITIALIZED
                  00002400    0000008a     (.common:lcd_buf)
                  0000248a    00000080     (.common:gprs_fila)
                  0000250a    00000080     (.common:gps_fila)
                  0000258a    00000080     (.common:seri_fila)
                  0000260a    0000005a     (.common:gps_gprmc)
                  00002664    00000046     (.common:toda_msg)
                  000026aa    00000016     (.common:gps_msg)
                  000026c0    00000012     (.common:rtc_msg)
                  000026d2    00000012     (.common:rtc_ultima_data_hora_1_hora)
                  000026e4    00000012     (.common:rtc_ultima_data_hora_1_min)
                  000026f6    0000000c     (.common:atual_vetor_data_hora)
                  00002702    0000000c     (.common:gps_hora)
                  0000270e    0000000c     (.common:gps_lat)
                  0000271a    0000000c     (.common:gps_long)
                  00002726    0000000c     (.common:ultimo_vetor_data_hora)
                  00002732    00000008     (.common:gps_data)
                  0000273a    00000008     (.common:rtc_vetor)
                  00002742    00000004     (.common:lat)
                  00002746    00000004     (.common:lataux)
                  0000274a    00000004     (.common:longt)
                  0000274e    00000004     (.common:longtaux)
                  00002752    00000004     (.common:maiorlatitude)
                  00002756    00000004     (.common:maiorlongitude)
                  0000275a    00000004     (.common:menorlatitude)
                  0000275e    00000004     (.common:menorlongitude)
                  00002762    00000004     (.common:vol_lat)
                  00002766    00000004     (.common:vol_long)
                  0000276a    00000004     (.common:wr_address_mem)
                  0000276e    00000002     (.common:amaiorx)
                  00002770    00000002     (.common:amaiory)
                  00002772    00000002     (.common:amaiorz)
                  00002774    00000002     (.common:amenorx)
                  00002776    00000002     (.common:amenory)
                  00002778    00000002     (.common:amenorz)
                  0000277a    00000002     (.common:ax)
                  0000277c    00000002     (.common:ay)
                  0000277e    00000002     (.common:az)
                  00002780    00000002     (.common:crono_cont)
                  00002782    00000002     (.common:gprs_pin)
                  00002784    00000002     (.common:gprs_pout)
                  00002786    00000002     (.common:gps_estado)
                  00002788    00000002     (.common:gps_pin)
                  0000278a    00000002     (.common:gps_pout)
                  0000278c    00000002     (.common:gx)
                  0000278e    00000002     (.common:gy)
                  00002790    00000002     (.common:gz)
                  00002792    00000002     (.common:maiorgx)
                  00002794    00000002     (.common:maiorgy)
                  00002796    00000002     (.common:maiorgz)
                  00002798    00000002     (.common:menorgx)
                  0000279a    00000002     (.common:menorgy)
                  0000279c    00000002     (.common:menorgz)
                  0000279e    00000002     (.common:seri_pin)
                  000027a0    00000002     (.common:seri_pout)
                  000027a2    00000002     (.common:tp)
                  000027a4    00000001     (.common:cont_c_seg)
                  000027a5    00000001     (.common:cont_d_seg)
                  000027a6    00000001     (.common:cont_min)
                  000027a7    00000001     (.common:cont_seg)
                  000027a8    00000001     (.common:estado)
                  000027a9    00000001     (.common:flag_c_seg)
                  000027aa    00000001     (.common:flag_d_seg)
                  000027ab    00000001     (.common:flag_seg)
                  000027ac    00000001     (.common:gps_dado)
                  000027ad    00000001     (.common:gps_ew)
                  000027ae    00000001     (.common:gps_ew2)
                  000027af    00000001     (.common:gps_gprmc_novo)
                  000027b0    00000001     (.common:gps_ns)
                  000027b1    00000001     (.common:gps_sat)
                  000027b2    00000001     (.common:gps_tranca)
                  000027b3    00000001     (.common:i2c_tranca)
                  000027b4    00000001     (.common:lcd_adr)
                  000027b5    00000001     (.common:lcd_flag)
                  000027b6    00000001     (.common:lcd_tem)
                  000027b7    00000001     (.common:modo)
                  000027b8    00000001     (.common:mpu_tem)
                  000027b9    00000001     (.common:sw1)
                  000027ba    00000001     (.common:sw1_cont)
                  000027bb    00000001     (.common:sw1_estado)
                  000027bc    00000001     (.common:sw2)
                  000027bd    00000001     (.common:sw2_cont)
                  000027be    00000001     (.common:sw2_estado)

.data      0    000027c0    00000074     UNINITIALIZED
                  000027c0    00000043     Puka.obj (.data:gps_gprmc_ok)
                  00002803    00000001     Gps.obj (.data)
                  00002804    0000001a     Puka.obj (.data)
                  0000281e    00000016     Puka.obj (.data:receivestring)

.stack     0    00004360    000000a0     UNINITIALIZED
                  00004360    00000004     rts430x_lc_rd_eabi.lib : boot.c.obj (.stack)
                  00004364    0000009c     --HOLE--

.text:_isr 
*          0    00004400    00000146     
                  00004400    00000070     Int.obj (.text:_isr:isr_ta2_0)
                  00004470    0000004a     Gps.obj (.text:_isr:isr_ta0ccr0)
                  000044ba    00000024     Gps.obj (.text:_isr:isr_p1)
                  000044de    0000001c     rts430x_lc_rd_eabi.lib : boot.c.obj (.text:_isr:_c_int00_noargs)
                  000044fa    00000012     Gprs.obj (.text:_isr:ISR_USCI_A0)
                  0000450c    00000012     Int.obj (.text:_isr:isr_dma)
                  0000451e    00000012     Serial.obj (.text:_isr:usci_a1_int)
                  00004530    0000000e     Timer.obj (.text:_isr:isr_ta1ifg)
                  0000453e    00000008     rts430x_lc_rd_eabi.lib : isr_trap.asm.obj (.text:_isr:__TI_ISR_TRAP)

.cinit     0    00004c20    00000096     
                  00004c20    00000074     (.cinit..data.load) [load image, compression = lzss]
                  00004c94    0000000c     (__TI_handler_table)
                  00004ca0    00000006     (.cinit..bss.load) [load image, compression = zero_init]
                  00004ca6    00000010     (__TI_cinit_table)

.binit     0    00004400    00000000     

.init_array 
*          0    00004400    00000000     UNINITIALIZED

.const     0    00004546    000006da     
                  00004546    000002c4     Modos.obj (.const:.string)
                  0000480a    0000017a     Puka.obj (.const:.string)
                  00004984    0000013a     Gprs.obj (.const:.string)
                  00004abe    000000a6     Estados.obj (.const:.string)
                  00004b64    0000004a     Serial.obj (.const:.string)
                  00004bae    00000046     Gps.obj (.const:.string)
                  00004bf4    00000016     Mpu.obj (.const:.string)
                  00004c0a    00000016     Rtc.obj (.const:.string)

RTC        0    0000ffd2    00000002     
                  0000ffd2    00000002     rts430x_lc_rd_eabi.lib : int41.asm.obj (.int41)

PORT2      0    0000ffd4    00000002     
                  0000ffd4    00000002     rts430x_lc_rd_eabi.lib : int42.asm.obj (.int42)

TIMER2_A1 
*          0    0000ffd6    00000002     
                  0000ffd6    00000002     rts430x_lc_rd_eabi.lib : int43.asm.obj (.int43)

TIMER2_A0 
*          0    0000ffd8    00000002     
                  0000ffd8    00000002     Int.obj (.int44)

USCI_B1    0    0000ffda    00000002     
                  0000ffda    00000002     rts430x_lc_rd_eabi.lib : int45.asm.obj (.int45)

USCI_A1    0    0000ffdc    00000002     
                  0000ffdc    00000002     Serial.obj (.int46)

PORT1      0    0000ffde    00000002     
                  0000ffde    00000002     Gps.obj (.int47)

TIMER1_A1 
*          0    0000ffe0    00000002     
                  0000ffe0    00000002     Timer.obj (.int48)

TIMER1_A0 
*          0    0000ffe2    00000002     
                  0000ffe2    00000002     rts430x_lc_rd_eabi.lib : int49.asm.obj (.int49)

DMA        0    0000ffe4    00000002     
                  0000ffe4    00000002     Int.obj (.int50)

USB_UBM    0    0000ffe6    00000002     
                  0000ffe6    00000002     rts430x_lc_rd_eabi.lib : int51.asm.obj (.int51)

TIMER0_A1 
*          0    0000ffe8    00000002     
                  0000ffe8    00000002     rts430x_lc_rd_eabi.lib : int52.asm.obj (.int52)

TIMER0_A0 
*          0    0000ffea    00000002     
                  0000ffea    00000002     Gps.obj (.int53)

ADC12      0    0000ffec    00000002     
                  0000ffec    00000002     rts430x_lc_rd_eabi.lib : int54.asm.obj (.int54)

USCI_B0    0    0000ffee    00000002     
                  0000ffee    00000002     rts430x_lc_rd_eabi.lib : int55.asm.obj (.int55)

USCI_A0    0    0000fff0    00000002     
                  0000fff0    00000002     Gprs.obj (.int56)

WDT        0    0000fff2    00000002     
                  0000fff2    00000002     rts430x_lc_rd_eabi.lib : int57.asm.obj (.int57)

TIMER0_B1 
*          0    0000fff4    00000002     
                  0000fff4    00000002     rts430x_lc_rd_eabi.lib : int58.asm.obj (.int58)

TIMER0_B0 
*          0    0000fff6    00000002     
                  0000fff6    00000002     rts430x_lc_rd_eabi.lib : int59.asm.obj (.int59)

COMP_B     0    0000fff8    00000002     
                  0000fff8    00000002     rts430x_lc_rd_eabi.lib : int60.asm.obj (.int60)

UNMI       0    0000fffa    00000002     
                  0000fffa    00000002     rts430x_lc_rd_eabi.lib : int61.asm.obj (.int61)

SYSNMI     0    0000fffc    00000002     
                  0000fffc    00000002     rts430x_lc_rd_eabi.lib : int62.asm.obj (.int62)

.reset     0    0000fffe    00000002     
                  0000fffe    00000002     rts430x_lc_rd_eabi.lib : boot.c.obj (.reset)

.text      0    00010000    00005cea     
                  00010000    0000072a     rts430x_lc_rd_eabi.lib : addd.c.obj (.text:__mspabi_addd)
                  0001072a    00000468                            : frcdivd.c.obj (.text:__TI_frcdivd)
                  00010b92    0000042e     Gps.obj (.text:calculo_GPRMC)
                  00010fc0    0000037c     Gps.obj (.text:separa_algarismos_gps_f)
                  0001133c    0000028a     Mpu.obj (.text:todos_dados)
                  000115c6    00000258     Modos.obj (.text:modo_wq)
                  0001181e    00000230     Puka.obj (.text:main)
                  00011a4e    0000022a     Gps.obj (.text:int_latitude_longitude)
                  00011c78    0000021c     rts430x_lc_rd_eabi.lib : divd.c.obj (.text:__mspabi_divd)
                  00011e94    000001aa     Modos.obj (.text:modo_26)
                  0001203e    00000186     Rtc.obj (.text:coloca_hora_dezena)
                  000121c4    00000186     Rtc.obj (.text:coloca_min_dezena)
                  0001234a    00000160     Modos.obj (.text:modo_rtc)
                  000124aa    00000156     Modos.obj (.text:modo_mpu)
                  00012600    00000136     Gps.obj (.text:gps_gprmc_extrai)
                  00012736    00000132     rts430x_lc_rd_eabi.lib : fs_add.asm.obj (.text)
                  00012868    0000011a     Rtc.obj (.text:passou_1_hora)
                  00012982    0000011a     Rtc.obj (.text:passou_1_min)
                  00012a9c    0000011a     Rtc.obj (.text:passou_3_hora)
                  00012bb6    000000fc     Serial.obj (.text:ser1_config)
                  00012cb2    000000f2     Modos.obj (.text:modo_sw)
                  00012da4    000000e8     Gprs.obj (.text:ser0_config)
                  00012e8c    000000e6     Gps.obj (.text:gps_busca_gprmc)
                  00012f72    000000e2     Gps.obj (.text:gps_furto)
                  00013054    000000e0     Modos.obj (.text:modo_leds)
                  00013134    000000da     Modos.obj (.text:modo_gprmc)
                  0001320e    000000d8     Strings.obj (.text:str_2_num)
                  000132e6    000000d4     Modos.obj (.text:modo_1)
                  000133ba    000000cc     Mpu.obj (.text:acel_furto)
                  00013486    000000cc     Mpu.obj (.text:giro_furto)
                  00013552    000000cc     Mpu.obj (.text:mpu_values)
                  0001361e    000000cc     Wq.obj (.text:salvar_memoria)
                  000136ea    000000bc     Serial.obj (.text:seri_cmdo)
                  000137a6    000000b8     Lcd.obj (.text:lcd_inic)
                  0001385e    000000b8     rts430x_lc_rd_eabi.lib : fs_mpy.asm.obj (.text)
                  00013916    000000b2                            : cvtdf.c.obj (.text:__mspabi_cvtdf)
                  000139c8    000000b0     Modos.obj (.text:modo_19)
                  00013a78    000000ae     Lcd.obj (.text:lcd_dma_config)
                  00013b26    000000a6     Gprs.obj (.text:msg_handler)
                  00013bcc    000000a2     Mpu.obj (.text:repouso_values_mpu)
                  00013c6e    0000009e     rts430x_lc_rd_eabi.lib : fltlid.c.obj (.text:__mspabi_fltlid)
                  00013d0c    0000009a     Strings.obj (.text:IntToChar)
                  00013da6    00000098     Lcd.obj (.text:lcdb_str)
                  00013e3e    00000098     Mpu.obj (.text:mpu_rd_vet)
                  00013ed6    00000098     Rtc.obj (.text:rtc_rd_vet)
                  00013f6e    00000096     Modos.obj (.text:modo_9)
                  00014004    00000096     Gpio.obj (.text:sw_monitorar)
                  0001409a    00000092     Estados.obj (.text:alerta2)
                  0001412c    00000090     rts430x_lc_rd_eabi.lib : fs_div.asm.obj (.text)
                  000141bc    00000088     Serial.obj (.text:ser1_linha)
                  00014244    00000082     Estados.obj (.text:save_estado)
                  000142c6    0000007a     Strings.obj (.text:str_dec16)
                  00014340    00000076     rts430x_lc_rd_eabi.lib : copy_decompress_lzss.c.obj (.text:decompress:lzss:__TI_decompress_lzss)
                  000143b6    00000076     Gps.obj (.text:gps_dump)
                  0001442c    00000076     Rtc.obj (.text:rtc_wr_vet)
                  000144a2    00000076     Serial.obj (.text:seri_dump)
                  00014518    00000072     Strings.obj (.text:str_data_hora)
                  0001458a    00000072     Wq.obj (.text:wq_rd_blk)
                  000145fc    00000070     Estados.obj (.text:alerta1)
                  0001466c    00000070     Estados.obj (.text:suspeito)
                  000146dc    00000070     Wq.obj (.text:wq_wr_blk)
                  0001474c    0000006e     Lcd.obj (.text:lcdb_apaga)
                  000147ba    0000006a     Lcd.obj (.text:lcdb_char)
                  00014824    00000068     rts430x_lc_rd_eabi.lib : fs_toi.asm.obj (.text)
                  0001488c    00000066     Mpu.obj (.text:mpu_wr)
                  000148f2    00000066     Strings.obj (.text:str_rmvz_u)
                  00014958    00000064     rts430x_lc_rd_eabi.lib : cvtfd.c.obj (.text:__mspabi_cvtfd)
                  000149bc    00000064     Estados.obj (.text:carregar_estado)
                  00014a20    00000064     Lcd.obj (.text:i2c_config)
                  00014a84    00000064     Modos.obj (.text:modo_20)
                  00014ae8    00000064     Strings.obj (.text:str_dec8u)
                  00014b4c    00000060     Gprs.obj (.text:gprs_send_msg)
                  00014bac    00000060     Mpu.obj (.text:mpu_8bits)
                  00014c0c    0000005e     Gpio.obj (.text:gpio_config)
                  00014c6a    0000005e     Gps.obj (.text:set_values_gps)
                  00014cc8    0000005a     Modos.obj (.text:modo_lcd)
                  00014d22    0000005a     Mpu.obj (.text:mpu_config)
                  00014d7c    00000056     Estados.obj (.text:vigilia)
                  00014dd2    00000054     rts430x_lc_rd_eabi.lib : autoinit.c.obj (.text:__TI_auto_init_nobinit_nopinit_hold_wdt:__TI_auto_init_nobinit_nopinit_hold_wdt)
                  00014e26    00000050     Wq.obj (.text:wq_erase_4k)
                  00014e76    0000004c     Timer.obj (.text:clk_20mhz)
                  00014ec2    0000004a     Modos.obj (.text:modo_gps)
                  00014f0c    0000004a     rts430x_lc_rd_eabi.lib : fs_cmp.asm.obj (.text)
                  00014f56    0000004a     Strings.obj (.text:str_hex32)
                  00014fa0    00000048     Gprs.obj (.text:gprs_config_receive)
                  00014fe8    00000048     Lcd.obj (.text:lcd_aux)
                  00015030    00000048     Lcd.obj (.text:lcd_delay)
                  00015078    00000046     Strings.obj (.text:str_hex8)
                  000150be    00000044     Strings.obj (.text:str_hex16)
                  00015102    00000040     rts430x_lc_rd_eabi.lib : asr64.c.obj (.text:__mspabi_srall)
                  00015142    00000040     Serial.obj (.text:seri_cmdo_x)
                  00015182    0000003e     rts430x_lc_rd_eabi.lib : asr32.asm.obj (.text:l_asr_const)
                  000151c0    0000003e                            : lsl32.asm.obj (.text:l_lsl_const)
                  000151fe    0000003e                            : lsr32.asm.obj (.text:l_lsr_const)
                  0001523c    0000003e     Serial.obj (.text:rec_msg)
                  0001527a    0000003c     Lcd.obj (.text:i2c_trancar)
                  000152b6    0000003a     rts430x_lc_rd_eabi.lib : lsl64.c.obj (.text:__mspabi_sllll)
                  000152f0    0000003a     Wq.obj (.text:w25_manuf_dev_id)
                  0001532a    00000038     Lcd.obj (.text:lcd_presente)
                  00015362    00000038     Strings.obj (.text:str_cmp)
                  0001539a    00000036     Rtc.obj (.text:atualiza_data_hora)
                  000153d0    00000036     Gprs.obj (.text:gprs_tira)
                  00015406    00000036     Gps.obj (.text:gps_tira)
                  0001543c    00000036     rts430x_lc_rd_eabi.lib : fs_itof.asm.obj (.text)
                  00015472    00000036     Serial.obj (.text:seri_tira)
                  000154a8    00000034     Gps.obj (.text:copia_ate_virgula)
                  000154dc    00000034     Strings.obj (.text:str_maiusc)
                  00015510    00000032     Gprs.obj (.text:loopserial)
                  00015542    00000030     Estados.obj (.text:dormente)
                  00015572    00000030     Gprs.obj (.text:gprs_poe)
                  000155a2    00000030     Gps.obj (.text:gps_config)
                  000155d2    00000030     Gps.obj (.text:gps_poe)
                  00015602    00000030     Serial.obj (.text:seri_poe)
                  00015632    0000002e     Serial.obj (.text:seri_xereta)
                  00015660    0000002c     rts430x_lc_rd_eabi.lib : div16s.asm.obj (.text)
                  0001568c    0000002c     Wq.obj (.text:spi_config)
                  000156b8    0000002a     Gprs.obj (.text:checkreceive)
                  000156e2    0000002a     Lcd.obj (.text:i2c_teste_adr)
                  0001570c    0000002a     Serial.obj (.text:seri_vazia)
                  00015736    00000028     Gprs.obj (.text:gprs_send_cmd)
                  0001575e    00000028     Gprs.obj (.text:gprs_str)
                  00015786    00000028     Lcd.obj (.text:lcdb_data)
                  000157ae    00000028     Lcd.obj (.text:lcdb_hora)
                  000157d6    00000028     Serial.obj (.text:ser1_str)
                  000157fe    00000028     Serial.obj (.text:seri_come_crlf)
                  00015826    00000024     rts430x_lc_rd_eabi.lib : copy_zero_init.c.obj (.text:decompress:ZI:__TI_zero_init_nomemset:__TI_zero_init_nomemset)
                  0001584a    00000024     Strings.obj (.text:eh_hexa)
                  0001586e    00000024     Lcd.obj (.text:lcd_atualiza)
                  00015892    00000024     Lcd.obj (.text:lcdb_hex16)
                  000158b6    00000024     rts430x_lc_rd_eabi.lib : mult32_f5hw.asm.obj (.text)
                  000158da    00000020     Timer.obj (.text:delay_10ms)
                  000158fa    00000020     Timer.obj (.text:delay_seg)
                  0001591a    00000020     Strings.obj (.text:str_bcd8)
                  0001593a    0000001e     Serial.obj (.text:ser1_crlf)
                  00015958    0000001c     Gprs.obj (.text:gprs_cheia)
                  00015974    0000001c     Gps.obj (.text:gps_cheia)
                  00015990    0000001c     Rtc.obj (.text:rtc_estado)
                  000159ac    0000001c     Serial.obj (.text:ser1_dec8unz)
                  000159c8    0000001c     Serial.obj (.text:seri_cheia)
                  000159e4    0000001c     Wq.obj (.text:wq_ocupado)
                  00015a00    0000001a     Wq.obj (.text:spi_transf)
                  00015a1a    00000018     rts430x_lc_rd_eabi.lib : mult16_f5hw.asm.obj (.text)
                  00015a32    00000018     Wq.obj (.text:wq_sr1_rd)
                  00015a4a    00000018     Wq.obj (.text:wq_sr2_rd)
                  00015a62    00000016     Modos.obj (.text:modo_ser1)
                  00015a78    00000016     rts430x_lc_rd_eabi.lib : div16u.asm.obj (.text)
                  00015a8e    00000016     Serial.obj (.text:ser1_data_hora)
                  00015aa4    00000016     Serial.obj (.text:ser1_dec16)
                  00015aba    00000016     Serial.obj (.text:ser1_dec8u)
                  00015ad0    00000016     Serial.obj (.text:ser1_hex32)
                  00015ae6    00000016     Serial.obj (.text:ser1_hex8)
                  00015afc    00000016     Serial.obj (.text:ser1_spc)
                  00015b12    00000014     Strings.obj (.text:eh_dec)
                  00015b26    00000014     rts430x_lc_rd_eabi.lib : memcpy.c.obj (.text:memcpy)
                  00015b3a    00000014     Timer.obj (.text:ta2_config)
                  00015b4e    00000012     Strings.obj (.text:asc_nib)
                  00015b60    00000012     rts430x_lc_rd_eabi.lib : copy_decompress_none.c.obj (.text:decompress:none:__TI_decompress_none)
                  00015b72    00000012     Gps.obj (.text:gps_estado_modo)
                  00015b84    00000012     Modos.obj (.text:modo_99)
                  00015b96    00000012     Wq.obj (.text:wq_WEL)
                  00015ba8    00000010     Timer.obj (.text:crono_inic)
                  00015bb8    00000010     Wq.obj (.text:wq_wel)
                  00015bc8    0000000e     Modos.obj (.text:modo_0)
                  00015bd6    0000000e     Modos.obj (.text:modo_18)
                  00015be4    0000000e     Modos.obj (.text:modo_2)
                  00015bf2    0000000e     Modos.obj (.text:modo_3)
                  00015c00    0000000e     Modos.obj (.text:modo_4)
                  00015c0e    0000000e     Modos.obj (.text:modo_5)
                  00015c1c    0000000e     Modos.obj (.text:modo_6)
                  00015c2a    0000000e     Modos.obj (.text:modo_7)
                  00015c38    0000000e     Modos.obj (.text:modo_8)
                  00015c46    0000000c     rts430x_lc_rd_eabi.lib : fltid.c.obj (.text:__mspabi_fltid)
                  00015c52    0000000c     Gprs.obj (.text:gprs_char)
                  00015c5e    0000000c     Serial.obj (.text:ser1_char)
                  00015c6a    0000000a     rts430x_lc_rd_eabi.lib : abs.c.obj (.text:abs)
                  00015c74    0000000a     Timer.obj (.text:crono_zera)
                  00015c7e    0000000a     Gprs.obj (.text:gprs_config)
                  00015c88    0000000a     rts430x_lc_rd_eabi.lib : fs_neg.asm.obj (.text)
                  00015c92    0000000a     Serial.obj (.text:seri_config)
                  00015c9c    00000008     Strings.obj (.text:charToInt)
                  00015ca4    00000008     Gpio.obj (.text:led_VD)
                  00015cac    00000008     Gpio.obj (.text:led_Vd)
                  00015cb4    00000008     Gpio.obj (.text:led_vd)
                  00015cbc    00000008     Wq.obj (.text:wq_CS)
                  00015cc4    00000008     Wq.obj (.text:wq_cs)
                  00015ccc    00000006     rts430x_lc_rd_eabi.lib : exit.c.obj (.text:abort)
                  00015cd2    00000006     Gpio.obj (.text:led_VM)
                  00015cd8    00000006     Gpio.obj (.text:led_Vm)
                  00015cde    00000006     Gpio.obj (.text:led_vm)
                  00015ce4    00000004     rts430x_lc_rd_eabi.lib : pre_init.c.obj (.text:_system_pre_init)
                  00015ce8    00000002                            : startup.c.obj (.text:_system_post_cinit)

MODULE SUMMARY

       Module                       code    ro data   rw data
       ------                       ----    -------   -------
    .\
       Modos.obj                    3372    708       0      
       Gps.obj                      3852    74        1      
       Puka.obj                     560     378       1074   
       Rtc.obj                      1978    22        0      
       Mpu.obj                      1864    22        0      
       Serial.obj                   1348    76        0      
       Lcd.obj                      1280    0         0      
       Strings.obj                  1242    0         0      
       Gprs.obj                     908     316       0      
       Estados.obj                  734     166       0      
       Wq.obj                       764     0         0      
       Gpio.obj                     286     0         0      
       Timer.obj                    200     2         0      
       Int.obj                      130     4         0      
    +--+----------------------------+-------+---------+---------+
       Total:                       18518   1768      1075   
                                                             
    C:\ti\ccs1250\ccs\tools\compiler\ti-cgt-msp430_21.6.1.LTS\lib\rts430x_lc_rd_eabi.lib
       addd.c.obj                   1834    0         0      
       frcdivd.c.obj                1128    0         0      
       divd.c.obj                   540     0         0      
       fs_add.asm.obj               306     0         0      
       fs_mpy.asm.obj               184     0         0      
       cvtdf.c.obj                  178     0         0      
       fltlid.c.obj                 158     0         0      
       fs_div.asm.obj               144     0         0      
       copy_decompress_lzss.c.obj   118     0         0      
       fs_toi.asm.obj               104     0         0      
       cvtfd.c.obj                  100     0         0      
       autoinit.c.obj               84      0         0      
       fs_cmp.asm.obj               74      0         0      
       asr64.c.obj                  64      0         0      
       asr32.asm.obj                62      0         0      
       lsl32.asm.obj                62      0         0      
       lsr32.asm.obj                62      0         0      
       lsl64.c.obj                  58      0         0      
       fs_itof.asm.obj              54      0         0      
       div16s.asm.obj               44      0         0      
       copy_zero_init.c.obj         36      0         0      
       mult32_f5hw.asm.obj          36      0         0      
       boot.c.obj                   28      2         0      
       mult16_f5hw.asm.obj          24      0         0      
       div16u.asm.obj               22      0         0      
       memcpy.c.obj                 20      0         0      
       copy_decompress_none.c.obj   18      0         0      
       fltid.c.obj                  12      0         0      
       abs.c.obj                    10      0         0      
       fs_neg.asm.obj               10      0         0      
       isr_trap.asm.obj             8       0         0      
       exit.c.obj                   6       0         0      
       pre_init.c.obj               4       0         0      
       int41.asm.obj                0       2         0      
       int42.asm.obj                0       2         0      
       int43.asm.obj                0       2         0      
       int45.asm.obj                0       2         0      
       int49.asm.obj                0       2         0      
       int51.asm.obj                0       2         0      
       int52.asm.obj                0       2         0      
       int54.asm.obj                0       2         0      
       int55.asm.obj                0       2         0      
       int57.asm.obj                0       2         0      
       int58.asm.obj                0       2         0      
       int59.asm.obj                0       2         0      
       int60.asm.obj                0       2         0      
       int61.asm.obj                0       2         0      
       int62.asm.obj                0       2         0      
       startup.c.obj                2       0         0      
    +--+----------------------------+-------+---------+---------+
       Total:                       5594    32        0      
                                                             
       Stack:                       0       0         160    
       Linker Generated:            0       150       0      
    +--+----------------------------+-------+---------+---------+
       Grand Total:                 24112   1950      1235   


LINKER GENERATED COPY TABLES

__TI_cinit_table @ 00004ca6 records: 2, size/record: 8, table size: 16
	.data: load addr=00004c20, load size=00000074 bytes, run addr=000027c0, run size=00000074 bytes, compression=lzss
	.bss: load addr=00004ca0, load size=00000006 bytes, run addr=00002400, run size=000003bf bytes, compression=zero_init


LINKER GENERATED HANDLER TABLE

__TI_handler_table @ 00004c94 records: 3, size/record: 4, table size: 12
	index: 0, handler: __TI_zero_init
	index: 1, handler: __TI_decompress_lzss
	index: 2, handler: __TI_decompress_none


GLOBAL SYMBOLS: SORTED ALPHABETICALLY BY Name 

address   name                                   
-------   ----                                   
00000700  ADC12CTL0                              
00000701  ADC12CTL0_H                            
00000700  ADC12CTL0_L                            
00000702  ADC12CTL1                              
00000703  ADC12CTL1_H                            
00000702  ADC12CTL1_L                            
00000704  ADC12CTL2                              
00000705  ADC12CTL2_H                            
00000704  ADC12CTL2_L                            
0000070c  ADC12IE                                
0000070d  ADC12IE_H                              
0000070c  ADC12IE_L                              
0000070a  ADC12IFG                               
0000070b  ADC12IFG_H                             
0000070a  ADC12IFG_L                             
0000070e  ADC12IV                                
0000070f  ADC12IV_H                              
0000070e  ADC12IV_L                              
00000710  ADC12MCTL0                             
00000711  ADC12MCTL1                             
0000071a  ADC12MCTL10                            
0000071b  ADC12MCTL11                            
0000071c  ADC12MCTL12                            
0000071d  ADC12MCTL13                            
0000071e  ADC12MCTL14                            
0000071f  ADC12MCTL15                            
00000712  ADC12MCTL2                             
00000713  ADC12MCTL3                             
00000714  ADC12MCTL4                             
00000715  ADC12MCTL5                             
00000716  ADC12MCTL6                             
00000717  ADC12MCTL7                             
00000718  ADC12MCTL8                             
00000719  ADC12MCTL9                             
00000720  ADC12MEM0                              
00000721  ADC12MEM0_H                            
00000720  ADC12MEM0_L                            
00000722  ADC12MEM1                              
00000734  ADC12MEM10                             
00000735  ADC12MEM10_H                           
00000734  ADC12MEM10_L                           
00000736  ADC12MEM11                             
00000737  ADC12MEM11_H                           
00000736  ADC12MEM11_L                           
00000738  ADC12MEM12                             
00000739  ADC12MEM12_H                           
00000738  ADC12MEM12_L                           
0000073a  ADC12MEM13                             
0000073b  ADC12MEM13_H                           
0000073a  ADC12MEM13_L                           
0000073c  ADC12MEM14                             
0000073d  ADC12MEM14_H                           
0000073c  ADC12MEM14_L                           
0000073e  ADC12MEM15                             
0000073f  ADC12MEM15_H                           
0000073e  ADC12MEM15_L                           
00000723  ADC12MEM1_H                            
00000722  ADC12MEM1_L                            
00000724  ADC12MEM2                              
00000725  ADC12MEM2_H                            
00000724  ADC12MEM2_L                            
00000726  ADC12MEM3                              
00000727  ADC12MEM3_H                            
00000726  ADC12MEM3_L                            
00000728  ADC12MEM4                              
00000729  ADC12MEM4_H                            
00000728  ADC12MEM4_L                            
0000072a  ADC12MEM5                              
0000072b  ADC12MEM5_H                            
0000072a  ADC12MEM5_L                            
0000072c  ADC12MEM6                              
0000072d  ADC12MEM6_H                            
0000072c  ADC12MEM6_L                            
0000072e  ADC12MEM7                              
0000072f  ADC12MEM7_H                            
0000072e  ADC12MEM7_L                            
00000730  ADC12MEM8                              
00000731  ADC12MEM8_H                            
00000730  ADC12MEM8_L                            
00000732  ADC12MEM9                              
00000733  ADC12MEM9_H                            
00000732  ADC12MEM9_L                            
00015ccc  C$$EXIT                                
000008c0  CBCTL0                                 
000008c1  CBCTL0_H                               
000008c0  CBCTL0_L                               
000008c2  CBCTL1                                 
000008c3  CBCTL1_H                               
000008c2  CBCTL1_L                               
000008c4  CBCTL2                                 
000008c5  CBCTL2_H                               
000008c4  CBCTL2_L                               
000008c6  CBCTL3                                 
000008c7  CBCTL3_H                               
000008c6  CBCTL3_L                               
000008cc  CBINT                                  
000008cd  CBINT_H                                
000008cc  CBINT_L                                
000008ce  CBIV                                   
00000150  CRCDI                                  
00000152  CRCDIRB                                
00000153  CRCDIRB_H                              
00000152  CRCDIRB_L                              
00000151  CRCDI_H                                
00000150  CRCDI_L                                
00000154  CRCINIRES                              
00000155  CRCINIRES_H                            
00000154  CRCINIRES_L                            
00000156  CRCRESR                                
00000157  CRCRESR_H                              
00000156  CRCRESR_L                              
00000510  DMA0CTL                                
00000516  DMA0DA                                 
00000518  DMA0DAH                                
00000516  DMA0DAL                                
00000512  DMA0SA                                 
00000514  DMA0SAH                                
00000512  DMA0SAL                                
0000051a  DMA0SZ                                 
00000520  DMA1CTL                                
00000526  DMA1DA                                 
00000528  DMA1DAH                                
00000526  DMA1DAL                                
00000522  DMA1SA                                 
00000524  DMA1SAH                                
00000522  DMA1SAL                                
0000052a  DMA1SZ                                 
00000530  DMA2CTL                                
00000536  DMA2DA                                 
00000538  DMA2DAH                                
00000536  DMA2DAL                                
00000532  DMA2SA                                 
00000534  DMA2SAH                                
00000532  DMA2SAL                                
0000053a  DMA2SZ                                 
00000500  DMACTL0                                
00000502  DMACTL1                                
00000504  DMACTL2                                
00000506  DMACTL3                                
00000508  DMACTL4                                
0000050e  DMAIV                                  
00000140  FCTL1                                  
00000141  FCTL1_H                                
00000140  FCTL1_L                                
00000144  FCTL3                                  
00000145  FCTL3_H                                
00000144  FCTL3_L                                
00000146  FCTL4                                  
00000147  FCTL4_H                                
00000146  FCTL4_L                                
000044fa  ISR_USCI_A0                            
00013d0c  IntToChar                              
000004c4  MAC                                    
000004da  MAC32H                                 
000004db  MAC32H_H                               
000004da  MAC32H_L                               
000004d8  MAC32L                                 
000004d9  MAC32L_H                               
000004d8  MAC32L_L                               
000004c6  MACS                                   
000004de  MACS32H                                
000004df  MACS32H_H                              
000004de  MACS32H_L                              
000004dc  MACS32L                                
000004dd  MACS32L_H                              
000004dc  MACS32L_L                              
000004c7  MACS_H                                 
000004c6  MACS_L                                 
000004c5  MAC_H                                  
000004c4  MAC_L                                  
000004c0  MPY                                    
000004ec  MPY32CTL0                              
000004ed  MPY32CTL0_H                            
000004ec  MPY32CTL0_L                            
000004d2  MPY32H                                 
000004d3  MPY32H_H                               
000004d2  MPY32H_L                               
000004d0  MPY32L                                 
000004d1  MPY32L_H                               
000004d0  MPY32L_L                               
000004c2  MPYS                                   
000004d6  MPYS32H                                
000004d7  MPYS32H_H                              
000004d6  MPYS32H_L                              
000004d4  MPYS32L                                
000004d5  MPYS32L_H                              
000004d4  MPYS32L_L                              
000004c3  MPYS_H                                 
000004c2  MPYS_L                                 
000004c1  MPY_H                                  
000004c0  MPY_L                                  
000004c8  OP2                                    
000004e2  OP2H                                   
000004e3  OP2H_H                                 
000004e2  OP2H_L                                 
000004e0  OP2L                                   
000004e1  OP2L_H                                 
000004e0  OP2L_L                                 
000004c9  OP2_H                                  
000004c8  OP2_L                                  
0000020e  P1IV                                   
0000021e  P2IV                                   
000001e0  P4MAP01                                
000001e1  P4MAP01_H                              
000001e0  P4MAP01_L                              
000001e2  P4MAP23                                
000001e3  P4MAP23_H                              
000001e2  P4MAP23_L                              
000001e4  P4MAP45                                
000001e5  P4MAP45_H                              
000001e4  P4MAP45_L                              
000001e6  P4MAP67                                
000001e7  P4MAP67_H                              
000001e6  P4MAP67_L                              
00000204  PADIR                                  
00000205  PADIR_H                                
00000204  PADIR_L                                
00000208  PADS                                   
00000209  PADS_H                                 
00000208  PADS_L                                 
0000021a  PAIE                                   
00000218  PAIES                                  
00000219  PAIES_H                                
00000218  PAIES_L                                
0000021b  PAIE_H                                 
0000021a  PAIE_L                                 
0000021c  PAIFG                                  
0000021d  PAIFG_H                                
0000021c  PAIFG_L                                
00000200  PAIN                                   
00000201  PAIN_H                                 
00000200  PAIN_L                                 
00000202  PAOUT                                  
00000203  PAOUT_H                                
00000202  PAOUT_L                                
00000206  PAREN                                  
00000207  PAREN_H                                
00000206  PAREN_L                                
0000020a  PASEL                                  
0000020b  PASEL_H                                
0000020a  PASEL_L                                
00000224  PBDIR                                  
00000225  PBDIR_H                                
00000224  PBDIR_L                                
00000228  PBDS                                   
00000229  PBDS_H                                 
00000228  PBDS_L                                 
00000220  PBIN                                   
00000221  PBIN_H                                 
00000220  PBIN_L                                 
00000222  PBOUT                                  
00000223  PBOUT_H                                
00000222  PBOUT_L                                
00000226  PBREN                                  
00000227  PBREN_H                                
00000226  PBREN_L                                
0000022a  PBSEL                                  
0000022b  PBSEL_H                                
0000022a  PBSEL_L                                
00000244  PCDIR                                  
00000245  PCDIR_H                                
00000244  PCDIR_L                                
00000248  PCDS                                   
00000249  PCDS_H                                 
00000248  PCDS_L                                 
00000240  PCIN                                   
00000241  PCIN_H                                 
00000240  PCIN_L                                 
00000242  PCOUT                                  
00000243  PCOUT_H                                
00000242  PCOUT_L                                
00000246  PCREN                                  
00000247  PCREN_H                                
00000246  PCREN_L                                
0000024a  PCSEL                                  
0000024b  PCSEL_H                                
0000024a  PCSEL_L                                
00000264  PDDIR                                  
00000265  PDDIR_H                                
00000264  PDDIR_L                                
00000268  PDDS                                   
00000269  PDDS_H                                 
00000268  PDDS_L                                 
00000260  PDIN                                   
00000261  PDIN_H                                 
00000260  PDIN_L                                 
00000262  PDOUT                                  
00000263  PDOUT_H                                
00000262  PDOUT_L                                
00000266  PDREN                                  
00000267  PDREN_H                                
00000266  PDREN_L                                
0000026a  PDSEL                                  
0000026b  PDSEL_H                                
0000026a  PDSEL_L                                
00000324  PJDIR                                  
00000325  PJDIR_H                                
00000324  PJDIR_L                                
00000328  PJDS                                   
00000329  PJDS_H                                 
00000328  PJDS_L                                 
00000320  PJIN                                   
00000321  PJIN_H                                 
00000320  PJIN_L                                 
00000322  PJOUT                                  
00000323  PJOUT_H                                
00000322  PJOUT_L                                
00000326  PJREN                                  
00000327  PJREN_H                                
00000326  PJREN_L                                
00000130  PM5CTL0                                
00000131  PM5CTL0_H                              
00000130  PM5CTL0_L                              
000001c2  PMAPCTL                                
000001c3  PMAPCTL_H                              
000001c2  PMAPCTL_L                              
000001c0  PMAPKEYID                              
000001c1  PMAPKEYID_H                            
000001c0  PMAPKEYID_L                            
00000120  PMMCTL0                                
00000121  PMMCTL0_H                              
00000120  PMMCTL0_L                              
00000122  PMMCTL1                                
00000123  PMMCTL1_H                              
00000122  PMMCTL1_L                              
0000012c  PMMIFG                                 
0000012d  PMMIFG_H                               
0000012c  PMMIFG_L                               
0000012e  PMMRIE                                 
0000012f  PMMRIE_H                               
0000012e  PMMRIE_L                               
00000158  RCCTL0                                 
00000159  RCCTL0_H                               
00000158  RCCTL0_L                               
000001b0  REFCTL0                                
000001b1  REFCTL0_H                              
000001b0  REFCTL0_L                              
000004e4  RES0                                   
000004e5  RES0_H                                 
000004e4  RES0_L                                 
000004e6  RES1                                   
000004e7  RES1_H                                 
000004e6  RES1_L                                 
000004e8  RES2                                   
000004e9  RES2_H                                 
000004e8  RES2_L                                 
000004ea  RES3                                   
000004eb  RES3_H                                 
000004ea  RES3_L                                 
000004cc  RESHI                                  
000004cd  RESHI_H                                
000004cc  RESHI_L                                
000004ca  RESLO                                  
000004cb  RESLO_H                                
000004ca  RESLO_L                                
000004ba  RTCADOWDAY                             
000004bb  RTCADOWDAY_H                           
000004ba  RTCADOWDAY_L                           
000004b8  RTCAMINHR                              
000004b9  RTCAMINHR_H                            
000004b8  RTCAMINHR_L                            
000004a0  RTCCTL01                               
000004a1  RTCCTL01_H                             
000004a0  RTCCTL01_L                             
000004a2  RTCCTL23                               
000004a3  RTCCTL23_H                             
000004a2  RTCCTL23_L                             
000004b4  RTCDATE                                
000004b5  RTCDATE_H                              
000004b4  RTCDATE_L                              
000004ae  RTCIV                                  
000004ac  RTCPS                                  
000004a8  RTCPS0CTL                              
000004a9  RTCPS0CTL_H                            
000004a8  RTCPS0CTL_L                            
000004aa  RTCPS1CTL                              
000004ab  RTCPS1CTL_H                            
000004aa  RTCPS1CTL_L                            
000004ad  RTCPS_H                                
000004ac  RTCPS_L                                
000004b0  RTCTIM0                                
000004b1  RTCTIM0_H                              
000004b0  RTCTIM0_L                              
000004b2  RTCTIM1                                
000004b3  RTCTIM1_H                              
000004b2  RTCTIM1_L                              
000004b6  RTCYEAR                                
000004b7  RTCYEAR_H                              
000004b6  RTCYEAR_L                              
00000100  SFRIE1                                 
00000101  SFRIE1_H                               
00000100  SFRIE1_L                               
00000102  SFRIFG1                                
00000103  SFRIFG1_H                              
00000102  SFRIFG1_L                              
00000104  SFRRPCR                                
00000105  SFRRPCR_H                              
00000104  SFRRPCR_L                              
000004ce  SUMEXT                                 
000004cf  SUMEXT_H                               
000004ce  SUMEXT_L                               
00000124  SVSMHCTL                               
00000125  SVSMHCTL_H                             
00000124  SVSMHCTL_L                             
00000128  SVSMIO                                 
00000129  SVSMIO_H                               
00000128  SVSMIO_L                               
00000126  SVSMLCTL                               
00000127  SVSMLCTL_H                             
00000126  SVSMLCTL_L                             
00000198  SYSBERRIV                              
00000199  SYSBERRIV_H                            
00000198  SYSBERRIV_L                            
00000182  SYSBSLC                                
00000183  SYSBSLC_H                              
00000182  SYSBSLC_L                              
00000180  SYSCTL                                 
00000181  SYSCTL_H                               
00000180  SYSCTL_L                               
00000186  SYSJMBC                                
00000187  SYSJMBC_H                              
00000186  SYSJMBC_L                              
00000188  SYSJMBI0                               
00000189  SYSJMBI0_H                             
00000188  SYSJMBI0_L                             
0000018a  SYSJMBI1                               
0000018b  SYSJMBI1_H                             
0000018a  SYSJMBI1_L                             
0000018c  SYSJMBO0                               
0000018d  SYSJMBO0_H                             
0000018c  SYSJMBO0_L                             
0000018e  SYSJMBO1                               
0000018f  SYSJMBO1_H                             
0000018e  SYSJMBO1_L                             
0000019e  SYSRSTIV                               
0000019f  SYSRSTIV_H                             
0000019e  SYSRSTIV_L                             
0000019c  SYSSNIV                                
0000019d  SYSSNIV_H                              
0000019c  SYSSNIV_L                              
0000019a  SYSUNIV                                
0000019b  SYSUNIV_H                              
0000019a  SYSUNIV_L                              
00000352  TA0CCR0                                
00000354  TA0CCR1                                
00000356  TA0CCR2                                
00000358  TA0CCR3                                
0000035a  TA0CCR4                                
00000342  TA0CCTL0                               
00000344  TA0CCTL1                               
00000346  TA0CCTL2                               
00000348  TA0CCTL3                               
0000034a  TA0CCTL4                               
00000340  TA0CTL                                 
00000360  TA0EX0                                 
0000036e  TA0IV                                  
00000350  TA0R                                   
00000392  TA1CCR0                                
00000394  TA1CCR1                                
00000396  TA1CCR2                                
00000382  TA1CCTL0                               
00000384  TA1CCTL1                               
00000386  TA1CCTL2                               
00000380  TA1CTL                                 
000003a0  TA1EX0                                 
000003ae  TA1IV                                  
00000390  TA1R                                   
00000412  TA2CCR0                                
00000414  TA2CCR1                                
00000416  TA2CCR2                                
00000402  TA2CCTL0                               
00000404  TA2CCTL1                               
00000406  TA2CCTL2                               
00000400  TA2CTL                                 
00000420  TA2EX0                                 
0000042e  TA2IV                                  
00000410  TA2R                                   
000003d2  TB0CCR0                                
000003d4  TB0CCR1                                
000003d6  TB0CCR2                                
000003d8  TB0CCR3                                
000003da  TB0CCR4                                
000003dc  TB0CCR5                                
000003de  TB0CCR6                                
000003c2  TB0CCTL0                               
000003c4  TB0CCTL1                               
000003c6  TB0CCTL2                               
000003c8  TB0CCTL3                               
000003ca  TB0CCTL4                               
000003cc  TB0CCTL5                               
000003ce  TB0CCTL6                               
000003c0  TB0CTL                                 
000003e0  TB0EX0                                 
000003ee  TB0IV                                  
000003d0  TB0R                                   
000005d0  UCA0ABCTL                              
000005c6  UCA0BRW                                
000005c7  UCA0BRW_H                              
000005c6  UCA0BRW_L                              
000005c0  UCA0CTLW0                              
000005c1  UCA0CTLW0_H                            
000005c0  UCA0CTLW0_L                            
000005dc  UCA0ICTL                               
000005dd  UCA0ICTL_H                             
000005dc  UCA0ICTL_L                             
000005d2  UCA0IRCTL                              
000005d3  UCA0IRCTL_H                            
000005d2  UCA0IRCTL_L                            
000005de  UCA0IV                                 
000005c8  UCA0MCTL                               
000005cc  UCA0RXBUF                              
000005ca  UCA0STAT                               
000005ce  UCA0TXBUF                              
00000610  UCA1ABCTL                              
00000606  UCA1BRW                                
00000607  UCA1BRW_H                              
00000606  UCA1BRW_L                              
00000600  UCA1CTLW0                              
00000601  UCA1CTLW0_H                            
00000600  UCA1CTLW0_L                            
0000061c  UCA1ICTL                               
0000061d  UCA1ICTL_H                             
0000061c  UCA1ICTL_L                             
00000612  UCA1IRCTL                              
00000613  UCA1IRCTL_H                            
00000612  UCA1IRCTL_L                            
0000061e  UCA1IV                                 
00000608  UCA1MCTL                               
0000060c  UCA1RXBUF                              
0000060a  UCA1STAT                               
0000060e  UCA1TXBUF                              
000005e6  UCB0BRW                                
000005e7  UCB0BRW_H                              
000005e6  UCB0BRW_L                              
000005e0  UCB0CTLW0                              
000005e1  UCB0CTLW0_H                            
000005e0  UCB0CTLW0_L                            
000005f0  UCB0I2COA                              
000005f1  UCB0I2COA_H                            
000005f0  UCB0I2COA_L                            
000005f2  UCB0I2CSA                              
000005f3  UCB0I2CSA_H                            
000005f2  UCB0I2CSA_L                            
000005fc  UCB0ICTL                               
000005fd  UCB0ICTL_H                             
000005fc  UCB0ICTL_L                             
000005fe  UCB0IV                                 
000005ec  UCB0RXBUF                              
000005ea  UCB0STAT                               
000005ee  UCB0TXBUF                              
00000626  UCB1BRW                                
00000627  UCB1BRW_H                              
00000626  UCB1BRW_L                              
00000620  UCB1CTLW0                              
00000621  UCB1CTLW0_H                            
00000620  UCB1CTLW0_L                            
00000630  UCB1I2COA                              
00000631  UCB1I2COA_H                            
00000630  UCB1I2COA_L                            
00000632  UCB1I2CSA                              
00000633  UCB1I2CSA_H                            
00000632  UCB1I2CSA_L                            
0000063c  UCB1ICTL                               
0000063d  UCB1ICTL_H                             
0000063c  UCB1ICTL_L                             
0000063e  UCB1IV                                 
0000062c  UCB1RXBUF                              
0000062a  UCB1STAT                               
0000062e  UCB1TXBUF                              
00000160  UCSCTL0                                
00000161  UCSCTL0_H                              
00000160  UCSCTL0_L                              
00000162  UCSCTL1                                
00000163  UCSCTL1_H                              
00000162  UCSCTL1_L                              
00000164  UCSCTL2                                
00000165  UCSCTL2_H                              
00000164  UCSCTL2_L                              
00000166  UCSCTL3                                
00000167  UCSCTL3_H                              
00000166  UCSCTL3_L                              
00000168  UCSCTL4                                
00000169  UCSCTL4_H                              
00000168  UCSCTL4_L                              
0000016a  UCSCTL5                                
0000016b  UCSCTL5_H                              
0000016a  UCSCTL5_L                              
0000016c  UCSCTL6                                
0000016d  UCSCTL6_H                              
0000016c  UCSCTL6_L                              
0000016e  UCSCTL7                                
0000016f  UCSCTL7_H                              
0000016e  UCSCTL7_L                              
00000170  UCSCTL8                                
00000171  UCSCTL8_H                              
00000170  UCSCTL8_L                              
00000902  USBCNF                                 
00000903  USBCNF_H                               
00000902  USBCNF_L                               
0000093c  USBCTL                                 
0000093a  USBFN                                  
0000093b  USBFN_H                                
0000093a  USBFN_L                                
0000093f  USBFUNADR                              
0000093d  USBIE                                  
00002378  USBIEP0BUF                             
000023c9  USBIEPBBAX_1                           
000023d1  USBIEPBBAX_2                           
000023d9  USBIEPBBAX_3                           
000023e1  USBIEPBBAX_4                           
000023e9  USBIEPBBAX_5                           
000023f1  USBIEPBBAX_6                           
000023f9  USBIEPBBAX_7                           
000023cd  USBIEPBBAY_1                           
000023d5  USBIEPBBAY_2                           
000023dd  USBIEPBBAY_3                           
000023e5  USBIEPBBAY_4                           
000023ed  USBIEPBBAY_5                           
000023f5  USBIEPBBAY_6                           
000023fd  USBIEPBBAY_7                           
000023ca  USBIEPBCTX_1                           
000023d2  USBIEPBCTX_2                           
000023da  USBIEPBCTX_3                           
000023e2  USBIEPBCTX_4                           
000023ea  USBIEPBCTX_5                           
000023f2  USBIEPBCTX_6                           
000023fa  USBIEPBCTX_7                           
000023ce  USBIEPBCTY_1                           
000023d6  USBIEPBCTY_2                           
000023de  USBIEPBCTY_3                           
000023e6  USBIEPBCTY_4                           
000023ee  USBIEPBCTY_5                           
000023f6  USBIEPBCTY_6                           
000023fe  USBIEPBCTY_7                           
00000920  USBIEPCNF_0                            
000023c8  USBIEPCNF_1                            
000023d0  USBIEPCNF_2                            
000023d8  USBIEPCNF_3                            
000023e0  USBIEPCNF_4                            
000023e8  USBIEPCNF_5                            
000023f0  USBIEPCNF_6                            
000023f8  USBIEPCNF_7                            
00000921  USBIEPCNT_0                            
0000092e  USBIEPIE                               
00000930  USBIEPIFG                              
000023cf  USBIEPSIZXY_1                          
000023d7  USBIEPSIZXY_2                          
000023df  USBIEPSIZXY_3                          
000023e7  USBIEPSIZXY_4                          
000023ef  USBIEPSIZXY_5                          
000023f7  USBIEPSIZXY_6                          
000023ff  USBIEPSIZXY_7                          
0000093e  USBIFG                                 
00000900  USBKEYID                               
00000901  USBKEYID_H                             
00000900  USBKEYID_L                             
00000936  USBMAINT                               
00000937  USBMAINT_H                             
00000936  USBMAINT_L                             
00002370  USBOEP0BUF                             
00002389  USBOEPBBAX_1                           
00002391  USBOEPBBAX_2                           
00002399  USBOEPBBAX_3                           
000023a1  USBOEPBBAX_4                           
000023a9  USBOEPBBAX_5                           
000023b1  USBOEPBBAX_6                           
000023b9  USBOEPBBAX_7                           
0000238d  USBOEPBBAY_1                           
00002395  USBOEPBBAY_2                           
0000239d  USBOEPBBAY_3                           
000023a5  USBOEPBBAY_4                           
000023ad  USBOEPBBAY_5                           
000023b5  USBOEPBBAY_6                           
000023bd  USBOEPBBAY_7                           
0000238a  USBOEPBCTX_1                           
00002392  USBOEPBCTX_2                           
0000239a  USBOEPBCTX_3                           
000023a2  USBOEPBCTX_4                           
000023aa  USBOEPBCTX_5                           
000023b2  USBOEPBCTX_6                           
000023ba  USBOEPBCTX_7                           
0000238e  USBOEPBCTY_1                           
00002396  USBOEPBCTY_2                           
0000239e  USBOEPBCTY_3                           
000023a6  USBOEPBCTY_4                           
000023ae  USBOEPBCTY_5                           
000023b6  USBOEPBCTY_6                           
000023be  USBOEPBCTY_7                           
00000922  USBOEPCNF_0                            
00002388  USBOEPCNF_1                            
00002390  USBOEPCNF_2                            
00002398  USBOEPCNF_3                            
000023a0  USBOEPCNF_4                            
000023a8  USBOEPCNF_5                            
000023b0  USBOEPCNF_6                            
000023b8  USBOEPCNF_7                            
00000923  USBOEPCNT_0                            
0000092f  USBOEPIE                               
00000931  USBOEPIFG                              
0000238f  USBOEPSIZXY_1                          
00002397  USBOEPSIZXY_2                          
0000239f  USBOEPSIZXY_3                          
000023a7  USBOEPSIZXY_4                          
000023af  USBOEPSIZXY_5                          
000023b7  USBOEPSIZXY_6                          
000023bf  USBOEPSIZXY_7                          
00000904  USBPHYCTL                              
00000905  USBPHYCTL_H                            
00000904  USBPHYCTL_L                            
00000910  USBPLLCTL                              
00000911  USBPLLCTL_H                            
00000910  USBPLLCTL_L                            
00000912  USBPLLDIVB                             
00000913  USBPLLDIVB_H                           
00000912  USBPLLDIVB_L                           
00000914  USBPLLIR                               
00000915  USBPLLIR_H                             
00000914  USBPLLIR_L                             
00000908  USBPWRCTL                              
00000909  USBPWRCTL_H                            
00000908  USBPWRCTL_L                            
00001c00  USBSTABUFF                             
00002380  USBSUBLK                               
0000236f  USBTOPBUFF                             
00000938  USBTSREG                               
00000939  USBTSREG_H                             
00000938  USBTSREG_L                             
00000932  USBVECINT                              
00000933  USBVECINT_H                            
00000932  USBVECINT_L                            
0000015c  WDTCTL                                 
0000015d  WDTCTL_H                               
0000015c  WDTCTL_L                               
00004400  __STACK_END                            
000000a0  __STACK_SIZE                           
00004ca6  __TI_CINIT_Base                        
00004cb6  __TI_CINIT_Limit                       
00004cb6  __TI_CINIT_Warm                        
00004c94  __TI_Handler_Table_Base                
00004ca0  __TI_Handler_Table_Limit               
0000453e  __TI_ISR_TRAP                          
00014dd2  __TI_auto_init_nobinit_nopinit_hold_wdt
00014340  __TI_decompress_lzss                   
00015b60  __TI_decompress_none                   
0001072a  __TI_frcdivd                           
0000ffd2  __TI_int41                             
0000ffd4  __TI_int42                             
0000ffd6  __TI_int43                             
0000ffd8  __TI_int44                             
0000ffda  __TI_int45                             
0000ffdc  __TI_int46                             
0000ffde  __TI_int47                             
0000ffe0  __TI_int48                             
0000ffe2  __TI_int49                             
0000ffe4  __TI_int50                             
0000ffe6  __TI_int51                             
0000ffe8  __TI_int52                             
0000ffea  __TI_int53                             
0000ffec  __TI_int54                             
0000ffee  __TI_int55                             
0000fff0  __TI_int56                             
0000fff2  __TI_int57                             
0000fff4  __TI_int58                             
0000fff6  __TI_int59                             
0000fff8  __TI_int60                             
0000fffa  __TI_int61                             
0000fffc  __TI_int62                             
ffffffff  __TI_pprof_out_hndl                    
ffffffff  __TI_prof_data_size                    
ffffffff  __TI_prof_data_start                   
00015826  __TI_zero_init_nomemset                
ffffffff  __c_args__                             
00010000  __mspabi_addd                          
0001273c  __mspabi_addf                          
00014f0c  __mspabi_cmpf                          
00013916  __mspabi_cvtdf                         
00014958  __mspabi_cvtfd                         
00011c78  __mspabi_divd                          
0001412c  __mspabi_divf                          
00015660  __mspabi_divi                          
00015a78  __mspabi_divu                          
00014824  __mspabi_fixfi                         
00015c46  __mspabi_fltid                         
0001543c  __mspabi_fltif                         
00013c6e  __mspabi_fltlid                        
0001385e  __mspabi_mpyf                          
00015a1a  __mspabi_mpyi_f5hw                     
000158b6  __mspabi_mpyl_f5hw                     
00015c88  __mspabi_negf                          
00015660  __mspabi_remi                          
00015a78  __mspabi_remu                          
000151f8  __mspabi_slll_1                        
000151d4  __mspabi_slll_10                       
000151d0  __mspabi_slll_11                       
000151cc  __mspabi_slll_12                       
000151c8  __mspabi_slll_13                       
000151c4  __mspabi_slll_14                       
000151c0  __mspabi_slll_15                       
000151f4  __mspabi_slll_2                        
000151f0  __mspabi_slll_3                        
000151ec  __mspabi_slll_4                        
000151e8  __mspabi_slll_5                        
000151e4  __mspabi_slll_6                        
000151e0  __mspabi_slll_7                        
000151dc  __mspabi_slll_8                        
000151d8  __mspabi_slll_9                        
000152b6  __mspabi_sllll                         
000151ba  __mspabi_sral_1                        
00015196  __mspabi_sral_10                       
00015192  __mspabi_sral_11                       
0001518e  __mspabi_sral_12                       
0001518a  __mspabi_sral_13                       
00015186  __mspabi_sral_14                       
00015182  __mspabi_sral_15                       
000151b6  __mspabi_sral_2                        
000151b2  __mspabi_sral_3                        
000151ae  __mspabi_sral_4                        
000151aa  __mspabi_sral_5                        
000151a6  __mspabi_sral_6                        
000151a2  __mspabi_sral_7                        
0001519e  __mspabi_sral_8                        
0001519a  __mspabi_sral_9                        
00015102  __mspabi_srall                         
00015236  __mspabi_srll_1                        
00015212  __mspabi_srll_10                       
0001520e  __mspabi_srll_11                       
0001520a  __mspabi_srll_12                       
00015206  __mspabi_srll_13                       
00015202  __mspabi_srll_14                       
000151fe  __mspabi_srll_15                       
00015232  __mspabi_srll_2                        
0001522e  __mspabi_srll_3                        
0001522a  __mspabi_srll_4                        
00015226  __mspabi_srll_5                        
00015222  __mspabi_srll_6                        
0001521e  __mspabi_srll_7                        
0001521a  __mspabi_srll_8                        
[...]
000023ee  USBIEPBCTY_5                           
000023ef  USBIEPSIZXY_5                          
000023f0  USBIEPCNF_6                            
000023f1  USBIEPBBAX_6                           
000023f2  USBIEPBCTX_6                           
000023f5  USBIEPBBAY_6                           
000023f6  USBIEPBCTY_6                           
000023f7  USBIEPSIZXY_6                          
000023f8  USBIEPCNF_7                            
000023f9  USBIEPBBAX_7                           
000023fa  USBIEPBCTX_7                           
000023fd  USBIEPBBAY_7                           
000023fe  USBIEPBCTY_7                           
000023ff  USBIEPSIZXY_7                          
00002400  lcd_buf                                
0000248a  gprs_fila                              
0000250a  gps_fila                               
0000258a  seri_fila                              
0000260a  gps_gprmc                              
00002664  toda_msg                               
000026aa  gps_msg                                
000026c0  rtc_msg                                
000026d2  rtc_ultima_data_hora_1_hora            
000026e4  rtc_ultima_data_hora_1_min             
000026f6  atual_vetor_data_hora                  
00002702  gps_hora                               
0000270e  gps_lat                                
0000271a  gps_long                               
00002726  ultimo_vetor_data_hora                 
00002732  gps_data                               
0000273a  rtc_vetor                              
00002742  lat                                    
00002746  lataux                                 
0000274a  longt                                  
0000274e  longtaux                               
00002752  maiorlatitude                          
00002756  maiorlongitude                         
0000275a  menorlatitude                          
0000275e  menorlongitude                         
00002762  vol_lat                                
00002766  vol_long                               
0000276a  wr_address_mem                         
0000276e  amaiorx                                
00002770  amaiory                                
00002772  amaiorz                                
00002774  amenorx                                
00002776  amenory                                
00002778  amenorz                                
0000277a  ax                                     
0000277c  ay                                     
0000277e  az                                     
00002780  crono_cont                             
00002782  gprs_pin                               
00002784  gprs_pout                              
00002786  gps_estado                             
00002788  gps_pin                                
0000278a  gps_pout                               
0000278c  gx                                     
0000278e  gy                                     
00002790  gz                                     
00002792  maiorgx                                
00002794  maiorgy                                
00002796  maiorgz                                
00002798  menorgx                                
0000279a  menorgy                                
0000279c  menorgz                                
0000279e  seri_pin                               
000027a0  seri_pout                              
000027a2  tp                                     
000027a4  cont_c_seg                             
000027a5  cont_d_seg                             
000027a6  cont_min                               
000027a7  cont_seg                               
000027a8  estado                                 
000027a9  flag_c_seg                             
000027aa  flag_d_seg                             
000027ab  flag_seg                               
000027ac  gps_dado                               
000027ad  gps_ew                                 
000027ae  gps_ew2                                
000027af  gps_gprmc_novo                         
000027b0  gps_ns                                 
000027b1  gps_sat                                
000027b2  gps_tranca                             
000027b3  i2c_tranca                             
000027b4  lcd_adr                                
000027b5  lcd_flag                               
000027b6  lcd_tem                                
000027b7  modo                                   
000027b8  mpu_tem                                
000027b9  sw1                                    
000027ba  sw1_cont                               
000027bb  sw1_estado                             
000027bc  sw2                                    
000027bd  sw2_cont                               
000027be  sw2_estado                             
000027c0  gps_gprmc_ok                           
00002804  gps_st                                 
00002805  numero_telefone                        
00002809  serialMSG                              
0000280a  maiorx                                 
0000280c  menorx                                 
0000280e  maiory                                 
00002810  menory                                 
00002812  maiorz                                 
00002814  menorz                                 
00002816  roubado                                
00002818  alerta                                 
0000281a  receiveiterator                        
0000281c  state_cod                              
0000281e  receivestring                          
00004360  _stack                                 
00004400  __STACK_END                            
00004400  isr_ta2_0                              
00004470  isr_ta0ccr0                            
000044ba  isr_p1                                 
000044de  _c_int00_noargs                        
000044fa  ISR_USCI_A0                            
0000450c  isr_dma                                
0000451e  usci_a1_int                            
00004530  isr_ta1ifg                             
0000453e  __TI_ISR_TRAP                          
00004c94  __TI_Handler_Table_Base                
00004ca0  __TI_Handler_Table_Limit               
00004ca6  __TI_CINIT_Base                        
00004cb6  __TI_CINIT_Limit                       
00004cb6  __TI_CINIT_Warm                        
0000ffd2  __TI_int41                             
0000ffd4  __TI_int42                             
0000ffd6  __TI_int43                             
0000ffd8  __TI_int44                             
0000ffda  __TI_int45                             
0000ffdc  __TI_int46                             
0000ffde  __TI_int47                             
0000ffe0  __TI_int48                             
0000ffe2  __TI_int49                             
0000ffe4  __TI_int50                             
0000ffe6  __TI_int51                             
0000ffe8  __TI_int52                             
0000ffea  __TI_int53                             
0000ffec  __TI_int54                             
0000ffee  __TI_int55                             
0000fff0  __TI_int56                             
0000fff2  __TI_int57                             
0000fff4  __TI_int58                             
0000fff6  __TI_int59                             
0000fff8  __TI_int60                             
0000fffa  __TI_int61                             
0000fffc  __TI_int62                             
0000fffe  _reset_vector                          
00010000  __mspabi_addd                          
0001072a  __TI_frcdivd                           
00010b92  calculo_GPRMC                          
00010fc0  separa_algarismos_gps_f                
0001133c  todos_dados                            
000115c6  modo_wq                                
0001181e  main                                   
00011a4e  int_latitude_longitude                 
00011c78  __mspabi_divd                          
00011e94  modo_26                                
0001203e  coloca_hora_dezena                     
000121c4  coloca_min_dezena                      
0001234a  modo_rtc                               
000124aa  modo_mpu                               
00012600  gps_gprmc_extrai                       
00012736  __mspabi_subf                          
0001273c  __mspabi_addf                          
00012868  passou_1_hora                          
00012982  passou_1_min                           
00012a9c  passou_3_hora                          
00012bb6  ser1_config                            
00012cb2  modo_sw                                
00012da4  ser0_config                            
00012e8c  gps_busca_gprmc                        
00012f72  gps_furto                              
00013054  modo_leds                              
00013134  modo_gprmc                             
0001320e  str_2_num                              
000132e6  modo_1                                 
000133ba  acel_furto                             
00013486  giro_furto                             
00013552  mpu_values                             
0001361e  salvar_memoria                         
000136ea  seri_cmdo                              
000137a6  lcd_inic                               
0001385e  __mspabi_mpyf                          
00013916  __mspabi_cvtdf                         
000139c8  modo_19                                
00013a78  lcd_dma_config                         
00013b26  msg_handler                            
00013bcc  repouso_values_mpu                     
00013c6e  __mspabi_fltlid                        
00013d0c  IntToChar                              
00013da6  lcdb_str                               
00013e3e  mpu_rd_vet                             
00013ed6  rtc_rd_vet                             
00013f6e  modo_9                                 
00014004  sw_monitorar                           
0001409a  alerta2                                
0001412c  __mspabi_divf                          
000141bc  ser1_linha                             
00014244  save_estado                            
000142c6  str_dec16                              
00014340  __TI_decompress_lzss                   
000143b6  gps_dump                               
0001442c  rtc_wr_vet                             
000144a2  seri_dump                              
00014518  str_data_hora                          
0001458a  wq_rd_blk                              
000145fc  alerta1                                
0001466c  suspeito                               
000146dc  wq_wr_blk                              
0001474c  lcdb_apaga                             
000147ba  lcdb_char                              
00014824  __mspabi_fixfi                         
0001488c  mpu_wr                                 
000148f2  str_rmvz_u                             
00014958  __mspabi_cvtfd                         
000149bc  carregar_estado                        
00014a20  i2c_config                             
00014a84  modo_20                                
00014ae8  str_dec8u                              
00014b4c  gprs_send_msg                          
00014bac  mpu_8bits                              
00014c0c  gpio_config                            
00014c6a  set_values_gps                         
00014cc8  modo_lcd                               
00014d22  mpu_config                             
00014d7c  vigilia                                
00014dd2  __TI_auto_init_nobinit_nopinit_hold_wdt
00014e26  wq_erase_4k                            
00014e76  clk_20mhz                              
00014ec2  modo_gps                               
00014f0c  __mspabi_cmpf                          
00014f56  str_hex32                              
00014fa0  gprs_config_receive                    
00014fe8  lcd_aux                                
00015030  lcd_delay                              
00015078  str_hex8                               
000150be  str_hex16                              
00015102  __mspabi_srall                         
00015142  seri_cmdo_x                            
00015182  __mspabi_sral_15                       
00015186  __mspabi_sral_14                       
0001518a  __mspabi_sral_13                       
0001518e  __mspabi_sral_12                       
00015192  __mspabi_sral_11                       
00015196  __mspabi_sral_10                       
0001519a  __mspabi_sral_9                        
0001519e  __mspabi_sral_8                        
000151a2  __mspabi_sral_7                        
000151a6  __mspabi_sral_6                        
000151aa  __mspabi_sral_5                        
000151ae  __mspabi_sral_4                        
000151b2  __mspabi_sral_3                        
000151b6  __mspabi_sral_2                        
000151ba  __mspabi_sral_1                        
000151c0  __mspabi_slll_15                       
000151c4  __mspabi_slll_14                       
000151c8  __mspabi_slll_13                       
000151cc  __mspabi_slll_12                       
000151d0  __mspabi_slll_11                       
000151d4  __mspabi_slll_10                       
000151d8  __mspabi_slll_9                        
000151dc  __mspabi_slll_8                        
000151e0  __mspabi_slll_7                        
000151e4  __mspabi_slll_6                        
000151e8  __mspabi_slll_5                        
000151ec  __mspabi_slll_4                        
000151f0  __mspabi_slll_3                        
000151f4  __mspabi_slll_2                        
000151f8  __mspabi_slll_1                        
000151fe  __mspabi_srll_15                       
00015202  __mspabi_srll_14                       
00015206  __mspabi_srll_13                       
0001520a  __mspabi_srll_12                       
0001520e  __mspabi_srll_11                       
00015212  __mspabi_srll_10                       
00015216  __mspabi_srll_9                        
0001521a  __mspabi_srll_8                        
0001521e  __mspabi_srll_7                        
00015222  __mspabi_srll_6                        
00015226  __mspabi_srll_5                        
0001522a  __mspabi_srll_4                        
0001522e  __mspabi_srll_3                        
00015232  __mspabi_srll_2                        
00015236  __mspabi_srll_1                        
0001523c  rec_msg                                
0001527a  i2c_trancar                            
000152b6  __mspabi_sllll                         
000152f0  w25_manuf_dev_id                       
0001532a  lcd_presente                           
00015362  str_cmp                                
0001539a  atualiza_data_hora                     
000153d0  gprs_tira                              
00015406  gps_tira                               
0001543c  __mspabi_fltif                         
00015472  seri_tira                              
000154a8  copia_ate_virgula                      
000154dc  str_maiusc                             
00015510  loopserial                             
00015542  dormente                               
00015572  gprs_poe                               
000155a2  gps_config                             
000155d2  gps_poe                                
00015602  seri_poe                               
00015632  seri_xereta                            
00015660  __mspabi_divi                          
00015660  __mspabi_remi                          
0001568c  spi_config                             
000156b8  checkreceive                           
000156e2  i2c_teste_adr                          
0001570c  seri_vazia                             
00015736  gprs_send_cmd                          
0001575e  gprs_str                               
00015786  lcdb_data                              
000157ae  lcdb_hora                              
000157d6  ser1_str                               
000157fe  seri_come_crlf                         
00015826  __TI_zero_init_nomemset                
0001584a  eh_hexa                                
0001586e  lcd_atualiza                           
00015892  lcdb_hex16                             
000158b6  __mspabi_mpyl_f5hw                     
000158da  delay_10ms                             
000158fa  delay_seg                              
0001591a  str_bcd8                               
0001593a  ser1_crlf                              
00015958  gprs_cheia                             
00015974  gps_cheia                              
00015990  rtc_estado                             
000159ac  ser1_dec8unz                           
000159c8  seri_cheia                             
000159e4  wq_ocupado                             
00015a00  spi_transf                             
00015a1a  __mspabi_mpyi_f5hw                     
00015a32  wq_sr1_rd                              
00015a4a  wq_sr2_rd                              
00015a62  modo_ser1                              
00015a78  __mspabi_divu                          
00015a78  __mspabi_remu                          
00015a8e  ser1_data_hora                         
00015aa4  ser1_dec16                             
00015aba  ser1_dec8u                             
00015ad0  ser1_hex32                             
00015ae6  ser1_hex8                              
00015afc  ser1_spc                               
00015b12  eh_dec                                 
00015b26  memcpy                                 
00015b3a  ta2_config                             
00015b4e  asc_nib                                
00015b60  __TI_decompress_none                   
00015b72  gps_estado_modo                        
00015b84  modo_99                                
00015b96  wq_WEL                                 
00015ba8  crono_inic                             
00015bb8  wq_wel                                 
00015bc8  modo_0                                 
00015bd6  modo_18                                
00015be4  modo_2                                 
00015bf2  modo_3                                 
00015c00  modo_4                                 
00015c0e  modo_5                                 
00015c1c  modo_6                                 
00015c2a  modo_7                                 
00015c38  modo_8                                 
00015c46  __mspabi_fltid                         
00015c52  gprs_char                              
00015c5e  ser1_char                              
00015c6a  abs                                    
00015c74  crono_zera                             
00015c7e  gprs_config                            
00015c88  __mspabi_negf                          
00015c92  seri_config                            
00015c9c  charToInt                              
00015ca4  led_VD                                 
00015cac  led_Vd                                 
00015cb4  led_vd                                 
00015cbc  wq_CS                                  
00015cc4  wq_cs                                  
00015ccc  C$$EXIT                                
00015ccc  abort                                  
00015cd2  led_VM                                 
00015cd8  led_Vm                                 
00015cde  led_vm                                 
00015ce4  _system_pre_init                       
00015ce8  _system_post_cinit                     
ffffffff  __TI_pprof_out_hndl                    
ffffffff  __TI_prof_data_size                    
ffffffff  __TI_prof_data_start                   
ffffffff  __c_args__                             

[1108 symbols]
