******************************************************************************
                  MSP430 Linker PC v21.6.1                     
******************************************************************************
>> Linked Fri Jan 17 00:35:40 2025

OUTPUT FILE NAME:   <Puka_20.out>
ENTRY POINT SYMBOL: "_c_int00_noargs"  address: 000044de


MEMORY CONFIGURATION

         name            origin    length      used     unused   attr    fill
----------------------  --------  ---------  --------  --------  ----  --------
  SFR                   00000000   00000010  00000000  00000010  RWIX
  PERIPHERALS_8BIT      00000010   000000f0  00000000  000000f0  RWIX
  PERIPHERALS_16BIT     00000100   00000100  00000000  00000100  RWIX
  INFOD                 00001800   00000080  00000000  00000080  RWIX
  INFOC                 00001880   00000080  00000000  00000080  RWIX
  INFOB                 00001900   00000080  00000000  00000080  RWIX
  INFOA                 00001980   00000080  00000000  00000080  RWIX
  USBRAM                00001c00   00000800  00000000  00000800  RWIX
  RAM                   00002400   00002000  000004e2  00001b1e  RWIX
  FLASH                 00004400   0000bb80  00000808  0000b378  RWIX
  INT00                 0000ff80   00000002  00000000  00000002  RWIX
  INT01                 0000ff82   00000002  00000000  00000002  RWIX
  INT02                 0000ff84   00000002  00000000  00000002  RWIX
  INT03                 0000ff86   00000002  00000000  00000002  RWIX
  INT04                 0000ff88   00000002  00000000  00000002  RWIX
  INT05                 0000ff8a   00000002  00000000  00000002  RWIX
  INT06                 0000ff8c   00000002  00000000  00000002  RWIX
  INT07                 0000ff8e   00000002  00000000  00000002  RWIX
  INT08                 0000ff90   00000002  00000000  00000002  RWIX
  INT09                 0000ff92   00000002  00000000  00000002  RWIX
  INT10                 0000ff94   00000002  00000000  00000002  RWIX
  INT11                 0000ff96   00000002  00000000  00000002  RWIX
  INT12                 0000ff98   00000002  00000000  00000002  RWIX
  INT13                 0000ff9a   00000002  00000000  00000002  RWIX
  INT14                 0000ff9c   00000002  00000000  00000002  RWIX
  INT15                 0000ff9e   00000002  00000000  00000002  RWIX
  INT16                 0000ffa0   00000002  00000000  00000002  RWIX
  INT17                 0000ffa2   00000002  00000000  00000002  RWIX
  INT18                 0000ffa4   00000002  00000000  00000002  RWIX
  INT19                 0000ffa6   00000002  00000000  00000002  RWIX
  INT20                 0000ffa8   00000002  00000000  00000002  RWIX
  INT21                 0000ffaa   00000002  00000000  00000002  RWIX
  INT22                 0000ffac   00000002  00000000  00000002  RWIX
  INT23                 0000ffae   00000002  00000000  00000002  RWIX
  INT24                 0000ffb0   00000002  00000000  00000002  RWIX
  INT25                 0000ffb2   00000002  00000000  00000002  RWIX
  INT26                 0000ffb4   00000002  00000000  00000002  RWIX
  INT27                 0000ffb6   00000002  00000000  00000002  RWIX
  INT28                 0000ffb8   00000002  00000000  00000002  RWIX
  INT29                 0000ffba   00000002  00000000  00000002  RWIX
  INT30                 0000ffbc   00000002  00000000  00000002  RWIX
  INT31                 0000ffbe   00000002  00000000  00000002  RWIX
  INT32                 0000ffc0   00000002  00000000  00000002  RWIX
  INT33                 0000ffc2   00000002  00000000  00000002  RWIX
  INT34                 0000ffc4   00000002  00000000  00000002  RWIX
  INT35                 0000ffc6   00000002  00000000  00000002  RWIX
  INT36                 0000ffc8   00000002  00000000  00000002  RWIX
  INT37                 0000ffca   00000002  00000000  00000002  RWIX
  INT38                 0000ffcc   00000002  00000000  00000002  RWIX
  INT39                 0000ffce   00000002  00000000  00000002  RWIX
  INT40                 0000ffd0   00000002  00000000  00000002  RWIX
  INT41                 0000ffd2   00000002  00000002  00000000  RWIX
  INT42                 0000ffd4   00000002  00000002  00000000  RWIX
  INT43                 0000ffd6   00000002  00000002  00000000  RWIX
  INT44                 0000ffd8   00000002  00000002  00000000  RWIX
  INT45                 0000ffda   00000002  00000002  00000000  RWIX
  INT46                 0000ffdc   00000002  00000002  00000000  RWIX
  INT47                 0000ffde   00000002  00000002  00000000  RWIX
  INT48                 0000ffe0   00000002  00000002  00000000  RWIX
  INT49                 0000ffe2   00000002  00000002  00000000  RWIX
  INT50                 0000ffe4   00000002  00000002  00000000  RWIX
  INT51                 0000ffe6   00000002  00000002  00000000  RWIX
  INT52                 0000ffe8   00000002  00000002  00000000  RWIX
  INT53                 0000ffea   00000002  00000002  00000000  RWIX
  INT54                 0000ffec   00000002  00000002  00000000  RWIX
  INT55                 0000ffee   00000002  00000002  00000000  RWIX
  INT56                 0000fff0   00000002  00000002  00000000  RWIX
  INT57                 0000fff2   00000002  00000002  00000000  RWIX
  INT58                 0000fff4   00000002  00000002  00000000  RWIX
  INT59                 0000fff6   00000002  00000002  00000000  RWIX
  INT60                 0000fff8   00000002  00000002  00000000  RWIX
  INT61                 0000fffa   00000002  00000002  00000000  RWIX
  INT62                 0000fffc   00000002  00000002  00000000  RWIX
  RESET                 0000fffe   00000002  00000002  00000000  RWIX
  FLASH2                00010000   000143f8  00005d60  0000e698  RWIX


SECTION ALLOCATION MAP

 output                                  attributes/
section   page    origin      length       input sections
--------  ----  ----------  ----------   ----------------
.bss       0    00002400    000003cc     UNINITIALIZED
                  00002400    0000008a     (.common:lcd_buf)
                  0000248a    00000080     (.common:gprs_fila)
                  0000250a    00000080     (.common:gps_fila)
                  0000258a    00000080     (.common:seri_fila)
                  0000260a    0000005a     (.common:gps_gprmc)
                  00002664    00000046     (.common:toda_msg)
                  000026aa    00000016     (.common:gps_msg)
                  000026c0    00000012     (.common:rtc_msg)
                  000026d2    00000012     (.common:rtc_ultima_data_hora_1_hora)
                  000026e4    00000012     (.common:rtc_ultima_data_hora_1_min)
                  000026f6    0000000e     (.common:vetor)
                  00002704    0000000c     (.common:atual_vetor_data_hora)
                  00002710    0000000c     (.common:gps_hora)
                  0000271c    0000000c     (.common:gps_lat)
                  00002728    0000000c     (.common:gps_long)
                  00002734    0000000c     (.common:ultimo_vetor_data_hora)
                  00002740    00000008     (.common:gps_data)
                  00002748    00000008     (.common:rtc_vetor)
                  00002750    00000004     (.common:lat)
                  00002754    00000004     (.common:lataux)
                  00002758    00000004     (.common:longt)
                  0000275c    00000004     (.common:longtaux)
                  00002760    00000004     (.common:maiorlatitude)
                  00002764    00000004     (.common:maiorlongitude)
                  00002768    00000004     (.common:menorlatitude)
                  0000276c    00000004     (.common:menorlongitude)
                  00002770    00000004     (.common:vol_lat)
                  00002774    00000004     (.common:vol_long)
                  00002778    00000004     (.common:wr_address_mem)
                  0000277c    00000002     (.common:amaiorx)
                  0000277e    00000002     (.common:amaiory)
                  00002780    00000002     (.common:amaiorz)
                  00002782    00000002     (.common:amenorx)
                  00002784    00000002     (.common:amenory)
                  00002786    00000002     (.common:amenorz)
                  00002788    00000002     (.common:ax)
                  0000278a    00000002     (.common:ay)
                  0000278c    00000002     (.common:az)
                  0000278e    00000002     (.common:crono_cont)
                  00002790    00000002     (.common:gprs_pin)
                  00002792    00000002     (.common:gprs_pout)
                  00002794    00000002     (.common:gps_estado)
                  00002796    00000002     (.common:gps_pin)
                  00002798    00000002     (.common:gps_pout)
                  0000279a    00000002     (.common:gx)
                  0000279c    00000002     (.common:gy)
                  0000279e    00000002     (.common:gz)
                  000027a0    00000002     (.common:maiorgx)
                  000027a2    00000002     (.common:maiorgy)
                  000027a4    00000002     (.common:maiorgz)
                  000027a6    00000002     (.common:menorgx)
                  000027a8    00000002     (.common:menorgy)
                  000027aa    00000002     (.common:menorgz)
                  000027ac    00000002     (.common:seri_pin)
                  000027ae    00000002     (.common:seri_pout)
                  000027b0    00000002     (.common:tp)
                  000027b2    00000001     (.common:cont_c_seg)
                  000027b3    00000001     (.common:cont_d_seg)
                  000027b4    00000001     (.common:cont_min)
                  000027b5    00000001     (.common:cont_seg)
                  000027b6    00000001     (.common:flag_c_seg)
                  000027b7    00000001     (.common:flag_d_seg)
                  000027b8    00000001     (.common:flag_seg)
                  000027b9    00000001     (.common:gps_dado)
                  000027ba    00000001     (.common:gps_ew)
                  000027bb    00000001     (.common:gps_ew2)
                  000027bc    00000001     (.common:gps_gprmc_novo)
                  000027bd    00000001     (.common:gps_ns)
                  000027be    00000001     (.common:gps_sat)
                  000027bf    00000001     (.common:gps_tranca)
                  000027c0    00000001     (.common:i2c_tranca)
                  000027c1    00000001     (.common:lcd_adr)
                  000027c2    00000001     (.common:lcd_flag)
                  000027c3    00000001     (.common:lcd_tem)
                  000027c4    00000001     (.common:modo)
                  000027c5    00000001     (.common:mpu_tem)
                  000027c6    00000001     (.common:sw1)
                  000027c7    00000001     (.common:sw1_cont)
                  000027c8    00000001     (.common:sw1_estado)
                  000027c9    00000001     (.common:sw2)
                  000027ca    00000001     (.common:sw2_cont)
                  000027cb    00000001     (.common:sw2_estado)

.data      0    000027cc    00000076     UNINITIALIZED
                  000027cc    00000043     Puka.obj (.data:gps_gprmc_ok)
                  0000280f    00000001     Gps.obj (.data)
                  00002810    0000001c     Puka.obj (.data)
                  0000282c    00000016     Puka.obj (.data:receivestring)

.stack     0    00004360    000000a0     UNINITIALIZED
                  00004360    00000004     rts430x_lc_rd_eabi.lib : boot.c.obj (.stack)
                  00004364    0000009c     --HOLE--

.text:_isr 
*          0    00004400    00000146     
                  00004400    00000070     Int.obj (.text:_isr:isr_ta2_0)
                  00004470    0000004a     Gps.obj (.text:_isr:isr_ta0ccr0)
                  000044ba    00000024     Gps.obj (.text:_isr:isr_p1)
                  000044de    0000001c     rts430x_lc_rd_eabi.lib : boot.c.obj (.text:_isr:_c_int00_noargs)
                  000044fa    00000012     Gprs.obj (.text:_isr:ISR_USCI_A0)
                  0000450c    00000012     Int.obj (.text:_isr:isr_dma)
                  0000451e    00000012     Serial.obj (.text:_isr:usci_a1_int)
                  00004530    0000000e     Timer.obj (.text:_isr:isr_ta1ifg)
                  0000453e    00000008     rts430x_lc_rd_eabi.lib : isr_trap.asm.obj (.text:_isr:__TI_ISR_TRAP)

.cinit     0    00004b72    00000096     
                  00004b72    00000074     (.cinit..data.load) [load image, compression = lzss]
                  00004be6    0000000c     (__TI_handler_table)
                  00004bf2    00000006     (.cinit..bss.load) [load image, compression = zero_init]
                  00004bf8    00000010     (__TI_cinit_table)

.binit     0    00004400    00000000     

.init_array 
*          0    00004400    00000000     UNINITIALIZED

.const     0    00004546    0000062c     
                  00004546    0000023e     Modos.obj (.const:.string)
                  00004784    0000017a     Puka.obj (.const:.string)
                  000048fe    00000112     Gprs.obj (.const:.string)
                  00004a10    000000a6     Estados.obj (.const:.string)
                  00004ab6    0000004a     Serial.obj (.const:.string)
                  00004b00    00000046     Gps.obj (.const:.string)
                  00004b46    00000016     Mpu.obj (.const:.string)
                  00004b5c    00000016     Rtc.obj (.const:.string)

RTC        0    0000ffd2    00000002     
                  0000ffd2    00000002     rts430x_lc_rd_eabi.lib : int41.asm.obj (.int41)

PORT2      0    0000ffd4    00000002     
                  0000ffd4    00000002     rts430x_lc_rd_eabi.lib : int42.asm.obj (.int42)

TIMER2_A1 
*          0    0000ffd6    00000002     
                  0000ffd6    00000002     rts430x_lc_rd_eabi.lib : int43.asm.obj (.int43)

TIMER2_A0 
*          0    0000ffd8    00000002     
                  0000ffd8    00000002     Int.obj (.int44)

USCI_B1    0    0000ffda    00000002     
                  0000ffda    00000002     rts430x_lc_rd_eabi.lib : int45.asm.obj (.int45)

USCI_A1    0    0000ffdc    00000002     
                  0000ffdc    00000002     Serial.obj (.int46)

PORT1      0    0000ffde    00000002     
                  0000ffde    00000002     Gps.obj (.int47)

TIMER1_A1 
*          0    0000ffe0    00000002     
                  0000ffe0    00000002     Timer.obj (.int48)

TIMER1_A0 
*          0    0000ffe2    00000002     
                  0000ffe2    00000002     rts430x_lc_rd_eabi.lib : int49.asm.obj (.int49)

DMA        0    0000ffe4    00000002     
                  0000ffe4    00000002     Int.obj (.int50)

USB_UBM    0    0000ffe6    00000002     
                  0000ffe6    00000002     rts430x_lc_rd_eabi.lib : int51.asm.obj (.int51)

TIMER0_A1 
*          0    0000ffe8    00000002     
                  0000ffe8    00000002     rts430x_lc_rd_eabi.lib : int52.asm.obj (.int52)

TIMER0_A0 
*          0    0000ffea    00000002     
                  0000ffea    00000002     Gps.obj (.int53)

ADC12      0    0000ffec    00000002     
                  0000ffec    00000002     rts430x_lc_rd_eabi.lib : int54.asm.obj (.int54)

USCI_B0    0    0000ffee    00000002     
                  0000ffee    00000002     rts430x_lc_rd_eabi.lib : int55.asm.obj (.int55)

USCI_A0    0    0000fff0    00000002     
                  0000fff0    00000002     Gprs.obj (.int56)

WDT        0    0000fff2    00000002     
                  0000fff2    00000002     rts430x_lc_rd_eabi.lib : int57.asm.obj (.int57)

TIMER0_B1 
*          0    0000fff4    00000002     
                  0000fff4    00000002     rts430x_lc_rd_eabi.lib : int58.asm.obj (.int58)

TIMER0_B0 
*          0    0000fff6    00000002     
                  0000fff6    00000002     rts430x_lc_rd_eabi.lib : int59.asm.obj (.int59)

COMP_B     0    0000fff8    00000002     
                  0000fff8    00000002     rts430x_lc_rd_eabi.lib : int60.asm.obj (.int60)

UNMI       0    0000fffa    00000002     
                  0000fffa    00000002     rts430x_lc_rd_eabi.lib : int61.asm.obj (.int61)

SYSNMI     0    0000fffc    00000002     
                  0000fffc    00000002     rts430x_lc_rd_eabi.lib : int62.asm.obj (.int62)

.reset     0    0000fffe    00000002     
                  0000fffe    00000002     rts430x_lc_rd_eabi.lib : boot.c.obj (.reset)

.text      0    00010000    00005d60     
                  00010000    0000072a     rts430x_lc_rd_eabi.lib : addd.c.obj (.text:__mspabi_addd)
                  0001072a    00000468                            : frcdivd.c.obj (.text:__TI_frcdivd)
                  00010b92    0000042e     Gps.obj (.text:calculo_GPRMC)
                  00010fc0    0000037c     Gps.obj (.text:separa_algarismos_gps_f)
                  0001133c    00000280     Mpu.obj (.text:todos_dados)
                  000115bc    00000258     Modos.obj (.text:modo_wq)
                  00011814    00000230     Puka.obj (.text:main)
                  00011a44    0000022a     Gps.obj (.text:int_latitude_longitude)
                  00011c6e    0000021c     rts430x_lc_rd_eabi.lib : divd.c.obj (.text:__mspabi_divd)
                  00011e8a    000001fa     Modos.obj (.text:modo_1)
                  00012084    000001aa     Modos.obj (.text:modo_26)
                  0001222e    00000186     Rtc.obj (.text:coloca_hora_dezena)
                  000123b4    00000186     Rtc.obj (.text:coloca_min_dezena)
                  0001253a    00000160     Modos.obj (.text:modo_rtc)
                  0001269a    00000156     Modos.obj (.text:modo_mpu)
                  000127f0    00000136     Gps.obj (.text:gps_gprmc_extrai)
                  00012926    00000132     rts430x_lc_rd_eabi.lib : fs_add.asm.obj (.text)
                  00012a58    0000011a     Rtc.obj (.text:passou_1_hora)
                  00012b72    0000011a     Rtc.obj (.text:passou_1_min)
                  00012c8c    0000011a     Rtc.obj (.text:passou_3_hora)
                  00012da6    000000fc     Serial.obj (.text:ser1_config)
                  00012ea2    000000f2     Modos.obj (.text:modo_sw)
                  00012f94    000000e8     Gprs.obj (.text:ser0_config)
                  0001307c    000000e6     Gps.obj (.text:gps_busca_gprmc)
                  00013162    000000e2     Gps.obj (.text:gps_furto)
                  00013244    000000e0     Modos.obj (.text:modo_leds)
                  00013324    000000da     Modos.obj (.text:modo_gprmc)
                  000133fe    000000d8     Strings.obj (.text:str_2_num)
                  000134d6    000000cc     Mpu.obj (.text:acel_furto)
                  000135a2    000000cc     Mpu.obj (.text:giro_furto)
                  0001366e    000000cc     Mpu.obj (.text:mpu_values)
                  0001373a    000000bc     Serial.obj (.text:seri_cmdo)
                  000137f6    000000ba     Gprs.obj (.text:msg_handler)
                  000138b0    000000b8     Lcd.obj (.text:lcd_inic)
                  00013968    000000b8     rts430x_lc_rd_eabi.lib : fs_mpy.asm.obj (.text)
                  00013a20    000000b4     Modos.obj (.text:modo_19)
                  00013ad4    000000b2     rts430x_lc_rd_eabi.lib : cvtdf.c.obj (.text:__mspabi_cvtdf)
                  00013b86    000000ae     Lcd.obj (.text:lcd_dma_config)
                  00013c34    000000a4     Wq.obj (.text:salvar_memoria)
                  00013cd8    000000a2     Mpu.obj (.text:repouso_values_mpu)
                  00013d7a    0000009e     rts430x_lc_rd_eabi.lib : fltlid.c.obj (.text:__mspabi_fltlid)
                  00013e18    0000009e     Estados.obj (.text:alerta2)
                  00013eb6    0000009a     Strings.obj (.text:IntToChar)
                  00013f50    00000098     Lcd.obj (.text:lcdb_str)
                  00013fe8    00000098     Mpu.obj (.text:mpu_rd_vet)
                  00014080    00000098     Rtc.obj (.text:rtc_rd_vet)
                  00014118    00000096     Modos.obj (.text:modo_9)
                  000141ae    00000096     Gpio.obj (.text:sw_monitorar)
                  00014244    00000090     rts430x_lc_rd_eabi.lib : fs_div.asm.obj (.text)
                  000142d4    00000088     Serial.obj (.text:ser1_linha)
                  0001435c    0000007a     Estados.obj (.text:alerta1)
                  000143d6    0000007a     Strings.obj (.text:str_dec16)
                  00014450    0000007a     Estados.obj (.text:suspeito)
                  000144ca    00000076     rts430x_lc_rd_eabi.lib : copy_decompress_lzss.c.obj (.text:decompress:lzss:__TI_decompress_lzss)
                  00014540    00000076     Gps.obj (.text:gps_dump)
                  000145b6    00000076     Rtc.obj (.text:rtc_wr_vet)
                  0001462c    00000076     Serial.obj (.text:seri_dump)
                  000146a2    00000072     Strings.obj (.text:str_data_hora)
                  00014714    00000072     Wq.obj (.text:wq_rd_blk)
                  00014786    0000006e     Lcd.obj (.text:lcdb_apaga)
                  000147f4    0000006c     Gprs.obj (.text:gprs_send_msg)
                  00014860    0000006a     Lcd.obj (.text:lcdb_char)
                  000148ca    00000068     rts430x_lc_rd_eabi.lib : fs_toi.asm.obj (.text)
                  00014932    00000068     Wq.obj (.text:wq_wr_blk)
                  0001499a    00000066     Mpu.obj (.text:mpu_wr)
                  00014a00    00000066     Strings.obj (.text:str_rmvz_u)
                  00014a66    00000064     rts430x_lc_rd_eabi.lib : cvtfd.c.obj (.text:__mspabi_cvtfd)
                  00014aca    00000064     Lcd.obj (.text:i2c_config)
                  00014b2e    00000064     Modos.obj (.text:modo_20)
                  00014b92    00000064     Strings.obj (.text:str_dec8u)
                  00014bf6    00000060     Mpu.obj (.text:mpu_8bits)
                  00014c56    0000005e     Gpio.obj (.text:gpio_config)
                  00014cb4    0000005e     Gps.obj (.text:set_values_gps)
                  00014d12    0000005a     Modos.obj (.text:modo_lcd)
                  00014d6c    0000005a     Mpu.obj (.text:mpu_config)
                  00014dc6    00000056     Estados.obj (.text:vigilia)
                  00014e1c    00000054     rts430x_lc_rd_eabi.lib : autoinit.c.obj (.text:__TI_auto_init_nobinit_nopinit_hold_wdt:__TI_auto_init_nobinit_nopinit_hold_wdt)
                  00014e70    00000052     Gprs.obj (.text:gprs_config_receive)
                  00014ec2    00000050     Wq.obj (.text:wq_erase_4k)
                  00014f12    0000004c     Timer.obj (.text:clk_20mhz)
                  00014f5e    0000004a     Modos.obj (.text:modo_gps)
                  00014fa8    0000004a     rts430x_lc_rd_eabi.lib : fs_cmp.asm.obj (.text)
                  00014ff2    0000004a     Strings.obj (.text:str_hex32)
                  0001503c    00000048     Lcd.obj (.text:lcd_aux)
                  00015084    00000048     Lcd.obj (.text:lcd_delay)
                  000150cc    00000046     Strings.obj (.text:str_hex8)
                  00015112    00000044     Strings.obj (.text:str_hex16)
                  00015156    00000040     rts430x_lc_rd_eabi.lib : asr64.c.obj (.text:__mspabi_srall)
                  00015196    00000040     Serial.obj (.text:seri_cmdo_x)
                  000151d6    0000003e     rts430x_lc_rd_eabi.lib : asr32.asm.obj (.text:l_asr_const)
                  00015214    0000003e                            : lsl32.asm.obj (.text:l_lsl_const)
                  00015252    0000003e                            : lsr32.asm.obj (.text:l_lsr_const)
                  00015290    0000003e     Serial.obj (.text:rec_msg)
                  000152ce    0000003c     Lcd.obj (.text:i2c_trancar)
                  0001530a    0000003c     Gprs.obj (.text:loopserial)
                  00015346    0000003c     Wq.obj (.text:save_data)
                  00015382    0000003a     rts430x_lc_rd_eabi.lib : lsl64.c.obj (.text:__mspabi_sllll)
                  000153bc    0000003a     Wq.obj (.text:w25_manuf_dev_id)
                  000153f6    00000038     Lcd.obj (.text:lcd_presente)
                  0001542e    00000038     Strings.obj (.text:str_cmp)
                  00015466    00000036     Rtc.obj (.text:atualiza_data_hora)
                  0001549c    00000036     Gprs.obj (.text:gprs_tira)
                  000154d2    00000036     Gps.obj (.text:gps_tira)
                  00015508    00000036     rts430x_lc_rd_eabi.lib : fs_itof.asm.obj (.text)
                  0001553e    00000036     Serial.obj (.text:seri_tira)
                  00015574    00000034     Gps.obj (.text:copia_ate_virgula)
                  000155a8    00000034     Strings.obj (.text:str_maiusc)
                  000155dc    00000030     Gprs.obj (.text:gprs_poe)
                  0001560c    00000030     Gps.obj (.text:gps_config)
                  0001563c    00000030     Gps.obj (.text:gps_poe)
                  0001566c    00000030     Serial.obj (.text:seri_poe)
                  0001569c    0000002e     Serial.obj (.text:seri_xereta)
                  000156ca    0000002c     Estados.obj (.text:dormente)
                  000156f6    0000002c     rts430x_lc_rd_eabi.lib : div16s.asm.obj (.text)
                  00015722    0000002c     Wq.obj (.text:spi_config)
                  0001574e    0000002a     Gprs.obj (.text:checkreceive)
                  00015778    0000002a     Lcd.obj (.text:i2c_teste_adr)
                  000157a2    0000002a     Serial.obj (.text:seri_vazia)
                  000157cc    00000028     Gprs.obj (.text:gprs_send_cmd)
                  000157f4    00000028     Gprs.obj (.text:gprs_str)
                  0001581c    00000028     Lcd.obj (.text:lcdb_data)
                  00015844    00000028     Lcd.obj (.text:lcdb_hora)
                  0001586c    00000028     Serial.obj (.text:ser1_str)
                  00015894    00000028     Serial.obj (.text:seri_come_crlf)
                  000158bc    00000024     rts430x_lc_rd_eabi.lib : copy_zero_init.c.obj (.text:decompress:ZI:__TI_zero_init_nomemset:__TI_zero_init_nomemset)
                  000158e0    00000024     Strings.obj (.text:eh_hexa)
                  00015904    00000024     Lcd.obj (.text:lcd_atualiza)
                  00015928    00000024     Lcd.obj (.text:lcdb_hex16)
                  0001594c    00000024     rts430x_lc_rd_eabi.lib : mult32_f5hw.asm.obj (.text)
                  00015970    00000020     Timer.obj (.text:delay_10ms)
                  00015990    00000020     Strings.obj (.text:str_bcd8)
                  000159b0    0000001e     Serial.obj (.text:ser1_crlf)
                  000159ce    0000001c     Gprs.obj (.text:gprs_cheia)
                  000159ea    0000001c     Gps.obj (.text:gps_cheia)
                  00015a06    0000001c     Rtc.obj (.text:rtc_estado)
                  00015a22    0000001c     Serial.obj (.text:ser1_dec8unz)
                  00015a3e    0000001c     Serial.obj (.text:seri_cheia)
                  00015a5a    0000001c     Wq.obj (.text:wq_ocupado)
                  00015a76    0000001a     Wq.obj (.text:spi_transf)
                  00015a90    00000018     rts430x_lc_rd_eabi.lib : mult16_f5hw.asm.obj (.text)
                  00015aa8    00000018     Wq.obj (.text:wq_sr1_rd)
                  00015ac0    00000018     Wq.obj (.text:wq_sr2_rd)
                  00015ad8    00000016     Modos.obj (.text:modo_ser1)
                  00015aee    00000016     rts430x_lc_rd_eabi.lib : div16u.asm.obj (.text)
                  00015b04    00000016     Serial.obj (.text:ser1_data_hora)
                  00015b1a    00000016     Serial.obj (.text:ser1_dec16)
                  00015b30    00000016     Serial.obj (.text:ser1_dec8u)
                  00015b46    00000016     Serial.obj (.text:ser1_hex32)
                  00015b5c    00000016     Serial.obj (.text:ser1_hex8)
                  00015b72    00000016     Serial.obj (.text:ser1_spc)
                  00015b88    00000014     Strings.obj (.text:eh_dec)
                  00015b9c    00000014     rts430x_lc_rd_eabi.lib : memcpy.c.obj (.text:memcpy)
                  00015bb0    00000014     Timer.obj (.text:ta2_config)
                  00015bc4    00000012     Strings.obj (.text:asc_nib)
                  00015bd6    00000012     rts430x_lc_rd_eabi.lib : copy_decompress_none.c.obj (.text:decompress:none:__TI_decompress_none)
                  00015be8    00000012     Gps.obj (.text:gps_estado_modo)
                  00015bfa    00000012     Modos.obj (.text:modo_99)
                  00015c0c    00000012     Wq.obj (.text:wq_WEL)
                  00015c1e    00000010     Timer.obj (.text:crono_inic)
                  00015c2e    00000010     Wq.obj (.text:wq_wel)
                  00015c3e    0000000e     Modos.obj (.text:modo_0)
                  00015c4c    0000000e     Modos.obj (.text:modo_18)
                  00015c5a    0000000e     Modos.obj (.text:modo_2)
                  00015c68    0000000e     Modos.obj (.text:modo_3)
                  00015c76    0000000e     Modos.obj (.text:modo_4)
                  00015c84    0000000e     Modos.obj (.text:modo_5)
                  00015c92    0000000e     Modos.obj (.text:modo_6)
                  00015ca0    0000000e     Modos.obj (.text:modo_7)
                  00015cae    0000000e     Modos.obj (.text:modo_8)
                  00015cbc    0000000c     rts430x_lc_rd_eabi.lib : fltid.c.obj (.text:__mspabi_fltid)
                  00015cc8    0000000c     Gprs.obj (.text:gprs_char)
                  00015cd4    0000000c     Serial.obj (.text:ser1_char)
                  00015ce0    0000000a     rts430x_lc_rd_eabi.lib : abs.c.obj (.text:abs)
                  00015cea    0000000a     Timer.obj (.text:crono_zera)
                  00015cf4    0000000a     Gprs.obj (.text:gprs_config)
                  00015cfe    0000000a     rts430x_lc_rd_eabi.lib : fs_neg.asm.obj (.text)
                  00015d08    0000000a     Serial.obj (.text:seri_config)
                  00015d12    00000008     Strings.obj (.text:charToInt)
                  00015d1a    00000008     Gpio.obj (.text:led_VD)
                  00015d22    00000008     Gpio.obj (.text:led_Vd)
                  00015d2a    00000008     Gpio.obj (.text:led_vd)
                  00015d32    00000008     Wq.obj (.text:wq_CS)
                  00015d3a    00000008     Wq.obj (.text:wq_cs)
                  00015d42    00000006     rts430x_lc_rd_eabi.lib : exit.c.obj (.text:abort)
                  00015d48    00000006     Gpio.obj (.text:led_VM)
                  00015d4e    00000006     Gpio.obj (.text:led_Vm)
                  00015d54    00000006     Gpio.obj (.text:led_vm)
                  00015d5a    00000004     rts430x_lc_rd_eabi.lib : pre_init.c.obj (.text:_system_pre_init)
                  00015d5e    00000002                            : startup.c.obj (.text:_system_post_cinit)

MODULE SUMMARY

       Module                       code    ro data   rw data
       ------                       ----    -------   -------
    .\
       Modos.obj                    3670    574       0      
       Gps.obj                      3852    74        1      
       Puka.obj                     560     378       1089   
       Rtc.obj                      1978    22        0      
       Mpu.obj                      1854    22        0      
       Serial.obj                   1348    76        0      
       Lcd.obj                      1280    0         0      
       Strings.obj                  1242    0         0      
       Gprs.obj                     960     276       0      
       Wq.obj                       776     0         0      
       Estados.obj                  532     166       0      
       Gpio.obj                     286     0         0      
       Timer.obj                    168     2         0      
       Int.obj                      130     4         0      
    +--+----------------------------+-------+---------+---------+
       Total:                       18636   1594      1090   
                                                             
    C:\ti\ccs1250\ccs\tools\compiler\ti-cgt-msp430_21.6.1.LTS\lib\rts430x_lc_rd_eabi.lib
       addd.c.obj                   1834    0         0      
       frcdivd.c.obj                1128    0         0      
       divd.c.obj                   540     0         0      
       fs_add.asm.obj               306     0         0      
       fs_mpy.asm.obj               184     0         0      
       cvtdf.c.obj                  178     0         0      
       fltlid.c.obj                 158     0         0      
       fs_div.asm.obj               144     0         0      
       copy_decompress_lzss.c.obj   118     0         0      
       fs_toi.asm.obj               104     0         0      
       cvtfd.c.obj                  100     0         0      
       autoinit.c.obj               84      0         0      
       fs_cmp.asm.obj               74      0         0      
       asr64.c.obj                  64      0         0      
       asr32.asm.obj                62      0         0      
       lsl32.asm.obj                62      0         0      
       lsr32.asm.obj                62      0         0      
       lsl64.c.obj                  58      0         0      
       fs_itof.asm.obj              54      0         0      
       div16s.asm.obj               44      0         0      
       copy_zero_init.c.obj         36      0         0      
       mult32_f5hw.asm.obj          36      0         0      
       boot.c.obj                   28      2         0      
       mult16_f5hw.asm.obj          24      0         0      
       div16u.asm.obj               22      0         0      
       memcpy.c.obj                 20      0         0      
       copy_decompress_none.c.obj   18      0         0      
       fltid.c.obj                  12      0         0      
       abs.c.obj                    10      0         0      
       fs_neg.asm.obj               10      0         0      
       isr_trap.asm.obj             8       0         0      
       exit.c.obj                   6       0         0      
       pre_init.c.obj               4       0         0      
       int41.asm.obj                0       2         0      
       int42.asm.obj                0       2         0      
       int43.asm.obj                0       2         0      
       int45.asm.obj                0       2         0      
       int49.asm.obj                0       2         0      
       int51.asm.obj                0       2         0      
       int52.asm.obj                0       2         0      
       int54.asm.obj                0       2         0      
       int55.asm.obj                0       2         0      
       int57.asm.obj                0       2         0      
       int58.asm.obj                0       2         0      
       int59.asm.obj                0       2         0      
       int60.asm.obj                0       2         0      
       int61.asm.obj                0       2         0      
       int62.asm.obj                0       2         0      
       startup.c.obj                2       0         0      
    +--+----------------------------+-------+---------+---------+
       Total:                       5594    32        0      
                                                             
       Stack:                       0       0         160    
       Linker Generated:            0       150       0      
    +--+----------------------------+-------+---------+---------+
       Grand Total:                 24230   1776      1250   


LINKER GENERATED COPY TABLES

__TI_cinit_table @ 00004bf8 records: 2, size/record: 8, table size: 16
	.data: load addr=00004b72, load size=00000074 bytes, run addr=000027cc, run size=00000076 bytes, compression=lzss
	.bss: load addr=00004bf2, load size=00000006 bytes, run addr=00002400, run size=000003cc bytes, compression=zero_init


LINKER GENERATED HANDLER TABLE

__TI_handler_table @ 00004be6 records: 3, size/record: 4, table size: 12
	index: 0, handler: __TI_zero_init
	index: 1, handler: __TI_decompress_lzss
	index: 2, handler: __TI_decompress_none


GLOBAL SYMBOLS: SORTED ALPHABETICALLY BY Name 

address   name                                   
-------   ----                                   
00000700  ADC12CTL0                              
00000701  ADC12CTL0_H                            
00000700  ADC12CTL0_L                            
00000702  ADC12CTL1                              
00000703  ADC12CTL1_H                            
00000702  ADC12CTL1_L                            
00000704  ADC12CTL2                              
00000705  ADC12CTL2_H                            
00000704  ADC12CTL2_L                            
0000070c  ADC12IE                                
0000070d  ADC12IE_H                              
0000070c  ADC12IE_L                              
0000070a  ADC12IFG                               
0000070b  ADC12IFG_H                             
0000070a  ADC12IFG_L                             
0000070e  ADC12IV                                
0000070f  ADC12IV_H                              
0000070e  ADC12IV_L                              
00000710  ADC12MCTL0                             
00000711  ADC12MCTL1                             
0000071a  ADC12MCTL10                            
0000071b  ADC12MCTL11                            
0000071c  ADC12MCTL12                            
0000071d  ADC12MCTL13                            
0000071e  ADC12MCTL14                            
0000071f  ADC12MCTL15                            
00000712  ADC12MCTL2                             
00000713  ADC12MCTL3                             
00000714  ADC12MCTL4                             
00000715  ADC12MCTL5                             
00000716  ADC12MCTL6                             
00000717  ADC12MCTL7                             
00000718  ADC12MCTL8                             
00000719  ADC12MCTL9                             
00000720  ADC12MEM0                              
00000721  ADC12MEM0_H                            
00000720  ADC12MEM0_L                            
00000722  ADC12MEM1                              
00000734  ADC12MEM10                             
00000735  ADC12MEM10_H                           
00000734  ADC12MEM10_L                           
00000736  ADC12MEM11                             
00000737  ADC12MEM11_H                           
00000736  ADC12MEM11_L                           
00000738  ADC12MEM12                             
00000739  ADC12MEM12_H                           
00000738  ADC12MEM12_L                           
0000073a  ADC12MEM13                             
0000073b  ADC12MEM13_H                           
0000073a  ADC12MEM13_L                           
0000073c  ADC12MEM14                             
0000073d  ADC12MEM14_H                           
0000073c  ADC12MEM14_L                           
0000073e  ADC12MEM15                             
0000073f  ADC12MEM15_H                           
0000073e  ADC12MEM15_L                           
00000723  ADC12MEM1_H                            
00000722  ADC12MEM1_L                            
00000724  ADC12MEM2                              
00000725  ADC12MEM2_H                            
00000724  ADC12MEM2_L                            
00000726  ADC12MEM3                              
00000727  ADC12MEM3_H                            
00000726  ADC12MEM3_L                            
00000728  ADC12MEM4                              
00000729  ADC12MEM4_H                            
00000728  ADC12MEM4_L                            
0000072a  ADC12MEM5                              
0000072b  ADC12MEM5_H                            
0000072a  ADC12MEM5_L                            
0000072c  ADC12MEM6                              
0000072d  ADC12MEM6_H                            
0000072c  ADC12MEM6_L                            
0000072e  ADC12MEM7                              
0000072f  ADC12MEM7_H                            
0000072e  ADC12MEM7_L                            
00000730  ADC12MEM8                              
00000731  ADC12MEM8_H                            
00000730  ADC12MEM8_L                            
00000732  ADC12MEM9                              
00000733  ADC12MEM9_H                            
00000732  ADC12MEM9_L                            
00015d42  C$$EXIT                                
000008c0  CBCTL0                                 
000008c1  CBCTL0_H                               
000008c0  CBCTL0_L                               
000008c2  CBCTL1                                 
000008c3  CBCTL1_H                               
000008c2  CBCTL1_L                               
000008c4  CBCTL2                                 
000008c5  CBCTL2_H                               
000008c4  CBCTL2_L                               
000008c6  CBCTL3                                 
000008c7  CBCTL3_H                               
000008c6  CBCTL3_L                               
000008cc  CBINT                                  
000008cd  CBINT_H                                
000008cc  CBINT_L                                
000008ce  CBIV                                   
00000150  CRCDI                                  
00000152  CRCDIRB                                
00000153  CRCDIRB_H                              
00000152  CRCDIRB_L                              
00000151  CRCDI_H                                
00000150  CRCDI_L                                
00000154  CRCINIRES                              
00000155  CRCINIRES_H                            
00000154  CRCINIRES_L                            
00000156  CRCRESR                                
00000157  CRCRESR_H                              
00000156  CRCRESR_L                              
00000510  DMA0CTL                                
00000516  DMA0DA                                 
00000518  DMA0DAH                                
00000516  DMA0DAL                                
00000512  DMA0SA                                 
00000514  DMA0SAH                                
00000512  DMA0SAL                                
0000051a  DMA0SZ                                 
00000520  DMA1CTL                                
00000526  DMA1DA                                 
00000528  DMA1DAH                                
00000526  DMA1DAL                                
00000522  DMA1SA                                 
00000524  DMA1SAH                                
00000522  DMA1SAL                                
0000052a  DMA1SZ                                 
00000530  DMA2CTL                                
00000536  DMA2DA                                 
00000538  DMA2DAH                                
00000536  DMA2DAL                                
00000532  DMA2SA                                 
00000534  DMA2SAH                                
00000532  DMA2SAL                                
0000053a  DMA2SZ                                 
00000500  DMACTL0                                
00000502  DMACTL1                                
00000504  DMACTL2                                
00000506  DMACTL3                                
00000508  DMACTL4                                
0000050e  DMAIV                                  
00000140  FCTL1                                  
00000141  FCTL1_H                                
00000140  FCTL1_L                                
00000144  FCTL3                                  
00000145  FCTL3_H                                
00000144  FCTL3_L                                
00000146  FCTL4                                  
00000147  FCTL4_H                                
00000146  FCTL4_L                                
000044fa  ISR_USCI_A0                            
00013eb6  IntToChar                              
000004c4  MAC                                    
000004da  MAC32H                                 
000004db  MAC32H_H                               
000004da  MAC32H_L                               
000004d8  MAC32L                                 
000004d9  MAC32L_H                               
000004d8  MAC32L_L                               
000004c6  MACS                                   
000004de  MACS32H                                
000004df  MACS32H_H                              
000004de  MACS32H_L                              
000004dc  MACS32L                                
000004dd  MACS32L_H                              
000004dc  MACS32L_L                              
000004c7  MACS_H                                 
000004c6  MACS_L                                 
000004c5  MAC_H                                  
000004c4  MAC_L                                  
000004c0  MPY                                    
000004ec  MPY32CTL0                              
000004ed  MPY32CTL0_H                            
000004ec  MPY32CTL0_L                            
000004d2  MPY32H                                 
000004d3  MPY32H_H                               
000004d2  MPY32H_L                               
000004d0  MPY32L                                 
000004d1  MPY32L_H                               
000004d0  MPY32L_L                               
000004c2  MPYS                                   
000004d6  MPYS32H                                
000004d7  MPYS32H_H                              
000004d6  MPYS32H_L                              
000004d4  MPYS32L                                
000004d5  MPYS32L_H                              
000004d4  MPYS32L_L                              
000004c3  MPYS_H                                 
000004c2  MPYS_L                                 
000004c1  MPY_H                                  
000004c0  MPY_L                                  
000004c8  OP2                                    
000004e2  OP2H                                   
000004e3  OP2H_H                                 
000004e2  OP2H_L                                 
000004e0  OP2L                                   
000004e1  OP2L_H                                 
000004e0  OP2L_L                                 
000004c9  OP2_H                                  
000004c8  OP2_L                                  
0000020e  P1IV                                   
0000021e  P2IV                                   
000001e0  P4MAP01                                
000001e1  P4MAP01_H                              
000001e0  P4MAP01_L                              
000001e2  P4MAP23                                
000001e3  P4MAP23_H                              
000001e2  P4MAP23_L                              
000001e4  P4MAP45                                
000001e5  P4MAP45_H                              
000001e4  P4MAP45_L                              
000001e6  P4MAP67                                
000001e7  P4MAP67_H                              
000001e6  P4MAP67_L                              
00000204  PADIR                                  
00000205  PADIR_H                                
00000204  PADIR_L                                
00000208  PADS                                   
00000209  PADS_H                                 
00000208  PADS_L                                 
0000021a  PAIE                                   
00000218  PAIES                                  
00000219  PAIES_H                                
00000218  PAIES_L                                
0000021b  PAIE_H                                 
0000021a  PAIE_L                                 
0000021c  PAIFG                                  
0000021d  PAIFG_H                                
0000021c  PAIFG_L                                
00000200  PAIN                                   
00000201  PAIN_H                                 
00000200  PAIN_L                                 
00000202  PAOUT                                  
00000203  PAOUT_H                                
00000202  PAOUT_L                                
00000206  PAREN                                  
00000207  PAREN_H                                
00000206  PAREN_L                                
0000020a  PASEL                                  
0000020b  PASEL_H                                
0000020a  PASEL_L                                
00000224  PBDIR                                  
00000225  PBDIR_H                                
00000224  PBDIR_L                                
00000228  PBDS                                   
00000229  PBDS_H                                 
00000228  PBDS_L                                 
00000220  PBIN                                   
00000221  PBIN_H                                 
00000220  PBIN_L                                 
00000222  PBOUT                                  
00000223  PBOUT_H                                
00000222  PBOUT_L                                
00000226  PBREN                                  
00000227  PBREN_H                                
00000226  PBREN_L                                
0000022a  PBSEL                                  
0000022b  PBSEL_H                                
0000022a  PBSEL_L                                
00000244  PCDIR                                  
00000245  PCDIR_H                                
00000244  PCDIR_L                                
00000248  PCDS                                   
00000249  PCDS_H                                 
00000248  PCDS_L                                 
00000240  PCIN                                   
00000241  PCIN_H                                 
00000240  PCIN_L                                 
00000242  PCOUT                                  
00000243  PCOUT_H                                
00000242  PCOUT_L                                
00000246  PCREN                                  
00000247  PCREN_H                                
00000246  PCREN_L                                
0000024a  PCSEL                                  
0000024b  PCSEL_H                                
0000024a  PCSEL_L                                
00000264  PDDIR                                  
00000265  PDDIR_H                                
00000264  PDDIR_L                                
00000268  PDDS                                   
00000269  PDDS_H                                 
00000268  PDDS_L                                 
00000260  PDIN                                   
00000261  PDIN_H                                 
00000260  PDIN_L                                 
00000262  PDOUT                                  
00000263  PDOUT_H                                
00000262  PDOUT_L                                
00000266  PDREN                                  
00000267  PDREN_H                                
00000266  PDREN_L                                
0000026a  PDSEL                                  
0000026b  PDSEL_H                                
0000026a  PDSEL_L                                
00000324  PJDIR                                  
00000325  PJDIR_H                                
00000324  PJDIR_L                                
00000328  PJDS                                   
00000329  PJDS_H                                 
00000328  PJDS_L                                 
00000320  PJIN                                   
00000321  PJIN_H                                 
00000320  PJIN_L                                 
00000322  PJOUT                                  
00000323  PJOUT_H                                
00000322  PJOUT_L                                
00000326  PJREN                                  
00000327  PJREN_H                                
00000326  PJREN_L                                
00000130  PM5CTL0                                
00000131  PM5CTL0_H                              
00000130  PM5CTL0_L                              
000001c2  PMAPCTL                                
000001c3  PMAPCTL_H                              
000001c2  PMAPCTL_L                              
000001c0  PMAPKEYID                              
000001c1  PMAPKEYID_H                            
000001c0  PMAPKEYID_L                            
00000120  PMMCTL0                                
00000121  PMMCTL0_H                              
00000120  PMMCTL0_L                              
00000122  PMMCTL1                                
00000123  PMMCTL1_H                              
00000122  PMMCTL1_L                              
0000012c  PMMIFG                                 
0000012d  PMMIFG_H                               
0000012c  PMMIFG_L                               
0000012e  PMMRIE                                 
0000012f  PMMRIE_H                               
0000012e  PMMRIE_L                               
00000158  RCCTL0                                 
00000159  RCCTL0_H                               
00000158  RCCTL0_L                               
000001b0  REFCTL0                                
000001b1  REFCTL0_H                              
000001b0  REFCTL0_L                              
000004e4  RES0                                   
000004e5  RES0_H                                 
000004e4  RES0_L                                 
000004e6  RES1                                   
000004e7  RES1_H                                 
000004e6  RES1_L                                 
000004e8  RES2                                   
000004e9  RES2_H                                 
000004e8  RES2_L                                 
000004ea  RES3                                   
000004eb  RES3_H                                 
000004ea  RES3_L                                 
000004cc  RESHI                                  
000004cd  RESHI_H                                
000004cc  RESHI_L                                
000004ca  RESLO                                  
000004cb  RESLO_H                                
000004ca  RESLO_L                                
000004ba  RTCADOWDAY                             
000004bb  RTCADOWDAY_H                           
000004ba  RTCADOWDAY_L                           
000004b8  RTCAMINHR                              
000004b9  RTCAMINHR_H                            
000004b8  RTCAMINHR_L                            
000004a0  RTCCTL01                               
000004a1  RTCCTL01_H                             
000004a0  RTCCTL01_L                             
000004a2  RTCCTL23                               
000004a3  RTCCTL23_H                             
000004a2  RTCCTL23_L                             
000004b4  RTCDATE                                
000004b5  RTCDATE_H                              
000004b4  RTCDATE_L                              
000004ae  RTCIV                                  
000004ac  RTCPS                                  
000004a8  RTCPS0CTL                              
000004a9  RTCPS0CTL_H                            
000004a8  RTCPS0CTL_L                            
000004aa  RTCPS1CTL                              
000004ab  RTCPS1CTL_H                            
000004aa  RTCPS1CTL_L                            
000004ad  RTCPS_H                                
000004ac  RTCPS_L                                
000004b0  RTCTIM0                                
000004b1  RTCTIM0_H                              
000004b0  RTCTIM0_L                              
000004b2  RTCTIM1                                
000004b3  RTCTIM1_H                              
000004b2  RTCTIM1_L                              
000004b6  RTCYEAR                                
000004b7  RTCYEAR_H                              
000004b6  RTCYEAR_L                              
00000100  SFRIE1                                 
00000101  SFRIE1_H                               
00000100  SFRIE1_L                               
00000102  SFRIFG1                                
00000103  SFRIFG1_H                              
00000102  SFRIFG1_L                              
00000104  SFRRPCR                                
00000105  SFRRPCR_H                              
00000104  SFRRPCR_L                              
000004ce  SUMEXT                                 
000004cf  SUMEXT_H                               
000004ce  SUMEXT_L                               
00000124  SVSMHCTL                               
00000125  SVSMHCTL_H                             
00000124  SVSMHCTL_L                             
00000128  SVSMIO                                 
00000129  SVSMIO_H                               
00000128  SVSMIO_L                               
00000126  SVSMLCTL                               
00000127  SVSMLCTL_H                             
00000126  SVSMLCTL_L                             
00000198  SYSBERRIV                              
00000199  SYSBERRIV_H                            
00000198  SYSBERRIV_L                            
00000182  SYSBSLC                                
00000183  SYSBSLC_H                              
00000182  SYSBSLC_L                              
00000180  SYSCTL                                 
00000181  SYSCTL_H                               
00000180  SYSCTL_L                               
00000186  SYSJMBC                                
00000187  SYSJMBC_H                              
00000186  SYSJMBC_L                              
00000188  SYSJMBI0                               
00000189  SYSJMBI0_H                             
00000188  SYSJMBI0_L                             
0000018a  SYSJMBI1                               
0000018b  SYSJMBI1_H                             
0000018a  SYSJMBI1_L                             
0000018c  SYSJMBO0                               
0000018d  SYSJMBO0_H                             
0000018c  SYSJMBO0_L                             
0000018e  SYSJMBO1                               
0000018f  SYSJMBO1_H                             
0000018e  SYSJMBO1_L                             
0000019e  SYSRSTIV                               
0000019f  SYSRSTIV_H                             
0000019e  SYSRSTIV_L                             
0000019c  SYSSNIV                                
0000019d  SYSSNIV_H                              
0000019c  SYSSNIV_L                              
0000019a  SYSUNIV                                
0000019b  SYSUNIV_H                              
0000019a  SYSUNIV_L                              
00000352  TA0CCR0                                
00000354  TA0CCR1                                
00000356  TA0CCR2                                
00000358  TA0CCR3                                
0000035a  TA0CCR4                                
00000342  TA0CCTL0                               
00000344  TA0CCTL1                               
00000346  TA0CCTL2                               
00000348  TA0CCTL3                               
0000034a  TA0CCTL4                               
00000340  TA0CTL                                 
00000360  TA0EX0                                 
0000036e  TA0IV                                  
00000350  TA0R                                   
00000392  TA1CCR0                                
00000394  TA1CCR1                                
00000396  TA1CCR2                                
00000382  TA1CCTL0                               
00000384  TA1CCTL1                               
00000386  TA1CCTL2                               
00000380  TA1CTL                                 
000003a0  TA1EX0                                 
000003ae  TA1IV                                  
00000390  TA1R                                   
00000412  TA2CCR0                                
00000414  TA2CCR1                                
00000416  TA2CCR2                                
00000402  TA2CCTL0                               
00000404  TA2CCTL1                               
00000406  TA2CCTL2                               
00000400  TA2CTL                                 
00000420  TA2EX0                                 
0000042e  TA2IV                                  
00000410  TA2R                                   
000003d2  TB0CCR0                                
000003d4  TB0CCR1                                
000003d6  TB0CCR2                                
000003d8  TB0CCR3                                
000003da  TB0CCR4                                
000003dc  TB0CCR5                                
000003de  TB0CCR6                                
000003c2  TB0CCTL0                               
000003c4  TB0CCTL1                               
000003c6  TB0CCTL2                               
000003c8  TB0CCTL3                               
000003ca  TB0CCTL4                               
000003cc  TB0CCTL5                               
000003ce  TB0CCTL6                               
000003c0  TB0CTL                                 
000003e0  TB0EX0                                 
000003ee  TB0IV                                  
000003d0  TB0R                                   
000005d0  UCA0ABCTL                              
000005c6  UCA0BRW                                
000005c7  UCA0BRW_H                              
000005c6  UCA0BRW_L                              
000005c0  UCA0CTLW0                              
000005c1  UCA0CTLW0_H                            
000005c0  UCA0CTLW0_L                            
000005dc  UCA0ICTL                               
000005dd  UCA0ICTL_H                             
000005dc  UCA0ICTL_L                             
000005d2  UCA0IRCTL                              
000005d3  UCA0IRCTL_H                            
000005d2  UCA0IRCTL_L                            
000005de  UCA0IV                                 
000005c8  UCA0MCTL                               
000005cc  UCA0RXBUF                              
000005ca  UCA0STAT                               
000005ce  UCA0TXBUF                              
00000610  UCA1ABCTL                              
00000606  UCA1BRW                                
00000607  UCA1BRW_H                              
00000606  UCA1BRW_L                              
00000600  UCA1CTLW0                              
00000601  UCA1CTLW0_H                            
00000600  UCA1CTLW0_L                            
0000061c  UCA1ICTL                               
0000061d  UCA1ICTL_H                             
0000061c  UCA1ICTL_L                             
00000612  UCA1IRCTL                              
00000613  UCA1IRCTL_H                            
00000612  UCA1IRCTL_L                            
0000061e  UCA1IV                                 
00000608  UCA1MCTL                               
0000060c  UCA1RXBUF                              
0000060a  UCA1STAT                               
0000060e  UCA1TXBUF                              
000005e6  UCB0BRW                                
000005e7  UCB0BRW_H                              
000005e6  UCB0BRW_L                              
000005e0  UCB0CTLW0                              
000005e1  UCB0CTLW0_H                            
000005e0  UCB0CTLW0_L                            
000005f0  UCB0I2COA                              
000005f1  UCB0I2COA_H                            
000005f0  UCB0I2COA_L                            
000005f2  UCB0I2CSA                              
000005f3  UCB0I2CSA_H                            
000005f2  UCB0I2CSA_L                            
000005fc  UCB0ICTL                               
000005fd  UCB0ICTL_H                             
000005fc  UCB0ICTL_L                             
000005fe  UCB0IV                                 
000005ec  UCB0RXBUF                              
000005ea  UCB0STAT                               
000005ee  UCB0TXBUF                              
00000626  UCB1BRW                                
00000627  UCB1BRW_H                              
00000626  UCB1BRW_L                              
00000620  UCB1CTLW0                              
00000621  UCB1CTLW0_H                            
00000620  UCB1CTLW0_L                            
00000630  UCB1I2COA                              
00000631  UCB1I2COA_H                            
00000630  UCB1I2COA_L                            
00000632  UCB1I2CSA                              
00000633  UCB1I2CSA_H                            
00000632  UCB1I2CSA_L                            
0000063c  UCB1ICTL                               
0000063d  UCB1ICTL_H                             
0000063c  UCB1ICTL_L                             
0000063e  UCB1IV                                 
0000062c  UCB1RXBUF                              
0000062a  UCB1STAT                               
0000062e  UCB1TXBUF                              
00000160  UCSCTL0                                
00000161  UCSCTL0_H                              
00000160  UCSCTL0_L                              
00000162  UCSCTL1                                
00000163  UCSCTL1_H                              
00000162  UCSCTL1_L                              
00000164  UCSCTL2                                
00000165  UCSCTL2_H                              
00000164  UCSCTL2_L                              
00000166  UCSCTL3                                
00000167  UCSCTL3_H                              
00000166  UCSCTL3_L                              
00000168  UCSCTL4                                
00000169  UCSCTL4_H                              
00000168  UCSCTL4_L                              
0000016a  UCSCTL5                                
0000016b  UCSCTL5_H                              
0000016a  UCSCTL5_L                              
0000016c  UCSCTL6                                
0000016d  UCSCTL6_H                              
0000016c  UCSCTL6_L                              
0000016e  UCSCTL7                                
0000016f  UCSCTL7_H                              
0000016e  UCSCTL7_L                              
00000170  UCSCTL8                                
00000171  UCSCTL8_H                              
00000170  UCSCTL8_L                              
00000902  USBCNF                                 
00000903  USBCNF_H                               
00000902  USBCNF_L                               
0000093c  USBCTL                                 
0000093a  USBFN                                  
0000093b  USBFN_H                                
0000093a  USBFN_L                                
0000093f  USBFUNADR                              
0000093d  USBIE                                  
00002378  USBIEP0BUF                             
000023c9  USBIEPBBAX_1                           
000023d1  USBIEPBBAX_2                           
000023d9  USBIEPBBAX_3                           
000023e1  USBIEPBBAX_4                           
000023e9  USBIEPBBAX_5                           
000023f1  USBIEPBBAX_6                           
000023f9  USBIEPBBAX_7                           
000023cd  USBIEPBBAY_1                           
000023d5  USBIEPBBAY_2                           
000023dd  USBIEPBBAY_3                           
000023e5  USBIEPBBAY_4                           
000023ed  USBIEPBBAY_5                           
000023f5  USBIEPBBAY_6                           
000023fd  USBIEPBBAY_7                           
000023ca  USBIEPBCTX_1                           
000023d2  USBIEPBCTX_2                           
000023da  USBIEPBCTX_3                           
000023e2  USBIEPBCTX_4                           
000023ea  USBIEPBCTX_5                           
000023f2  USBIEPBCTX_6                           
000023fa  USBIEPBCTX_7                           
000023ce  USBIEPBCTY_1                           
000023d6  USBIEPBCTY_2                           
000023de  USBIEPBCTY_3                           
000023e6  USBIEPBCTY_4                           
000023ee  USBIEPBCTY_5                           
000023f6  USBIEPBCTY_6                           
000023fe  USBIEPBCTY_7                           
00000920  USBIEPCNF_0                            
000023c8  USBIEPCNF_1                            
000023d0  USBIEPCNF_2                            
000023d8  USBIEPCNF_3                            
000023e0  USBIEPCNF_4                            
000023e8  USBIEPCNF_5                            
000023f0  USBIEPCNF_6                            
000023f8  USBIEPCNF_7                            
00000921  USBIEPCNT_0                            
0000092e  USBIEPIE                               
00000930  USBIEPIFG                              
000023cf  USBIEPSIZXY_1                          
000023d7  USBIEPSIZXY_2                          
000023df  USBIEPSIZXY_3                          
000023e7  USBIEPSIZXY_4                          
000023ef  USBIEPSIZXY_5                          
000023f7  USBIEPSIZXY_6                          
000023ff  USBIEPSIZXY_7                          
0000093e  USBIFG                                 
00000900  USBKEYID                               
00000901  USBKEYID_H                             
00000900  USBKEYID_L                             
00000936  USBMAINT                               
00000937  USBMAINT_H                             
00000936  USBMAINT_L                             
00002370  USBOEP0BUF                             
00002389  USBOEPBBAX_1                           
00002391  USBOEPBBAX_2                           
00002399  USBOEPBBAX_3                           
000023a1  USBOEPBBAX_4                           
000023a9  USBOEPBBAX_5                           
000023b1  USBOEPBBAX_6                           
000023b9  USBOEPBBAX_7                           
0000238d  USBOEPBBAY_1                           
00002395  USBOEPBBAY_2                           
0000239d  USBOEPBBAY_3                           
000023a5  USBOEPBBAY_4                           
000023ad  USBOEPBBAY_5                           
000023b5  USBOEPBBAY_6                           
000023bd  USBOEPBBAY_7                           
0000238a  USBOEPBCTX_1                           
00002392  USBOEPBCTX_2                           
0000239a  USBOEPBCTX_3                           
000023a2  USBOEPBCTX_4                           
000023aa  USBOEPBCTX_5                           
000023b2  USBOEPBCTX_6                           
000023ba  USBOEPBCTX_7                           
0000238e  USBOEPBCTY_1                           
00002396  USBOEPBCTY_2                           
0000239e  USBOEPBCTY_3                           
000023a6  USBOEPBCTY_4                           
000023ae  USBOEPBCTY_5                           
000023b6  USBOEPBCTY_6                           
000023be  USBOEPBCTY_7                           
00000922  USBOEPCNF_0                            
00002388  USBOEPCNF_1                            
00002390  USBOEPCNF_2                            
00002398  USBOEPCNF_3                            
000023a0  USBOEPCNF_4                            
000023a8  USBOEPCNF_5                            
000023b0  USBOEPCNF_6                            
000023b8  USBOEPCNF_7                            
00000923  USBOEPCNT_0                            
0000092f  USBOEPIE                               
00000931  USBOEPIFG                              
0000238f  USBOEPSIZXY_1                          
00002397  USBOEPSIZXY_2                          
0000239f  USBOEPSIZXY_3                          
000023a7  USBOEPSIZXY_4                          
000023af  USBOEPSIZXY_5                          
000023b7  USBOEPSIZXY_6                          
000023bf  USBOEPSIZXY_7                          
00000904  USBPHYCTL                              
00000905  USBPHYCTL_H                            
00000904  USBPHYCTL_L                            
00000910  USBPLLCTL                              
00000911  USBPLLCTL_H                            
00000910  USBPLLCTL_L                            
00000912  USBPLLDIVB                             
00000913  USBPLLDIVB_H                           
00000912  USBPLLDIVB_L                           
00000914  USBPLLIR                               
00000915  USBPLLIR_H                             
00000914  USBPLLIR_L                             
00000908  USBPWRCTL                              
00000909  USBPWRCTL_H                            
00000908  USBPWRCTL_L                            
00001c00  USBSTABUFF                             
00002380  USBSUBLK                               
0000236f  USBTOPBUFF                             
00000938  USBTSREG                               
00000939  USBTSREG_H                             
00000938  USBTSREG_L                             
00000932  USBVECINT                              
00000933  USBVECINT_H                            
00000932  USBVECINT_L                            
0000015c  WDTCTL                                 
0000015d  WDTCTL_H                               
0000015c  WDTCTL_L                               
00004400  __STACK_END                            
000000a0  __STACK_SIZE                           
00004bf8  __TI_CINIT_Base                        
00004c08  __TI_CINIT_Limit                       
00004c08  __TI_CINIT_Warm                        
00004be6  __TI_Handler_Table_Base                
00004bf2  __TI_Handler_Table_Limit               
0000453e  __TI_ISR_TRAP                          
00014e1c  __TI_auto_init_nobinit_nopinit_hold_wdt
000144ca  __TI_decompress_lzss                   
00015bd6  __TI_decompress_none                   
0001072a  __TI_frcdivd                           
0000ffd2  __TI_int41                             
0000ffd4  __TI_int42                             
0000ffd6  __TI_int43                             
0000ffd8  __TI_int44                             
0000ffda  __TI_int45                             
0000ffdc  __TI_int46                             
0000ffde  __TI_int47                             
0000ffe0  __TI_int48                             
0000ffe2  __TI_int49                             
0000ffe4  __TI_int50                             
0000ffe6  __TI_int51                             
0000ffe8  __TI_int52                             
0000ffea  __TI_int53                             
0000ffec  __TI_int54                             
0000ffee  __TI_int55                             
0000fff0  __TI_int56                             
0000fff2  __TI_int57                             
0000fff4  __TI_int58                             
0000fff6  __TI_int59                             
0000fff8  __TI_int60                             
0000fffa  __TI_int61                             
0000fffc  __TI_int62                             
ffffffff  __TI_pprof_out_hndl                    
ffffffff  __TI_prof_data_size                    
ffffffff  __TI_prof_data_start                   
000158bc  __TI_zero_init_nomemset                
ffffffff  __c_args__                             
00010000  __mspabi_addd                          
0001292c  __mspabi_addf                          
00014fa8  __mspabi_cmpf                          
00013ad4  __mspabi_cvtdf                         
00014a66  __mspabi_cvtfd                         
00011c6e  __mspabi_divd                          
00014244  __mspabi_divf                          
000156f6  __mspabi_divi                          
00015aee  __mspabi_divu                          
000148ca  __mspabi_fixfi                         
00015cbc  __mspabi_fltid                         
00015508  __mspabi_fltif                         
00013d7a  __mspabi_fltlid                        
00013968  __mspabi_mpyf                          
00015a90  __mspabi_mpyi_f5hw                     
0001594c  __mspabi_mpyl_f5hw                     
00015cfe  __mspabi_negf                          
000156f6  __mspabi_remi                          
00015aee  __mspabi_remu                          
0001524c  __mspabi_slll_1                        
00015228  __mspabi_slll_10                       
00015224  __mspabi_slll_11                       
00015220  __mspabi_slll_12                       
0001521c  __mspabi_slll_13                       
00015218  __mspabi_slll_14                       
00015214  __mspabi_slll_15                       
00015248  __mspabi_slll_2                        
00015244  __mspabi_slll_3                        
00015240  __mspabi_slll_4                        
0001523c  __mspabi_slll_5                        
00015238  __mspabi_slll_6                        
00015234  __mspabi_slll_7                        
00015230  __mspabi_slll_8                        
0001522c  __mspabi_slll_9                        
00015382  __mspabi_sllll                         
0001520e  __mspabi_sral_1                        
000151ea  __mspabi_sral_10                       
000151e6  __mspabi_sral_11                       
000151e2  __mspabi_sral_12                       
000151de  __mspabi_sral_13                       
000151da  __mspabi_sral_14                       
000151d6  __mspabi_sral_15                       
0001520a  __mspabi_sral_2                        
00015206  __mspabi_sral_3                        
00015202  __mspabi_sral_4                        
000151fe  __mspabi_sral_5                        
000151fa  __mspabi_sral_6                        
000151f6  __mspabi_sral_7                        
000151f2  __mspabi_sral_8                        
000151ee  __mspabi_sral_9                        
00015156  __mspabi_srall                         
0001528a  __mspabi_srll_1                        
00015266  __mspabi_srll_10                       
00015262  __mspabi_srll_11                       
0001525e  __mspabi_srll_12                       
0001525a  __mspabi_srll_13                       
00015256  __mspabi_srll_14                       
00015252  __mspabi_srll_15                       
00015286  __mspabi_srll_2                        
00015282  __mspabi_srll_3                        
0001527e  __mspabi_srll_4                        
0001527a  __mspabi_srll_5                        
00015276  __mspabi_srll_6                        
00015272  __mspabi_srll_7                        
0001526e  __mspabi_srll_8                        
0001526a  __mspabi_srll_9                        
00012926  __mspabi_subf                          
000044de  _c_int00_noargs                        
[...]
000023ed  USBIEPBBAY_5                           
000023ee  USBIEPBCTY_5                           
000023ef  USBIEPSIZXY_5                          
000023f0  USBIEPCNF_6                            
000023f1  USBIEPBBAX_6                           
000023f2  USBIEPBCTX_6                           
000023f5  USBIEPBBAY_6                           
000023f6  USBIEPBCTY_6                           
000023f7  USBIEPSIZXY_6                          
000023f8  USBIEPCNF_7                            
000023f9  USBIEPBBAX_7                           
000023fa  USBIEPBCTX_7                           
000023fd  USBIEPBBAY_7                           
000023fe  USBIEPBCTY_7                           
000023ff  USBIEPSIZXY_7                          
00002400  lcd_buf                                
0000248a  gprs_fila                              
0000250a  gps_fila                               
0000258a  seri_fila                              
0000260a  gps_gprmc                              
00002664  toda_msg                               
000026aa  gps_msg                                
000026c0  rtc_msg                                
000026d2  rtc_ultima_data_hora_1_hora            
000026e4  rtc_ultima_data_hora_1_min             
000026f6  vetor                                  
00002704  atual_vetor_data_hora                  
00002710  gps_hora                               
0000271c  gps_lat                                
00002728  gps_long                               
00002734  ultimo_vetor_data_hora                 
00002740  gps_data                               
00002748  rtc_vetor                              
00002750  lat                                    
00002754  lataux                                 
00002758  longt                                  
0000275c  longtaux                               
00002760  maiorlatitude                          
00002764  maiorlongitude                         
00002768  menorlatitude                          
0000276c  menorlongitude                         
00002770  vol_lat                                
00002774  vol_long                               
00002778  wr_address_mem                         
0000277c  amaiorx                                
0000277e  amaiory                                
00002780  amaiorz                                
00002782  amenorx                                
00002784  amenory                                
00002786  amenorz                                
00002788  ax                                     
0000278a  ay                                     
0000278c  az                                     
0000278e  crono_cont                             
00002790  gprs_pin                               
00002792  gprs_pout                              
00002794  gps_estado                             
00002796  gps_pin                                
00002798  gps_pout                               
0000279a  gx                                     
0000279c  gy                                     
0000279e  gz                                     
000027a0  maiorgx                                
000027a2  maiorgy                                
000027a4  maiorgz                                
000027a6  menorgx                                
000027a8  menorgy                                
000027aa  menorgz                                
000027ac  seri_pin                               
000027ae  seri_pout                              
000027b0  tp                                     
000027b2  cont_c_seg                             
000027b3  cont_d_seg                             
000027b4  cont_min                               
000027b5  cont_seg                               
000027b6  flag_c_seg                             
000027b7  flag_d_seg                             
000027b8  flag_seg                               
000027b9  gps_dado                               
000027ba  gps_ew                                 
000027bb  gps_ew2                                
000027bc  gps_gprmc_novo                         
000027bd  gps_ns                                 
000027be  gps_sat                                
000027bf  gps_tranca                             
000027c0  i2c_tranca                             
000027c1  lcd_adr                                
000027c2  lcd_flag                               
000027c3  lcd_tem                                
000027c4  modo                                   
000027c5  mpu_tem                                
000027c6  sw1                                    
000027c7  sw1_cont                               
000027c8  sw1_estado                             
000027c9  sw2                                    
000027ca  sw2_cont                               
000027cb  sw2_estado                             
000027cc  gps_gprmc_ok                           
00002810  gps_st                                 
00002811  numero_telefone                        
00002815  serialMSG                              
00002816  estado                                 
00002818  maiorx                                 
0000281a  menorx                                 
0000281c  maiory                                 
0000281e  menory                                 
00002820  maiorz                                 
00002822  menorz                                 
00002824  roubado                                
00002826  alerta                                 
00002828  receiveiterator                        
0000282a  state_cod                              
0000282c  receivestring                          
00004360  _stack                                 
00004400  __STACK_END                            
00004400  isr_ta2_0                              
00004470  isr_ta0ccr0                            
000044ba  isr_p1                                 
000044de  _c_int00_noargs                        
000044fa  ISR_USCI_A0                            
0000450c  isr_dma                                
0000451e  usci_a1_int                            
00004530  isr_ta1ifg                             
0000453e  __TI_ISR_TRAP                          
00004be6  __TI_Handler_Table_Base                
00004bf2  __TI_Handler_Table_Limit               
00004bf8  __TI_CINIT_Base                        
00004c08  __TI_CINIT_Limit                       
00004c08  __TI_CINIT_Warm                        
0000ffd2  __TI_int41                             
0000ffd4  __TI_int42                             
0000ffd6  __TI_int43                             
0000ffd8  __TI_int44                             
0000ffda  __TI_int45                             
0000ffdc  __TI_int46                             
0000ffde  __TI_int47                             
0000ffe0  __TI_int48                             
0000ffe2  __TI_int49                             
0000ffe4  __TI_int50                             
0000ffe6  __TI_int51                             
0000ffe8  __TI_int52                             
0000ffea  __TI_int53                             
0000ffec  __TI_int54                             
0000ffee  __TI_int55                             
0000fff0  __TI_int56                             
0000fff2  __TI_int57                             
0000fff4  __TI_int58                             
0000fff6  __TI_int59                             
0000fff8  __TI_int60                             
0000fffa  __TI_int61                             
0000fffc  __TI_int62                             
0000fffe  _reset_vector                          
00010000  __mspabi_addd                          
0001072a  __TI_frcdivd                           
00010b92  calculo_GPRMC                          
00010fc0  separa_algarismos_gps_f                
0001133c  todos_dados                            
000115bc  modo_wq                                
00011814  main                                   
00011a44  int_latitude_longitude                 
00011c6e  __mspabi_divd                          
00011e8a  modo_1                                 
00012084  modo_26                                
0001222e  coloca_hora_dezena                     
000123b4  coloca_min_dezena                      
0001253a  modo_rtc                               
0001269a  modo_mpu                               
000127f0  gps_gprmc_extrai                       
00012926  __mspabi_subf                          
0001292c  __mspabi_addf                          
00012a58  passou_1_hora                          
00012b72  passou_1_min                           
00012c8c  passou_3_hora                          
00012da6  ser1_config                            
00012ea2  modo_sw                                
00012f94  ser0_config                            
0001307c  gps_busca_gprmc                        
00013162  gps_furto                              
00013244  modo_leds                              
00013324  modo_gprmc                             
000133fe  str_2_num                              
000134d6  acel_furto                             
000135a2  giro_furto                             
0001366e  mpu_values                             
0001373a  seri_cmdo                              
000137f6  msg_handler                            
000138b0  lcd_inic                               
00013968  __mspabi_mpyf                          
00013a20  modo_19                                
00013ad4  __mspabi_cvtdf                         
00013b86  lcd_dma_config                         
00013c34  salvar_memoria                         
00013cd8  repouso_values_mpu                     
00013d7a  __mspabi_fltlid                        
00013e18  alerta2                                
00013eb6  IntToChar                              
00013f50  lcdb_str                               
00013fe8  mpu_rd_vet                             
00014080  rtc_rd_vet                             
00014118  modo_9                                 
000141ae  sw_monitorar                           
00014244  __mspabi_divf                          
000142d4  ser1_linha                             
0001435c  alerta1                                
000143d6  str_dec16                              
00014450  suspeito                               
000144ca  __TI_decompress_lzss                   
00014540  gps_dump                               
000145b6  rtc_wr_vet                             
0001462c  seri_dump                              
000146a2  str_data_hora                          
00014714  wq_rd_blk                              
00014786  lcdb_apaga                             
000147f4  gprs_send_msg                          
00014860  lcdb_char                              
000148ca  __mspabi_fixfi                         
00014932  wq_wr_blk                              
0001499a  mpu_wr                                 
00014a00  str_rmvz_u                             
00014a66  __mspabi_cvtfd                         
00014aca  i2c_config                             
00014b2e  modo_20                                
00014b92  str_dec8u                              
00014bf6  mpu_8bits                              
00014c56  gpio_config                            
00014cb4  set_values_gps                         
00014d12  modo_lcd                               
00014d6c  mpu_config                             
00014dc6  vigilia                                
00014e1c  __TI_auto_init_nobinit_nopinit_hold_wdt
00014e70  gprs_config_receive                    
00014ec2  wq_erase_4k                            
00014f12  clk_20mhz                              
00014f5e  modo_gps                               
00014fa8  __mspabi_cmpf                          
00014ff2  str_hex32                              
0001503c  lcd_aux                                
00015084  lcd_delay                              
000150cc  str_hex8                               
00015112  str_hex16                              
00015156  __mspabi_srall                         
00015196  seri_cmdo_x                            
000151d6  __mspabi_sral_15                       
000151da  __mspabi_sral_14                       
000151de  __mspabi_sral_13                       
000151e2  __mspabi_sral_12                       
000151e6  __mspabi_sral_11                       
000151ea  __mspabi_sral_10                       
000151ee  __mspabi_sral_9                        
000151f2  __mspabi_sral_8                        
000151f6  __mspabi_sral_7                        
000151fa  __mspabi_sral_6                        
000151fe  __mspabi_sral_5                        
00015202  __mspabi_sral_4                        
00015206  __mspabi_sral_3                        
0001520a  __mspabi_sral_2                        
0001520e  __mspabi_sral_1                        
00015214  __mspabi_slll_15                       
00015218  __mspabi_slll_14                       
0001521c  __mspabi_slll_13                       
00015220  __mspabi_slll_12                       
00015224  __mspabi_slll_11                       
00015228  __mspabi_slll_10                       
0001522c  __mspabi_slll_9                        
00015230  __mspabi_slll_8                        
00015234  __mspabi_slll_7                        
00015238  __mspabi_slll_6                        
0001523c  __mspabi_slll_5                        
00015240  __mspabi_slll_4                        
00015244  __mspabi_slll_3                        
00015248  __mspabi_slll_2                        
0001524c  __mspabi_slll_1                        
00015252  __mspabi_srll_15                       
00015256  __mspabi_srll_14                       
0001525a  __mspabi_srll_13                       
0001525e  __mspabi_srll_12                       
00015262  __mspabi_srll_11                       
00015266  __mspabi_srll_10                       
0001526a  __mspabi_srll_9                        
0001526e  __mspabi_srll_8                        
00015272  __mspabi_srll_7                        
00015276  __mspabi_srll_6                        
0001527a  __mspabi_srll_5                        
0001527e  __mspabi_srll_4                        
00015282  __mspabi_srll_3                        
00015286  __mspabi_srll_2                        
0001528a  __mspabi_srll_1                        
00015290  rec_msg                                
000152ce  i2c_trancar                            
0001530a  loopserial                             
00015346  save_data                              
00015382  __mspabi_sllll                         
000153bc  w25_manuf_dev_id                       
000153f6  lcd_presente                           
0001542e  str_cmp                                
00015466  atualiza_data_hora                     
0001549c  gprs_tira                              
000154d2  gps_tira                               
00015508  __mspabi_fltif                         
0001553e  seri_tira                              
00015574  copia_ate_virgula                      
000155a8  str_maiusc                             
000155dc  gprs_poe                               
0001560c  gps_config                             
0001563c  gps_poe                                
0001566c  seri_poe                               
0001569c  seri_xereta                            
000156ca  dormente                               
000156f6  __mspabi_divi                          
000156f6  __mspabi_remi                          
00015722  spi_config                             
0001574e  checkreceive                           
00015778  i2c_teste_adr                          
000157a2  seri_vazia                             
000157cc  gprs_send_cmd                          
000157f4  gprs_str                               
0001581c  lcdb_data                              
00015844  lcdb_hora                              
0001586c  ser1_str                               
00015894  seri_come_crlf                         
000158bc  __TI_zero_init_nomemset                
000158e0  eh_hexa                                
00015904  lcd_atualiza                           
00015928  lcdb_hex16                             
0001594c  __mspabi_mpyl_f5hw                     
00015970  delay_10ms                             
00015990  str_bcd8                               
000159b0  ser1_crlf                              
000159ce  gprs_cheia                             
000159ea  gps_cheia                              
00015a06  rtc_estado                             
00015a22  ser1_dec8unz                           
00015a3e  seri_cheia                             
00015a5a  wq_ocupado                             
00015a76  spi_transf                             
00015a90  __mspabi_mpyi_f5hw                     
00015aa8  wq_sr1_rd                              
00015ac0  wq_sr2_rd                              
00015ad8  modo_ser1                              
00015aee  __mspabi_divu                          
00015aee  __mspabi_remu                          
00015b04  ser1_data_hora                         
00015b1a  ser1_dec16                             
00015b30  ser1_dec8u                             
00015b46  ser1_hex32                             
00015b5c  ser1_hex8                              
00015b72  ser1_spc                               
00015b88  eh_dec                                 
00015b9c  memcpy                                 
00015bb0  ta2_config                             
00015bc4  asc_nib                                
00015bd6  __TI_decompress_none                   
00015be8  gps_estado_modo                        
00015bfa  modo_99                                
00015c0c  wq_WEL                                 
00015c1e  crono_inic                             
00015c2e  wq_wel                                 
00015c3e  modo_0                                 
00015c4c  modo_18                                
00015c5a  modo_2                                 
00015c68  modo_3                                 
00015c76  modo_4                                 
00015c84  modo_5                                 
00015c92  modo_6                                 
00015ca0  modo_7                                 
00015cae  modo_8                                 
00015cbc  __mspabi_fltid                         
00015cc8  gprs_char                              
00015cd4  ser1_char                              
00015ce0  abs                                    
00015cea  crono_zera                             
00015cf4  gprs_config                            
00015cfe  __mspabi_negf                          
00015d08  seri_config                            
00015d12  charToInt                              
00015d1a  led_VD                                 
00015d22  led_Vd                                 
00015d2a  led_vd                                 
00015d32  wq_CS                                  
00015d3a  wq_cs                                  
00015d42  C$$EXIT                                
00015d42  abort                                  
00015d48  led_VM                                 
00015d4e  led_Vm                                 
00015d54  led_vm                                 
00015d5a  _system_pre_init                       
00015d5e  _system_post_cinit                     
ffffffff  __TI_pprof_out_hndl                    
ffffffff  __TI_prof_data_size                    
ffffffff  __TI_prof_data_start                   
ffffffff  __c_args__                             

[1107 symbols]
